181.229.27.51 - - [09/Sep/2021:14:54:46 +0000] "GET /event HTTP/1.1" 404 134 "-" "User-Agent: Mozilla/2.0 (compatible; MSIE 3.02; Update a; Windows NT)"
133.108.139.226 - - [09/Sep/2021:14:54:46 +0000] "GET /events HTTP/1.1" 404 134 "-" "User-Agent: Mozilla/4.0 (compatible; MSIE 7.0; Windows NT 5.1; (R1 1.6))"
209.21.218.113 - - [09/Sep/2021:14:54:46 +0000] "GET /evil HTTP/1.1" 404 134 "-" "User-Agent: Mozilla/5.0 (Windows; U; WinNT4.0; en-US; rv:0.9.2) Gecko/20010726 Netscape6/6.1"
130.113.110.23 - - [09/Sep/2021:14:54:46 +0000] "GET /evt HTTP/1.1" 404 134 "-" "User-Agent: Mozilla/5.0 (SymbianOS/9.2; U; Series60/3.1 NokiaE90-1/210.34.75 Profile/MIDP-2.0 Configuration/CLDC-1.1 ) AppleWebKit/413 (KHTML, like Gecko) Safari/413"
190.133.162.187 - - [09/Sep/2021:14:54:46 +0000] "GET /ewebeditor HTTP/1.1" 404 134 "-" "User-Agent: Mozilla/5.0 (Windows; U; Windows NT 5.1; en-GB; rv:1.9.0.4) Gecko/2008102920 Firefox/3.0.4"
186.234.217.13 - - [09/Sep/2021:14:54:46 +0000] "GET /ews HTTP/1.1" 404 134 "-" "User-Agent: Mozilla/5.0 (Windows; U; Windows NT 5.1; en-US) AppleWebKit/525.27.1 (KHTML, like Gecko) Version/3.2.1 Safari/525.27.1"
58.112.203.144 - - [09/Sep/2021:14:54:46 +0000] "GET /ex HTTP/1.1" 404 134 "-" "User-Agent: Mozilla/5.0 (Windows; U; Windows NT 5.1; en-US; rv:1.8.1.19) Gecko/20081204 SeaMonkey/1.1.14"
159.28.175.103 - - [09/Sep/2021:14:54:46 +0000] "GET /example HTTP/1.1" 404 134 "-" "User-Agent: Opera/9.27 (Windows NT 5.1; U; en)"
186.234.217.13 - - [09/Sep/2021:14:54:46 +0000] "GET /examples HTTP/1.1" 404 134 "-" "User-Agent: Mozilla/5.0 (Windows; U; Windows NT 5.1; en-US) AppleWebKit/525.27.1 (KHTML, like Gecko) Version/3.2.1 Safari/525.27.1"
252.11.223.20 - - [09/Sep/2021:14:54:46 +0000] "GET /excalibur HTTP/1.1" 404 134 "-" "User-Agent: Mozilla/4.0 (compatible; MSIE 8.0; Windows NT 5.1; Trident/4.0; .NET CLR 2.0.50727; .NET CLR 3.0.4506.2152; .NET CLR 3.5.30729; .NET CLR 1.0.3705; .NET CLR 1.1.4322)"
167.17.206.168 - - [09/Sep/2021:14:54:46 +0000] "GET /excel HTTP/1.1" 404 134 "-" "User-Agent: Mozilla/5.0 (Windows; U; Windows NT 5.1; en-GB; rv:1.8.1.1) Gecko/20061204 Firefox/2.0.0.1"
154.76.37.160 - - [09/Sep/2021:14:54:46 +0000] "GET /exception_log HTTP/1.1" 404 134 "-" "User-Agent: Mozilla/4.0 (compatible; MSIE 4.01; Windows NT)"
154.76.37.160 - - [09/Sep/2021:14:54:46 +0000] "GET /exch HTTP/1.1" 404 134 "-" "User-Agent: Mozilla/4.0 (compatible; MSIE 4.01; Windows NT)"
205.176.141.182 - - [09/Sep/2021:14:54:46 +0000] "GET /exchange HTTP/1.1" 404 134 "-" "User-Agent: Mozilla/4.79 [en] (WinNT; U)"
154.76.37.160 - - [09/Sep/2021:14:54:46 +0000] "GET /exchweb HTTP/1.1" 404 134 "-" "User-Agent: Mozilla/4.0 (compatible; MSIE 4.01; Windows NT)"
7.90.30.132 - - [09/Sep/2021:14:54:46 +0000] "GET /exclude HTTP/1.1" 404 134 "-" "User-Agent: Mozilla/4.0 (compatible; MSIE 5.5; Windows NT 4.0)"
252.11.223.20 - - [09/Sep/2021:14:54:46 +0000] "GET /exe HTTP/1.1" 404 134 "-" "User-Agent: Mozilla/4.0 (compatible; MSIE 8.0; Windows NT 5.1; Trident/4.0; .NET CLR 2.0.50727; .NET CLR 3.0.4506.2152; .NET CLR 3.5.30729; .NET CLR 1.0.3705; .NET CLR 1.1.4322)"
8.29.74.216 - - [09/Sep/2021:14:54:46 +0000] "GET /exec HTTP/1.1" 404 134 "-" "User-Agent: Mozilla/5.0 (Windows; U; Windows NT 5.1; en-US) AppleWebKit/525.19 (KHTML, like Gecko) Chrome/0.4.154.25 Safari/525.19"
8.61.75.32 - - [09/Sep/2021:14:54:46 +0000] "GET /executable HTTP/1.1" 404 134 "-" "User-Agent: Wget/1.8.2"
8.61.75.32 - - [09/Sep/2021:14:54:46 +0000] "GET /executables HTTP/1.1" 404 134 "-" "User-Agent: Wget/1.8.2"
133.108.139.226 - - [09/Sep/2021:14:54:46 +0000] "GET /exiar HTTP/1.1" 404 134 "-" "User-Agent: Mozilla/4.0 (compatible; MSIE 7.0; Windows NT 5.1; (R1 1.6))"
8.29.74.216 - - [09/Sep/2021:14:54:46 +0000] "GET /exit HTTP/1.1" 404 134 "-" "User-Agent: Mozilla/5.0 (Windows; U; Windows NT 5.1; en-US) AppleWebKit/525.19 (KHTML, like Gecko) Chrome/0.4.154.25 Safari/525.19"
252.11.223.20 - - [09/Sep/2021:14:54:46 +0000] "GET /expert HTTP/1.1" 404 134 "-" "User-Agent: Mozilla/4.0 (compatible; MSIE 8.0; Windows NT 5.1; Trident/4.0; .NET CLR 2.0.50727; .NET CLR 3.0.4506.2152; .NET CLR 3.5.30729; .NET CLR 1.0.3705; .NET CLR 1.1.4322)"
159.28.175.103 - - [09/Sep/2021:14:54:46 +0000] "GET /experts HTTP/1.1" 404 134 "-" "User-Agent: Opera/9.27 (Windows NT 5.1; U; en)"
252.11.223.20 - - [09/Sep/2021:14:54:46 +0000] "GET /exploits HTTP/1.1" 404 134 "-" "User-Agent: Mozilla/4.0 (compatible; MSIE 8.0; Windows NT 5.1; Trident/4.0; .NET CLR 2.0.50727; .NET CLR 3.0.4506.2152; .NET CLR 3.5.30729; .NET CLR 1.0.3705; .NET CLR 1.1.4322)"
133.108.139.226 - - [09/Sep/2021:14:54:46 +0000] "GET /explore HTTP/1.1" 404 134 "-" "User-Agent: Mozilla/4.0 (compatible; MSIE 7.0; Windows NT 5.1; (R1 1.6))"
159.28.175.103 - - [09/Sep/2021:14:54:46 +0000] "GET /explorer HTTP/1.1" 404 134 "-" "User-Agent: Opera/9.27 (Windows NT 5.1; U; en)"
252.11.223.20 - - [09/Sep/2021:14:54:46 +0000] "GET /export HTTP/1.1" 404 134 "-" "User-Agent: Mozilla/4.0 (compatible; MSIE 8.0; Windows NT 5.1; Trident/4.0; .NET CLR 2.0.50727; .NET CLR 3.0.4506.2152; .NET CLR 3.5.30729; .NET CLR 1.0.3705; .NET CLR 1.1.4322)"
167.17.206.168 - - [09/Sep/2021:14:54:46 +0000] "GET /exports HTTP/1.1" 404 134 "-" "User-Agent: Mozilla/5.0 (Windows; U; Windows NT 5.1; en-GB; rv:1.8.1.1) Gecko/20061204 Firefox/2.0.0.1"
167.17.206.168 - - [09/Sep/2021:14:54:46 +0000] "GET /ext HTTP/1.1" 404 134 "-" "User-Agent: Mozilla/5.0 (Windows; U; Windows NT 5.1; en-GB; rv:1.8.1.1) Gecko/20061204 Firefox/2.0.0.1"
181.229.27.51 - - [09/Sep/2021:14:54:46 +0000] "GET /ext2 HTTP/1.1" 404 134 "-" "User-Agent: Mozilla/2.0 (compatible; MSIE 3.02; Update a; Windows NT)"
205.176.141.182 - - [09/Sep/2021:14:54:46 +0000] "GET /extension HTTP/1.1" 404 134 "-" "User-Agent: Mozilla/4.79 [en] (WinNT; U)"
7.90.30.132 - - [09/Sep/2021:14:54:46 +0000] "GET /extensions HTTP/1.1" 404 134 "-" "User-Agent: Mozilla/4.0 (compatible; MSIE 5.5; Windows NT 4.0)"
154.76.37.160 - - [09/Sep/2021:14:54:46 +0000] "GET /extern HTTP/1.1" 404 134 "-" "User-Agent: Mozilla/4.0 (compatible; MSIE 4.01; Windows NT)"
167.17.206.168 - - [09/Sep/2021:14:54:46 +0000] "GET /external HTTP/1.1" 404 134 "-" "User-Agent: Mozilla/5.0 (Windows; U; Windows NT 5.1; en-GB; rv:1.8.1.1) Gecko/20061204 Firefox/2.0.0.1"
239.12.96.101 - - [09/Sep/2021:14:54:46 +0000] "GET /externalid HTTP/1.1" 404 134 "-" "User-Agent: Mozilla/5.0 (iPhone; U; CPU iPhone OS 2_2 like Mac OS X; en-us) AppleWebKit/525.18.1 (KHTML, like Gecko) Version/3.1.1 Mobile/5G77 Safari/525.20"
55.10.168.18 - - [09/Sep/2021:14:54:46 +0000] "GET /externalisation HTTP/1.1" 404 134 "-" "User-Agent: Mozilla/5.0 (Windows; U; Windows NT 5.1; en-US) AppleWebKit/525.19 (KHTML, like Gecko) Chrome/1.0.154.48 Safari/525.19"
8.61.75.32 - - [09/Sep/2021:14:54:46 +0000] "GET /externalization HTTP/1.1" 404 134 "-" "User-Agent: Wget/1.8.2"
8.29.74.216 - - [09/Sep/2021:14:54:46 +0000] "GET /extra HTTP/1.1" 404 134 "-" "User-Agent: Mozilla/5.0 (Windows; U; Windows NT 5.1; en-US) AppleWebKit/525.19 (KHTML, like Gecko) Chrome/0.4.154.25 Safari/525.19"
55.10.168.18 - - [09/Sep/2021:14:54:46 +0000] "GET /extranet HTTP/1.1" 404 134 "-" "User-Agent: Mozilla/5.0 (Windows; U; Windows NT 5.1; en-US) AppleWebKit/525.19 (KHTML, like Gecko) Chrome/1.0.154.48 Safari/525.19"
167.17.206.168 - - [09/Sep/2021:14:54:46 +0000] "GET /extras HTTP/1.1" 404 134 "-" "User-Agent: Mozilla/5.0 (Windows; U; Windows NT 5.1; en-GB; rv:1.8.1.1) Gecko/20061204 Firefox/2.0.0.1"
209.21.218.113 - - [09/Sep/2021:14:54:46 +0000] "GET /ezshopper HTTP/1.1" 404 134 "-" "User-Agent: Mozilla/5.0 (Windows; U; WinNT4.0; en-US; rv:0.9.2) Gecko/20010726 Netscape6/6.1"
181.229.27.51 - - [09/Sep/2021:14:54:46 +0000] "GET /ezsqliteadmin HTTP/1.1" 404 134 "-" "User-Agent: Mozilla/2.0 (compatible; MSIE 3.02; Update a; Windows NT)"
245.81.128.64 - - [09/Sep/2021:14:54:46 +0000] "GET /f HTTP/1.1" 404 134 "-" "User-Agent: Mozilla/5.0 (PLAYSTATION 3; 1.00)"
239.12.96.101 - - [09/Sep/2021:14:54:46 +0000] "GET /fa HTTP/1.1" 404 134 "-" "User-Agent: Mozilla/5.0 (iPhone; U; CPU iPhone OS 2_2 like Mac OS X; en-us) AppleWebKit/525.18.1 (KHTML, like Gecko) Version/3.1.1 Mobile/5G77 Safari/525.20"
84.255.200.120 - - [09/Sep/2021:14:54:46 +0000] "GET /fabric HTTP/1.1" 404 134 "-" "User-Agent: Mozilla/4.0 (compatible; MSIE 7.0; Windows NT 5.1; .NET CLR 1.1.4322; .NET CLR 2.0.50727; .NET CLR 3.0.04506.30; .NET CLR 3.0.04506.648; .NET CLR 3.5.21022)"
7.90.30.132 - - [09/Sep/2021:14:54:46 +0000] "GET /face HTTP/1.1" 404 134 "-" "User-Agent: Mozilla/4.0 (compatible; MSIE 5.5; Windows NT 4.0)"
47.119.73.149 - - [09/Sep/2021:14:54:46 +0000] "GET /facebook HTTP/1.1" 404 134 "-" "User-Agent: Mozilla/5.0 (Linux; U; Android 1.5; en-gb; HTC Magic Build/CRB17) AppleWebKit/528.5+ (KHTML, like Gecko) Version/3.1.2 Mobile Safari/525.20.1"
245.81.128.64 - - [09/Sep/2021:14:54:46 +0000] "GET /faces HTTP/1.1" 404 134 "-" "User-Agent: Mozilla/5.0 (PLAYSTATION 3; 1.00)"
205.176.141.182 - - [09/Sep/2021:14:54:46 +0000] "GET /facts HTTP/1.1" 404 134 "-" "User-Agent: Mozilla/4.79 [en] (WinNT; U)"
7.90.30.132 - - [09/Sep/2021:14:54:46 +0000] "GET /faculty HTTP/1.1" 404 134 "-" "User-Agent: Mozilla/4.0 (compatible; MSIE 5.5; Windows NT 4.0)"
8.61.75.32 - - [09/Sep/2021:14:54:46 +0000] "GET /fail HTTP/1.1" 404 134 "-" "User-Agent: Wget/1.8.2"
130.113.110.23 - - [09/Sep/2021:14:54:46 +0000] "GET /failed HTTP/1.1" 404 134 "-" "User-Agent: Mozilla/5.0 (SymbianOS/9.2; U; Series60/3.1 NokiaE90-1/210.34.75 Profile/MIDP-2.0 Configuration/CLDC-1.1 ) AppleWebKit/413 (KHTML, like Gecko) Safari/413"
252.11.223.20 - - [09/Sep/2021:14:54:46 +0000] "GET /failure HTTP/1.1" 404 134 "-" "User-Agent: Mozilla/4.0 (compatible; MSIE 8.0; Windows NT 5.1; Trident/4.0; .NET CLR 2.0.50727; .NET CLR 3.0.4506.2152; .NET CLR 3.5.30729; .NET CLR 1.0.3705; .NET CLR 1.1.4322)"
130.113.110.23 - - [09/Sep/2021:14:54:46 +0000] "GET /fake HTTP/1.1" 404 134 "-" "User-Agent: Mozilla/5.0 (SymbianOS/9.2; U; Series60/3.1 NokiaE90-1/210.34.75 Profile/MIDP-2.0 Configuration/CLDC-1.1 ) AppleWebKit/413 (KHTML, like Gecko) Safari/413"
239.12.96.101 - - [09/Sep/2021:14:54:46 +0000] "GET /family HTTP/1.1" 404 134 "-" "User-Agent: Mozilla/5.0 (iPhone; U; CPU iPhone OS 2_2 like Mac OS X; en-us) AppleWebKit/525.18.1 (KHTML, like Gecko) Version/3.1.1 Mobile/5G77 Safari/525.20"
167.17.206.168 - - [09/Sep/2021:14:54:46 +0000] "GET /fancybox HTTP/1.1" 404 134 "-" "User-Agent: Mozilla/5.0 (Windows; U; Windows NT 5.1; en-GB; rv:1.8.1.1) Gecko/20061204 Firefox/2.0.0.1"
84.255.200.120 - - [09/Sep/2021:14:54:46 +0000] "GET /faq HTTP/1.1" 404 134 "-" "User-Agent: Mozilla/4.0 (compatible; MSIE 7.0; Windows NT 5.1; .NET CLR 1.1.4322; .NET CLR 2.0.50727; .NET CLR 3.0.04506.30; .NET CLR 3.0.04506.648; .NET CLR 3.5.21022)"
130.113.110.23 - - [09/Sep/2021:14:54:46 +0000] "GET /faqs HTTP/1.1" 404 134 "-" "User-Agent: Mozilla/5.0 (SymbianOS/9.2; U; Series60/3.1 NokiaE90-1/210.34.75 Profile/MIDP-2.0 Configuration/CLDC-1.1 ) AppleWebKit/413 (KHTML, like Gecko) Safari/413"
205.176.141.182 - - [09/Sep/2021:14:54:46 +0000] "GET /fashion HTTP/1.1" 404 134 "-" "User-Agent: Mozilla/4.79 [en] (WinNT; U)"
245.81.128.64 - - [09/Sep/2021:14:54:46 +0000] "GET /favicon.ico HTTP/1.1" 404 134 "-" "User-Agent: Mozilla/5.0 (PLAYSTATION 3; 1.00)"
84.255.200.120 - - [09/Sep/2021:14:54:46 +0000] "GET /favorite HTTP/1.1" 404 134 "-" "User-Agent: Mozilla/4.0 (compatible; MSIE 7.0; Windows NT 5.1; .NET CLR 1.1.4322; .NET CLR 2.0.50727; .NET CLR 3.0.04506.30; .NET CLR 3.0.04506.648; .NET CLR 3.5.21022)"
130.113.110.23 - - [09/Sep/2021:14:54:46 +0000] "GET /favorites HTTP/1.1" 404 134 "-" "User-Agent: Mozilla/5.0 (SymbianOS/9.2; U; Series60/3.1 NokiaE90-1/210.34.75 Profile/MIDP-2.0 Configuration/CLDC-1.1 ) AppleWebKit/413 (KHTML, like Gecko) Safari/413"
130.113.110.23 - - [09/Sep/2021:14:54:46 +0000] "GET /fb HTTP/1.1" 404 134 "-" "User-Agent: Mozilla/5.0 (SymbianOS/9.2; U; Series60/3.1 NokiaE90-1/210.34.75 Profile/MIDP-2.0 Configuration/CLDC-1.1 ) AppleWebKit/413 (KHTML, like Gecko) Safari/413"
8.29.74.216 - - [09/Sep/2021:14:54:46 +0000] "GET /fbook HTTP/1.1" 404 134 "-" "User-Agent: Mozilla/5.0 (Windows; U; Windows NT 5.1; en-US) AppleWebKit/525.19 (KHTML, like Gecko) Chrome/0.4.154.25 Safari/525.19"
7.90.30.132 - - [09/Sep/2021:14:54:46 +0000] "GET /fc HTTP/1.1" 404 134 "-" "User-Agent: Mozilla/4.0 (compatible; MSIE 5.5; Windows NT 4.0)"
209.21.218.113 - - [09/Sep/2021:14:54:46 +0000] "GET /fcategory HTTP/1.1" 404 134 "-" "User-Agent: Mozilla/5.0 (Windows; U; WinNT4.0; en-US; rv:0.9.2) Gecko/20010726 Netscape6/6.1"
239.12.96.101 - - [09/Sep/2021:14:54:46 +0000] "GET /fcgi HTTP/1.1" 404 134 "-" "User-Agent: Mozilla/5.0 (iPhone; U; CPU iPhone OS 2_2 like Mac OS X; en-us) AppleWebKit/525.18.1 (KHTML, like Gecko) Version/3.1.1 Mobile/5G77 Safari/525.20"
84.255.200.120 - - [09/Sep/2021:14:54:46 +0000] "GET /fcgi-bin HTTP/1.1" 404 134 "-" "User-Agent: Mozilla/4.0 (compatible; MSIE 7.0; Windows NT 5.1; .NET CLR 1.1.4322; .NET CLR 2.0.50727; .NET CLR 3.0.04506.30; .NET CLR 3.0.04506.648; .NET CLR 3.5.21022)"
47.119.73.149 - - [09/Sep/2021:14:54:46 +0000] "GET /fck HTTP/1.1" 404 134 "-" "User-Agent: Mozilla/5.0 (Linux; U; Android 1.5; en-gb; HTC Magic Build/CRB17) AppleWebKit/528.5+ (KHTML, like Gecko) Version/3.1.2 Mobile Safari/525.20.1"
186.234.217.13 - - [09/Sep/2021:14:54:46 +0000] "GET /fckeditor HTTP/1.1" 404 134 "-" "User-Agent: Mozilla/5.0 (Windows; U; Windows NT 5.1; en-US) AppleWebKit/525.27.1 (KHTML, like Gecko) Version/3.2.1 Safari/525.27.1"
84.255.200.120 - - [09/Sep/2021:14:54:46 +0000] "GET /fdcp HTTP/1.1" 404 134 "-" "User-Agent: Mozilla/4.0 (compatible; MSIE 7.0; Windows NT 5.1; .NET CLR 1.1.4322; .NET CLR 2.0.50727; .NET CLR 3.0.04506.30; .NET CLR 3.0.04506.648; .NET CLR 3.5.21022)"
252.11.223.20 - - [09/Sep/2021:14:54:46 +0000] "GET /feature HTTP/1.1" 404 134 "-" "User-Agent: Mozilla/4.0 (compatible; MSIE 8.0; Windows NT 5.1; Trident/4.0; .NET CLR 2.0.50727; .NET CLR 3.0.4506.2152; .NET CLR 3.5.30729; .NET CLR 1.0.3705; .NET CLR 1.1.4322)"
209.21.218.113 - - [09/Sep/2021:14:54:46 +0000] "GET /featured HTTP/1.1" 404 134 "-" "User-Agent: Mozilla/5.0 (Windows; U; WinNT4.0; en-US; rv:0.9.2) Gecko/20010726 Netscape6/6.1"
154.76.37.160 - - [09/Sep/2021:14:54:46 +0000] "GET /features HTTP/1.1" 404 134 "-" "User-Agent: Mozilla/4.0 (compatible; MSIE 4.01; Windows NT)"
190.133.162.187 - - [09/Sep/2021:14:54:46 +0000] "GET /federation/clients HTTP/1.1" 404 134 "-" "User-Agent: Mozilla/5.0 (Windows; U; Windows NT 5.1; en-GB; rv:1.9.0.4) Gecko/2008102920 Firefox/3.0.4"
252.11.223.20 - - [09/Sep/2021:14:54:46 +0000] "GET /fedora HTTP/1.1" 404 134 "-" "User-Agent: Mozilla/4.0 (compatible; MSIE 8.0; Windows NT 5.1; Trident/4.0; .NET CLR 2.0.50727; .NET CLR 3.0.4506.2152; .NET CLR 3.5.30729; .NET CLR 1.0.3705; .NET CLR 1.1.4322)"
133.108.139.226 - - [09/Sep/2021:14:54:46 +0000] "GET /feed HTTP/1.1" 404 134 "-" "User-Agent: Mozilla/4.0 (compatible; MSIE 7.0; Windows NT 5.1; (R1 1.6))"
58.112.203.144 - - [09/Sep/2021:14:54:46 +0000] "GET /feedback HTTP/1.1" 404 134 "-" "User-Agent: Mozilla/5.0 (Windows; U; Windows NT 5.1; en-US; rv:1.8.1.19) Gecko/20081204 SeaMonkey/1.1.14"
186.234.217.13 - - [09/Sep/2021:14:54:46 +0000] "GET /feedback_js HTTP/1.1" 404 134 "-" "User-Agent: Mozilla/5.0 (Windows; U; Windows NT 5.1; en-US) AppleWebKit/525.27.1 (KHTML, like Gecko) Version/3.2.1 Safari/525.27.1"
181.229.27.51 - - [09/Sep/2021:14:54:46 +0000] "GET /feeds HTTP/1.1" 404 134 "-" "User-Agent: Mozilla/2.0 (compatible; MSIE 3.02; Update a; Windows NT)"
47.119.73.149 - - [09/Sep/2021:14:54:46 +0000] "GET /felix HTTP/1.1" 404 134 "-" "User-Agent: Mozilla/5.0 (Linux; U; Android 1.5; en-gb; HTC Magic Build/CRB17) AppleWebKit/528.5+ (KHTML, like Gecko) Version/3.1.2 Mobile Safari/525.20.1"
130.113.110.23 - - [09/Sep/2021:14:54:46 +0000] "GET /fetch HTTP/1.1" 404 134 "-" "User-Agent: Mozilla/5.0 (SymbianOS/9.2; U; Series60/3.1 NokiaE90-1/210.34.75 Profile/MIDP-2.0 Configuration/CLDC-1.1 ) AppleWebKit/413 (KHTML, like Gecko) Safari/413"
55.10.168.18 - - [09/Sep/2021:14:54:46 +0000] "GET /fi HTTP/1.1" 404 134 "-" "User-Agent: Mozilla/5.0 (Windows; U; Windows NT 5.1; en-US) AppleWebKit/525.19 (KHTML, like Gecko) Chrome/1.0.154.48 Safari/525.19"
245.81.128.64 - - [09/Sep/2021:14:54:46 +0000] "GET /field HTTP/1.1" 404 134 "-" "User-Agent: Mozilla/5.0 (PLAYSTATION 3; 1.00)"
209.21.218.113 - - [09/Sep/2021:14:54:46 +0000] "GET /fields HTTP/1.1" 404 134 "-" "User-Agent: Mozilla/5.0 (Windows; U; WinNT4.0; en-US; rv:0.9.2) Gecko/20010726 Netscape6/6.1"
205.176.141.182 - - [09/Sep/2021:14:54:46 +0000] "GET /file HTTP/1.1" 404 134 "-" "User-Agent: Mozilla/4.79 [en] (WinNT; U)"
47.119.73.149 - - [09/Sep/2021:14:54:46 +0000] "GET /fileadmin HTTP/1.1" 404 134 "-" "User-Agent: Mozilla/5.0 (Linux; U; Android 1.5; en-gb; HTC Magic Build/CRB17) AppleWebKit/528.5+ (KHTML, like Gecko) Version/3.1.2 Mobile Safari/525.20.1"
47.119.73.149 - - [09/Sep/2021:14:54:46 +0000] "GET /filelist HTTP/1.1" 404 134 "-" "User-Agent: Mozilla/5.0 (Linux; U; Android 1.5; en-gb; HTC Magic Build/CRB17) AppleWebKit/528.5+ (KHTML, like Gecko) Version/3.1.2 Mobile Safari/525.20.1"
130.113.110.23 - - [09/Sep/2021:14:54:46 +0000] "GET /filemanager HTTP/1.1" 404 134 "-" "User-Agent: Mozilla/5.0 (SymbianOS/9.2; U; Series60/3.1 NokiaE90-1/210.34.75 Profile/MIDP-2.0 Configuration/CLDC-1.1 ) AppleWebKit/413 (KHTML, like Gecko) Safari/413"
84.255.200.120 - - [09/Sep/2021:14:54:46 +0000] "GET /files HTTP/1.1" 301 178 "-" "User-Agent: Mozilla/4.0 (compatible; MSIE 7.0; Windows NT 5.1; .NET CLR 1.1.4322; .NET CLR 2.0.50727; .NET CLR 3.0.04506.30; .NET CLR 3.0.04506.648; .NET CLR 3.5.21022)"
205.176.141.182 - - [09/Sep/2021:14:54:46 +0000] "GET /files/ HTTP/1.1" 403 134 "-" "User-Agent: Mozilla/4.79 [en] (WinNT; U)"
186.234.217.13 - - [09/Sep/2021:14:54:46 +0000] "GET /fileupload HTTP/1.1" 404 134 "-" "User-Agent: Mozilla/5.0 (Windows; U; Windows NT 5.1; en-US) AppleWebKit/525.27.1 (KHTML, like Gecko) Version/3.2.1 Safari/525.27.1"
209.21.218.113 - - [09/Sep/2021:14:54:46 +0000] "GET /fileuploads HTTP/1.1" 404 134 "-" "User-Agent: Mozilla/5.0 (Windows; U; WinNT4.0; en-US; rv:0.9.2) Gecko/20010726 Netscape6/6.1"
159.28.175.103 - - [09/Sep/2021:14:54:46 +0000] "GET /filez HTTP/1.1" 404 134 "-" "User-Agent: Opera/9.27 (Windows NT 5.1; U; en)"
84.255.200.120 - - [09/Sep/2021:14:54:46 +0000] "GET /film HTTP/1.1" 404 134 "-" "User-Agent: Mozilla/4.0 (compatible; MSIE 7.0; Windows NT 5.1; .NET CLR 1.1.4322; .NET CLR 2.0.50727; .NET CLR 3.0.04506.30; .NET CLR 3.0.04506.648; .NET CLR 3.5.21022)"
47.119.73.149 - - [09/Sep/2021:14:54:46 +0000] "GET /films HTTP/1.1" 404 134 "-" "User-Agent: Mozilla/5.0 (Linux; U; Android 1.5; en-gb; HTC Magic Build/CRB17) AppleWebKit/528.5+ (KHTML, like Gecko) Version/3.1.2 Mobile Safari/525.20.1"
190.133.162.187 - - [09/Sep/2021:14:54:46 +0000] "GET /filter HTTP/1.1" 404 134 "-" "User-Agent: Mozilla/5.0 (Windows; U; Windows NT 5.1; en-GB; rv:1.9.0.4) Gecko/2008102920 Firefox/3.0.4"
167.17.206.168 - - [09/Sep/2021:14:54:46 +0000] "GET /finance HTTP/1.1" 404 134 "-" "User-Agent: Mozilla/5.0 (Windows; U; Windows NT 5.1; en-GB; rv:1.8.1.1) Gecko/20061204 Firefox/2.0.0.1"
7.90.30.132 - - [09/Sep/2021:14:54:46 +0000] "GET /financial HTTP/1.1" 404 134 "-" "User-Agent: Mozilla/4.0 (compatible; MSIE 5.5; Windows NT 4.0)"
47.119.73.149 - - [09/Sep/2021:14:54:46 +0000] "GET /find HTTP/1.1" 404 134 "-" "User-Agent: Mozilla/5.0 (Linux; U; Android 1.5; en-gb; HTC Magic Build/CRB17) AppleWebKit/528.5+ (KHTML, like Gecko) Version/3.1.2 Mobile Safari/525.20.1"
239.12.96.101 - - [09/Sep/2021:14:54:46 +0000] "GET /finger HTTP/1.1" 404 134 "-" "User-Agent: Mozilla/5.0 (iPhone; U; CPU iPhone OS 2_2 like Mac OS X; en-us) AppleWebKit/525.18.1 (KHTML, like Gecko) Version/3.1.1 Mobile/5G77 Safari/525.20"
205.176.141.182 - - [09/Sep/2021:14:54:46 +0000] "GET /finishorder HTTP/1.1" 404 134 "-" "User-Agent: Mozilla/4.79 [en] (WinNT; U)"
154.76.37.160 - - [09/Sep/2021:14:54:46 +0000] "GET /firefox HTTP/1.1" 404 134 "-" "User-Agent: Mozilla/4.0 (compatible; MSIE 4.01; Windows NT)"
154.76.37.160 - - [09/Sep/2021:14:54:46 +0000] "GET /firewall HTTP/1.1" 404 134 "-" "User-Agent: Mozilla/4.0 (compatible; MSIE 4.01; Windows NT)"
181.229.27.51 - - [09/Sep/2021:14:54:46 +0000] "GET /firewalls HTTP/1.1" 404 134 "-" "User-Agent: Mozilla/2.0 (compatible; MSIE 3.02; Update a; Windows NT)"
186.234.217.13 - - [09/Sep/2021:14:54:46 +0000] "GET /firmconnect HTTP/1.1" 404 134 "-" "User-Agent: Mozilla/5.0 (Windows; U; Windows NT 5.1; en-US) AppleWebKit/525.27.1 (KHTML, like Gecko) Version/3.2.1 Safari/525.27.1"
55.10.168.18 - - [09/Sep/2021:14:54:46 +0000] "GET /firms HTTP/1.1" 404 134 "-" "User-Agent: Mozilla/5.0 (Windows; U; Windows NT 5.1; en-US) AppleWebKit/525.19 (KHTML, like Gecko) Chrome/1.0.154.48 Safari/525.19"
84.255.200.120 - - [09/Sep/2021:14:54:46 +0000] "GET /firmware HTTP/1.1" 404 134 "-" "User-Agent: Mozilla/4.0 (compatible; MSIE 7.0; Windows NT 5.1; .NET CLR 1.1.4322; .NET CLR 2.0.50727; .NET CLR 3.0.04506.30; .NET CLR 3.0.04506.648; .NET CLR 3.5.21022)"
8.61.75.32 - - [09/Sep/2021:14:54:46 +0000] "GET /first HTTP/1.1" 404 134 "-" "User-Agent: Wget/1.8.2"
58.112.203.144 - - [09/Sep/2021:14:54:46 +0000] "GET /fixed HTTP/1.1" 404 134 "-" "User-Agent: Mozilla/5.0 (Windows; U; Windows NT 5.1; en-US; rv:1.8.1.19) Gecko/20081204 SeaMonkey/1.1.14"
133.108.139.226 - - [09/Sep/2021:14:54:46 +0000] "GET /fk HTTP/1.1" 404 134 "-" "User-Agent: Mozilla/4.0 (compatible; MSIE 7.0; Windows NT 5.1; (R1 1.6))"
130.113.110.23 - - [09/Sep/2021:14:54:46 +0000] "GET /fla HTTP/1.1" 404 134 "-" "User-Agent: Mozilla/5.0 (SymbianOS/9.2; U; Series60/3.1 NokiaE90-1/210.34.75 Profile/MIDP-2.0 Configuration/CLDC-1.1 ) AppleWebKit/413 (KHTML, like Gecko) Safari/413"
58.112.203.144 - - [09/Sep/2021:14:54:46 +0000] "GET /flag HTTP/1.1" 404 134 "-" "User-Agent: Mozilla/5.0 (Windows; U; Windows NT 5.1; en-US; rv:1.8.1.19) Gecko/20081204 SeaMonkey/1.1.14"
252.11.223.20 - - [09/Sep/2021:14:54:46 +0000] "GET /flags HTTP/1.1" 404 134 "-" "User-Agent: Mozilla/4.0 (compatible; MSIE 8.0; Windows NT 5.1; Trident/4.0; .NET CLR 2.0.50727; .NET CLR 3.0.4506.2152; .NET CLR 3.5.30729; .NET CLR 1.0.3705; .NET CLR 1.1.4322)"
130.113.110.23 - - [09/Sep/2021:14:54:46 +0000] "GET /flash HTTP/1.1" 404 134 "-" "User-Agent: Mozilla/5.0 (SymbianOS/9.2; U; Series60/3.1 NokiaE90-1/210.34.75 Profile/MIDP-2.0 Configuration/CLDC-1.1 ) AppleWebKit/413 (KHTML, like Gecko) Safari/413"
55.10.168.18 - - [09/Sep/2021:14:54:46 +0000] "GET /flash-intro HTTP/1.1" 404 134 "-" "User-Agent: Mozilla/5.0 (Windows; U; Windows NT 5.1; en-US) AppleWebKit/525.19 (KHTML, like Gecko) Chrome/1.0.154.48 Safari/525.19"
245.81.128.64 - - [09/Sep/2021:14:54:46 +0000] "GET /flex HTTP/1.1" 404 134 "-" "User-Agent: Mozilla/5.0 (PLAYSTATION 3; 1.00)"
190.133.162.187 - - [09/Sep/2021:14:54:46 +0000] "GET /flights HTTP/1.1" 404 134 "-" "User-Agent: Mozilla/5.0 (Windows; U; Windows NT 5.1; en-GB; rv:1.9.0.4) Gecko/2008102920 Firefox/3.0.4"
190.133.162.187 - - [09/Sep/2021:14:54:46 +0000] "GET /flow HTTP/1.1" 404 134 "-" "User-Agent: Mozilla/5.0 (Windows; U; Windows NT 5.1; en-GB; rv:1.9.0.4) Gecko/2008102920 Firefox/3.0.4"
7.90.30.132 - - [09/Sep/2021:14:54:46 +0000] "GET /flowplayer HTTP/1.1" 404 134 "-" "User-Agent: Mozilla/4.0 (compatible; MSIE 5.5; Windows NT 4.0)"
130.113.110.23 - - [09/Sep/2021:14:54:46 +0000] "GET /flows HTTP/1.1" 404 134 "-" "User-Agent: Mozilla/5.0 (SymbianOS/9.2; U; Series60/3.1 NokiaE90-1/210.34.75 Profile/MIDP-2.0 Configuration/CLDC-1.1 ) AppleWebKit/413 (KHTML, like Gecko) Safari/413"
154.76.37.160 - - [09/Sep/2021:14:54:46 +0000] "GET /flv HTTP/1.1" 404 134 "-" "User-Agent: Mozilla/4.0 (compatible; MSIE 4.01; Windows NT)"
84.255.200.120 - - [09/Sep/2021:14:54:46 +0000] "GET /flvideo HTTP/1.1" 404 134 "-" "User-Agent: Mozilla/4.0 (compatible; MSIE 7.0; Windows NT 5.1; .NET CLR 1.1.4322; .NET CLR 2.0.50727; .NET CLR 3.0.04506.30; .NET CLR 3.0.04506.648; .NET CLR 3.5.21022)"
84.255.200.120 - - [09/Sep/2021:14:54:46 +0000] "GET /flyspray HTTP/1.1" 404 134 "-" "User-Agent: Mozilla/4.0 (compatible; MSIE 7.0; Windows NT 5.1; .NET CLR 1.1.4322; .NET CLR 2.0.50727; .NET CLR 3.0.04506.30; .NET CLR 3.0.04506.648; .NET CLR 3.5.21022)"
58.112.203.144 - - [09/Sep/2021:14:54:46 +0000] "GET /fm HTTP/1.1" 404 134 "-" "User-Agent: Mozilla/5.0 (Windows; U; Windows NT 5.1; en-US; rv:1.8.1.19) Gecko/20081204 SeaMonkey/1.1.14"
252.11.223.20 - - [09/Sep/2021:14:54:46 +0000] "GET /fn HTTP/1.1" 404 134 "-" "User-Agent: Mozilla/4.0 (compatible; MSIE 8.0; Windows NT 5.1; Trident/4.0; .NET CLR 2.0.50727; .NET CLR 3.0.4506.2152; .NET CLR 3.5.30729; .NET CLR 1.0.3705; .NET CLR 1.1.4322)"
8.61.75.32 - - [09/Sep/2021:14:54:46 +0000] "GET /focus HTTP/1.1" 404 134 "-" "User-Agent: Wget/1.8.2"
154.76.37.160 - - [09/Sep/2021:14:54:46 +0000] "GET /foia HTTP/1.1" 404 134 "-" "User-Agent: Mozilla/4.0 (compatible; MSIE 4.01; Windows NT)"
190.133.162.187 - - [09/Sep/2021:14:54:46 +0000] "GET /folder HTTP/1.1" 404 134 "-" "User-Agent: Mozilla/5.0 (Windows; U; Windows NT 5.1; en-GB; rv:1.9.0.4) Gecko/2008102920 Firefox/3.0.4"
209.21.218.113 - - [09/Sep/2021:14:54:46 +0000] "GET /folder_new HTTP/1.1" 404 134 "-" "User-Agent: Mozilla/5.0 (Windows; U; WinNT4.0; en-US; rv:0.9.2) Gecko/20010726 Netscape6/6.1"
167.17.206.168 - - [09/Sep/2021:14:54:46 +0000] "GET /folders HTTP/1.1" 404 134 "-" "User-Agent: Mozilla/5.0 (Windows; U; Windows NT 5.1; en-GB; rv:1.8.1.1) Gecko/20061204 Firefox/2.0.0.1"
190.133.162.187 - - [09/Sep/2021:14:54:46 +0000] "GET /font HTTP/1.1" 404 134 "-" "User-Agent: Mozilla/5.0 (Windows; U; Windows NT 5.1; en-GB; rv:1.9.0.4) Gecko/2008102920 Firefox/3.0.4"
47.119.73.149 - - [09/Sep/2021:14:54:46 +0000] "GET /fonts HTTP/1.1" 404 134 "-" "User-Agent: Mozilla/5.0 (Linux; U; Android 1.5; en-gb; HTC Magic Build/CRB17) AppleWebKit/528.5+ (KHTML, like Gecko) Version/3.1.2 Mobile Safari/525.20.1"
252.11.223.20 - - [09/Sep/2021:14:54:46 +0000] "GET /foo HTTP/1.1" 404 134 "-" "User-Agent: Mozilla/4.0 (compatible; MSIE 8.0; Windows NT 5.1; Trident/4.0; .NET CLR 2.0.50727; .NET CLR 3.0.4506.2152; .NET CLR 3.5.30729; .NET CLR 1.0.3705; .NET CLR 1.1.4322)"
159.28.175.103 - - [09/Sep/2021:14:54:46 +0000] "GET /food HTTP/1.1" 404 134 "-" "User-Agent: Opera/9.27 (Windows NT 5.1; U; en)"
8.29.74.216 - - [09/Sep/2021:14:54:46 +0000] "GET /football HTTP/1.1" 404 134 "-" "User-Agent: Mozilla/5.0 (Windows; U; Windows NT 5.1; en-US) AppleWebKit/525.19 (KHTML, like Gecko) Chrome/0.4.154.25 Safari/525.19"
47.119.73.149 - - [09/Sep/2021:14:54:46 +0000] "GET /footer HTTP/1.1" 404 134 "-" "User-Agent: Mozilla/5.0 (Linux; U; Android 1.5; en-gb; HTC Magic Build/CRB17) AppleWebKit/528.5+ (KHTML, like Gecko) Version/3.1.2 Mobile Safari/525.20.1"
252.11.223.20 - - [09/Sep/2021:14:54:46 +0000] "GET /footers HTTP/1.1" 404 134 "-" "User-Agent: Mozilla/4.0 (compatible; MSIE 8.0; Windows NT 5.1; Trident/4.0; .NET CLR 2.0.50727; .NET CLR 3.0.4506.2152; .NET CLR 3.5.30729; .NET CLR 1.0.3705; .NET CLR 1.1.4322)"
190.133.162.187 - - [09/Sep/2021:14:54:46 +0000] "GET /for HTTP/1.1" 404 134 "-" "User-Agent: Mozilla/5.0 (Windows; U; Windows NT 5.1; en-GB; rv:1.9.0.4) Gecko/2008102920 Firefox/3.0.4"
209.21.218.113 - - [09/Sep/2021:14:54:46 +0000] "GET /forcedownload HTTP/1.1" 404 134 "-" "User-Agent: Mozilla/5.0 (Windows; U; WinNT4.0; en-US; rv:0.9.2) Gecko/20010726 Netscape6/6.1"
186.234.217.13 - - [09/Sep/2021:14:54:46 +0000] "GET /forget HTTP/1.1" 404 134 "-" "User-Agent: Mozilla/5.0 (Windows; U; Windows NT 5.1; en-US) AppleWebKit/525.27.1 (KHTML, like Gecko) Version/3.2.1 Safari/525.27.1"
181.229.27.51 - - [09/Sep/2021:14:54:46 +0000] "GET /forgot HTTP/1.1" 404 134 "-" "User-Agent: Mozilla/2.0 (compatible; MSIE 3.02; Update a; Windows NT)"
84.255.200.120 - - [09/Sep/2021:14:54:46 +0000] "GET /forgot-password HTTP/1.1" 404 134 "-" "User-Agent: Mozilla/4.0 (compatible; MSIE 7.0; Windows NT 5.1; .NET CLR 1.1.4322; .NET CLR 2.0.50727; .NET CLR 3.0.04506.30; .NET CLR 3.0.04506.648; .NET CLR 3.5.21022)"
8.29.74.216 - - [09/Sep/2021:14:54:46 +0000] "GET /forgot_password HTTP/1.1" 404 134 "-" "User-Agent: Mozilla/5.0 (Windows; U; Windows NT 5.1; en-US) AppleWebKit/525.19 (KHTML, like Gecko) Chrome/0.4.154.25 Safari/525.19"
58.112.203.144 - - [09/Sep/2021:14:54:46 +0000] "GET /forgotpassword HTTP/1.1" 404 134 "-" "User-Agent: Mozilla/5.0 (Windows; U; Windows NT 5.1; en-US; rv:1.8.1.19) Gecko/20081204 SeaMonkey/1.1.14"
55.10.168.18 - - [09/Sep/2021:14:54:46 +0000] "GET /forgotten HTTP/1.1" 404 134 "-" "User-Agent: Mozilla/5.0 (Windows; U; Windows NT 5.1; en-US) AppleWebKit/525.19 (KHTML, like Gecko) Chrome/1.0.154.48 Safari/525.19"
47.119.73.149 - - [09/Sep/2021:14:54:46 +0000] "GET /form HTTP/1.1" 404 134 "-" "User-Agent: Mozilla/5.0 (Linux; U; Android 1.5; en-gb; HTC Magic Build/CRB17) AppleWebKit/528.5+ (KHTML, like Gecko) Version/3.1.2 Mobile Safari/525.20.1"
245.81.128.64 - - [09/Sep/2021:14:54:46 +0000] "GET /format HTTP/1.1" 404 134 "-" "User-Agent: Mozilla/5.0 (PLAYSTATION 3; 1.00)"
209.21.218.113 - - [09/Sep/2021:14:54:46 +0000] "GET /formatting HTTP/1.1" 404 134 "-" "User-Agent: Mozilla/5.0 (Windows; U; WinNT4.0; en-US; rv:0.9.2) Gecko/20010726 Netscape6/6.1"
55.10.168.18 - - [09/Sep/2021:14:54:46 +0000] "GET /formhandler HTTP/1.1" 404 134 "-" "User-Agent: Mozilla/5.0 (Windows; U; Windows NT 5.1; en-US) AppleWebKit/525.19 (KHTML, like Gecko) Chrome/1.0.154.48 Safari/525.19"
55.10.168.18 - - [09/Sep/2021:14:54:46 +0000] "GET /formmail HTTP/1.1" 404 134 "-" "User-Agent: Mozilla/5.0 (Windows; U; Windows NT 5.1; en-US) AppleWebKit/525.19 (KHTML, like Gecko) Chrome/1.0.154.48 Safari/525.19"
252.11.223.20 - - [09/Sep/2021:14:54:46 +0000] "GET /forms HTTP/1.1" 404 134 "-" "User-Agent: Mozilla/4.0 (compatible; MSIE 8.0; Windows NT 5.1; Trident/4.0; .NET CLR 2.0.50727; .NET CLR 3.0.4506.2152; .NET CLR 3.5.30729; .NET CLR 1.0.3705; .NET CLR 1.1.4322)"
8.29.74.216 - - [09/Sep/2021:14:54:46 +0000] "GET /forms1 HTTP/1.1" 404 134 "-" "User-Agent: Mozilla/5.0 (Windows; U; Windows NT 5.1; en-US) AppleWebKit/525.19 (KHTML, like Gecko) Chrome/0.4.154.25 Safari/525.19"
130.113.110.23 - - [09/Sep/2021:14:54:46 +0000] "GET /formsend HTTP/1.1" 404 134 "-" "User-Agent: Mozilla/5.0 (SymbianOS/9.2; U; Series60/3.1 NokiaE90-1/210.34.75 Profile/MIDP-2.0 Configuration/CLDC-1.1 ) AppleWebKit/413 (KHTML, like Gecko) Safari/413"
84.255.200.120 - - [09/Sep/2021:14:54:46 +0000] "GET /formslogin HTTP/1.1" 404 134 "-" "User-Agent: Mozilla/4.0 (compatible; MSIE 7.0; Windows NT 5.1; .NET CLR 1.1.4322; .NET CLR 2.0.50727; .NET CLR 3.0.04506.30; .NET CLR 3.0.04506.648; .NET CLR 3.5.21022)"
159.28.175.103 - - [09/Sep/2021:14:54:46 +0000] "GET /formupdate HTTP/1.1" 404 134 "-" "User-Agent: Opera/9.27 (Windows NT 5.1; U; en)"
252.11.223.20 - - [09/Sep/2021:14:54:46 +0000] "GET /foro HTTP/1.1" 404 134 "-" "User-Agent: Mozilla/4.0 (compatible; MSIE 8.0; Windows NT 5.1; Trident/4.0; .NET CLR 2.0.50727; .NET CLR 3.0.4506.2152; .NET CLR 3.5.30729; .NET CLR 1.0.3705; .NET CLR 1.1.4322)"
186.234.217.13 - - [09/Sep/2021:14:54:46 +0000] "GET /foros HTTP/1.1" 404 134 "-" "User-Agent: Mozilla/5.0 (Windows; U; Windows NT 5.1; en-US) AppleWebKit/525.27.1 (KHTML, like Gecko) Version/3.2.1 Safari/525.27.1"
84.255.200.120 - - [09/Sep/2021:14:54:46 +0000] "GET /forrest HTTP/1.1" 404 134 "-" "User-Agent: Mozilla/4.0 (compatible; MSIE 7.0; Windows NT 5.1; .NET CLR 1.1.4322; .NET CLR 2.0.50727; .NET CLR 3.0.04506.30; .NET CLR 3.0.04506.648; .NET CLR 3.5.21022)"
167.17.206.168 - - [09/Sep/2021:14:54:46 +0000] "GET /fortune HTTP/1.1" 404 134 "-" "User-Agent: Mozilla/5.0 (Windows; U; Windows NT 5.1; en-GB; rv:1.8.1.1) Gecko/20061204 Firefox/2.0.0.1"
159.28.175.103 - - [09/Sep/2021:14:54:46 +0000] "GET /forum HTTP/1.1" 404 134 "-" "User-Agent: Opera/9.27 (Windows NT 5.1; U; en)"
55.10.168.18 - - [09/Sep/2021:14:54:46 +0000] "GET /forum1 HTTP/1.1" 404 134 "-" "User-Agent: Mozilla/5.0 (Windows; U; Windows NT 5.1; en-US) AppleWebKit/525.19 (KHTML, like Gecko) Chrome/1.0.154.48 Safari/525.19"
130.113.110.23 - - [09/Sep/2021:14:54:46 +0000] "GET /forum2 HTTP/1.1" 404 134 "-" "User-Agent: Mozilla/5.0 (SymbianOS/9.2; U; Series60/3.1 NokiaE90-1/210.34.75 Profile/MIDP-2.0 Configuration/CLDC-1.1 ) AppleWebKit/413 (KHTML, like Gecko) Safari/413"
8.61.75.32 - - [09/Sep/2021:14:54:46 +0000] "GET /forum_old HTTP/1.1" 404 134 "-" "User-Agent: Wget/1.8.2"
8.61.75.32 - - [09/Sep/2021:14:54:46 +0000] "GET /forumcp HTTP/1.1" 404 134 "-" "User-Agent: Wget/1.8.2"
186.234.217.13 - - [09/Sep/2021:14:54:46 +0000] "GET /forumdata HTTP/1.1" 404 134 "-" "User-Agent: Mozilla/5.0 (Windows; U; Windows NT 5.1; en-US) AppleWebKit/525.27.1 (KHTML, like Gecko) Version/3.2.1 Safari/525.27.1"
8.61.75.32 - - [09/Sep/2021:14:54:47 +0000] "GET /forumdisplay HTTP/1.1" 404 134 "-" "User-Agent: Wget/1.8.2"
8.29.74.216 - - [09/Sep/2021:14:54:47 +0000] "GET /forums HTTP/1.1" 404 134 "-" "User-Agent: Mozilla/5.0 (Windows; U; Windows NT 5.1; en-US) AppleWebKit/525.19 (KHTML, like Gecko) Chrome/0.4.154.25 Safari/525.19"
190.133.162.187 - - [09/Sep/2021:14:54:47 +0000] "GET /forward HTTP/1.1" 404 134 "-" "User-Agent: Mozilla/5.0 (Windows; U; Windows NT 5.1; en-GB; rv:1.9.0.4) Gecko/2008102920 Firefox/3.0.4"
154.76.37.160 - - [09/Sep/2021:14:54:47 +0000] "GET /foto HTTP/1.1" 404 134 "-" "User-Agent: Mozilla/4.0 (compatible; MSIE 4.01; Windows NT)"
130.113.110.23 - - [09/Sep/2021:14:54:47 +0000] "GET /fotos HTTP/1.1" 404 134 "-" "User-Agent: Mozilla/5.0 (SymbianOS/9.2; U; Series60/3.1 NokiaE90-1/210.34.75 Profile/MIDP-2.0 Configuration/CLDC-1.1 ) AppleWebKit/413 (KHTML, like Gecko) Safari/413"
84.255.200.120 - - [09/Sep/2021:14:54:47 +0000] "GET /foundation HTTP/1.1" 404 134 "-" "User-Agent: Mozilla/4.0 (compatible; MSIE 7.0; Windows NT 5.1; .NET CLR 1.1.4322; .NET CLR 2.0.50727; .NET CLR 3.0.04506.30; .NET CLR 3.0.04506.648; .NET CLR 3.5.21022)"
8.29.74.216 - - [09/Sep/2021:14:54:47 +0000] "GET /fpdb HTTP/1.1" 404 134 "-" "User-Agent: Mozilla/5.0 (Windows; U; Windows NT 5.1; en-US) AppleWebKit/525.19 (KHTML, like Gecko) Chrome/0.4.154.25 Safari/525.19"
209.21.218.113 - - [09/Sep/2021:14:54:47 +0000] "GET /fpdf HTTP/1.1" 404 134 "-" "User-Agent: Mozilla/5.0 (Windows; U; WinNT4.0; en-US; rv:0.9.2) Gecko/20010726 Netscape6/6.1"
167.17.206.168 - - [09/Sep/2021:14:54:47 +0000] "GET /fr HTTP/1.1" 404 134 "-" "User-Agent: Mozilla/5.0 (Windows; U; Windows NT 5.1; en-GB; rv:1.8.1.1) Gecko/20061204 Firefox/2.0.0.1"
8.61.75.32 - - [09/Sep/2021:14:54:47 +0000] "GET /fr_FR HTTP/1.1" 404 134 "-" "User-Agent: Wget/1.8.2"
7.90.30.132 - - [09/Sep/2021:14:54:47 +0000] "GET /frame HTTP/1.1" 404 134 "-" "User-Agent: Mozilla/4.0 (compatible; MSIE 5.5; Windows NT 4.0)"
130.113.110.23 - - [09/Sep/2021:14:54:47 +0000] "GET /frames HTTP/1.1" 404 134 "-" "User-Agent: Mozilla/5.0 (SymbianOS/9.2; U; Series60/3.1 NokiaE90-1/210.34.75 Profile/MIDP-2.0 Configuration/CLDC-1.1 ) AppleWebKit/413 (KHTML, like Gecko) Safari/413"
186.234.217.13 - - [09/Sep/2021:14:54:47 +0000] "GET /frameset HTTP/1.1" 404 134 "-" "User-Agent: Mozilla/5.0 (Windows; U; Windows NT 5.1; en-US) AppleWebKit/525.27.1 (KHTML, like Gecko) Version/3.2.1 Safari/525.27.1"
47.119.73.149 - - [09/Sep/2021:14:54:47 +0000] "GET /framework HTTP/1.1" 404 134 "-" "User-Agent: Mozilla/5.0 (Linux; U; Android 1.5; en-gb; HTC Magic Build/CRB17) AppleWebKit/528.5+ (KHTML, like Gecko) Version/3.1.2 Mobile Safari/525.20.1"
159.28.175.103 - - [09/Sep/2021:14:54:47 +0000] "GET /francais HTTP/1.1" 404 134 "-" "User-Agent: Opera/9.27 (Windows NT 5.1; U; en)"
181.229.27.51 - - [09/Sep/2021:14:54:47 +0000] "GET /france HTTP/1.1" 404 134 "-" "User-Agent: Mozilla/2.0 (compatible; MSIE 3.02; Update a; Windows NT)"
7.90.30.132 - - [09/Sep/2021:14:54:47 +0000] "GET /free HTTP/1.1" 404 134 "-" "User-Agent: Mozilla/4.0 (compatible; MSIE 5.5; Windows NT 4.0)"
167.17.206.168 - - [09/Sep/2021:14:54:47 +0000] "GET /freebsd HTTP/1.1" 404 134 "-" "User-Agent: Mozilla/5.0 (Windows; U; Windows NT 5.1; en-GB; rv:1.8.1.1) Gecko/20061204 Firefox/2.0.0.1"
55.10.168.18 - - [09/Sep/2021:14:54:47 +0000] "GET /freeware HTTP/1.1" 404 134 "-" "User-Agent: Mozilla/5.0 (Windows; U; Windows NT 5.1; en-US) AppleWebKit/525.19 (KHTML, like Gecko) Chrome/1.0.154.48 Safari/525.19"
209.21.218.113 - - [09/Sep/2021:14:54:47 +0000] "GET /french HTTP/1.1" 404 134 "-" "User-Agent: Mozilla/5.0 (Windows; U; WinNT4.0; en-US; rv:0.9.2) Gecko/20010726 Netscape6/6.1"
7.90.30.132 - - [09/Sep/2021:14:54:47 +0000] "GET /friend HTTP/1.1" 404 134 "-" "User-Agent: Mozilla/4.0 (compatible; MSIE 5.5; Windows NT 4.0)"
252.11.223.20 - - [09/Sep/2021:14:54:47 +0000] "GET /friends HTTP/1.1" 404 134 "-" "User-Agent: Mozilla/4.0 (compatible; MSIE 8.0; Windows NT 5.1; Trident/4.0; .NET CLR 2.0.50727; .NET CLR 3.0.4506.2152; .NET CLR 3.5.30729; .NET CLR 1.0.3705; .NET CLR 1.1.4322)"
84.255.200.120 - - [09/Sep/2021:14:54:47 +0000] "GET /frm_attach HTTP/1.1" 404 134 "-" "User-Agent: Mozilla/4.0 (compatible; MSIE 7.0; Windows NT 5.1; .NET CLR 1.1.4322; .NET CLR 2.0.50727; .NET CLR 3.0.04506.30; .NET CLR 3.0.04506.648; .NET CLR 3.5.21022)"
133.108.139.226 - - [09/Sep/2021:14:54:47 +0000] "GET /frob HTTP/1.1" 404 134 "-" "User-Agent: Mozilla/4.0 (compatible; MSIE 7.0; Windows NT 5.1; (R1 1.6))"
209.21.218.113 - - [09/Sep/2021:14:54:47 +0000] "GET /from HTTP/1.1" 404 134 "-" "User-Agent: Mozilla/5.0 (Windows; U; WinNT4.0; en-US; rv:0.9.2) Gecko/20010726 Netscape6/6.1"
84.255.200.120 - - [09/Sep/2021:14:54:47 +0000] "GET /front HTTP/1.1" 404 134 "-" "User-Agent: Mozilla/4.0 (compatible; MSIE 7.0; Windows NT 5.1; .NET CLR 1.1.4322; .NET CLR 2.0.50727; .NET CLR 3.0.04506.30; .NET CLR 3.0.04506.648; .NET CLR 3.5.21022)"
8.29.74.216 - - [09/Sep/2021:14:54:47 +0000] "GET /frontend HTTP/1.1" 404 134 "-" "User-Agent: Mozilla/5.0 (Windows; U; Windows NT 5.1; en-US) AppleWebKit/525.19 (KHTML, like Gecko) Chrome/0.4.154.25 Safari/525.19"
8.61.75.32 - - [09/Sep/2021:14:54:47 +0000] "GET /frontpage HTTP/1.1" 404 134 "-" "User-Agent: Wget/1.8.2"
84.255.200.120 - - [09/Sep/2021:14:54:47 +0000] "GET /fs HTTP/1.1" 404 134 "-" "User-Agent: Mozilla/4.0 (compatible; MSIE 7.0; Windows NT 5.1; .NET CLR 1.1.4322; .NET CLR 2.0.50727; .NET CLR 3.0.04506.30; .NET CLR 3.0.04506.648; .NET CLR 3.5.21022)"
205.176.141.182 - - [09/Sep/2021:14:54:47 +0000] "GET /fsck HTTP/1.1" 404 134 "-" "User-Agent: Mozilla/4.79 [en] (WinNT; U)"
133.108.139.226 - - [09/Sep/2021:14:54:47 +0000] "GET /ftp HTTP/1.1" 404 134 "-" "User-Agent: Mozilla/4.0 (compatible; MSIE 7.0; Windows NT 5.1; (R1 1.6))"
84.255.200.120 - - [09/Sep/2021:14:54:47 +0000] "GET /fuck HTTP/1.1" 404 134 "-" "User-Agent: Mozilla/4.0 (compatible; MSIE 7.0; Windows NT 5.1; .NET CLR 1.1.4322; .NET CLR 2.0.50727; .NET CLR 3.0.04506.30; .NET CLR 3.0.04506.648; .NET CLR 3.5.21022)"
84.255.200.120 - - [09/Sep/2021:14:54:47 +0000] "GET /fuckoff HTTP/1.1" 404 134 "-" "User-Agent: Mozilla/4.0 (compatible; MSIE 7.0; Windows NT 5.1; .NET CLR 1.1.4322; .NET CLR 2.0.50727; .NET CLR 3.0.04506.30; .NET CLR 3.0.04506.648; .NET CLR 3.5.21022)"
252.11.223.20 - - [09/Sep/2021:14:54:47 +0000] "GET /fuckyou HTTP/1.1" 404 134 "-" "User-Agent: Mozilla/4.0 (compatible; MSIE 8.0; Windows NT 5.1; Trident/4.0; .NET CLR 2.0.50727; .NET CLR 3.0.4506.2152; .NET CLR 3.5.30729; .NET CLR 1.0.3705; .NET CLR 1.1.4322)"
159.28.175.103 - - [09/Sep/2021:14:54:47 +0000] "GET /full HTTP/1.1" 404 134 "-" "User-Agent: Opera/9.27 (Windows NT 5.1; U; en)"
130.113.110.23 - - [09/Sep/2021:14:54:47 +0000] "GET /fun HTTP/1.1" 404 134 "-" "User-Agent: Mozilla/5.0 (SymbianOS/9.2; U; Series60/3.1 NokiaE90-1/210.34.75 Profile/MIDP-2.0 Configuration/CLDC-1.1 ) AppleWebKit/413 (KHTML, like Gecko) Safari/413"
154.76.37.160 - - [09/Sep/2021:14:54:47 +0000] "GET /func HTTP/1.1" 404 134 "-" "User-Agent: Mozilla/4.0 (compatible; MSIE 4.01; Windows NT)"
167.17.206.168 - - [09/Sep/2021:14:54:47 +0000] "GET /funcs HTTP/1.1" 404 134 "-" "User-Agent: Mozilla/5.0 (Windows; U; Windows NT 5.1; en-GB; rv:1.8.1.1) Gecko/20061204 Firefox/2.0.0.1"
58.112.203.144 - - [09/Sep/2021:14:54:47 +0000] "GET /function HTTP/1.1" 404 134 "-" "User-Agent: Mozilla/5.0 (Windows; U; Windows NT 5.1; en-US; rv:1.8.1.19) Gecko/20081204 SeaMonkey/1.1.14"
130.113.110.23 - - [09/Sep/2021:14:54:47 +0000] "GET /function.require HTTP/1.1" 404 134 "-" "User-Agent: Mozilla/5.0 (SymbianOS/9.2; U; Series60/3.1 NokiaE90-1/210.34.75 Profile/MIDP-2.0 Configuration/CLDC-1.1 ) AppleWebKit/413 (KHTML, like Gecko) Safari/413"
58.112.203.144 - - [09/Sep/2021:14:54:47 +0000] "GET /functionlude HTTP/1.1" 404 134 "-" "User-Agent: Mozilla/5.0 (Windows; U; Windows NT 5.1; en-US; rv:1.8.1.19) Gecko/20081204 SeaMonkey/1.1.14"
209.21.218.113 - - [09/Sep/2021:14:54:47 +0000] "GET /functions HTTP/1.1" 404 134 "-" "User-Agent: Mozilla/5.0 (Windows; U; WinNT4.0; en-US; rv:0.9.2) Gecko/20010726 Netscape6/6.1"
8.29.74.216 - - [09/Sep/2021:14:54:47 +0000] "GET /fund HTTP/1.1" 404 134 "-" "User-Agent: Mozilla/5.0 (Windows; U; Windows NT 5.1; en-US) AppleWebKit/525.19 (KHTML, like Gecko) Chrome/0.4.154.25 Safari/525.19"
8.29.74.216 - - [09/Sep/2021:14:54:47 +0000] "GET /funding HTTP/1.1" 404 134 "-" "User-Agent: Mozilla/5.0 (Windows; U; Windows NT 5.1; en-US) AppleWebKit/525.19 (KHTML, like Gecko) Chrome/0.4.154.25 Safari/525.19"
47.119.73.149 - - [09/Sep/2021:14:54:47 +0000] "GET /funds HTTP/1.1" 404 134 "-" "User-Agent: Mozilla/5.0 (Linux; U; Android 1.5; en-gb; HTC Magic Build/CRB17) AppleWebKit/528.5+ (KHTML, like Gecko) Version/3.1.2 Mobile Safari/525.20.1"
252.11.223.20 - - [09/Sep/2021:14:54:47 +0000] "GET /furl HTTP/1.1" 404 134 "-" "User-Agent: Mozilla/4.0 (compatible; MSIE 8.0; Windows NT 5.1; Trident/4.0; .NET CLR 2.0.50727; .NET CLR 3.0.4506.2152; .NET CLR 3.5.30729; .NET CLR 1.0.3705; .NET CLR 1.1.4322)"
181.229.27.51 - - [09/Sep/2021:14:54:47 +0000] "GET /fusion HTTP/1.1" 404 134 "-" "User-Agent: Mozilla/2.0 (compatible; MSIE 3.02; Update a; Windows NT)"
130.113.110.23 - - [09/Sep/2021:14:54:47 +0000] "GET /future HTTP/1.1" 404 134 "-" "User-Agent: Mozilla/5.0 (SymbianOS/9.2; U; Series60/3.1 NokiaE90-1/210.34.75 Profile/MIDP-2.0 Configuration/CLDC-1.1 ) AppleWebKit/413 (KHTML, like Gecko) Safari/413"
58.112.203.144 - - [09/Sep/2021:14:54:47 +0000] "GET /fw HTTP/1.1" 404 134 "-" "User-Agent: Mozilla/5.0 (Windows; U; Windows NT 5.1; en-US; rv:1.8.1.19) Gecko/20081204 SeaMonkey/1.1.14"
181.229.27.51 - - [09/Sep/2021:14:54:47 +0000] "GET /fwlink HTTP/1.1" 404 134 "-" "User-Agent: Mozilla/2.0 (compatible; MSIE 3.02; Update a; Windows NT)"
167.17.206.168 - - [09/Sep/2021:14:54:47 +0000] "GET /fx HTTP/1.1" 404 134 "-" "User-Agent: Mozilla/5.0 (Windows; U; Windows NT 5.1; en-GB; rv:1.8.1.1) Gecko/20061204 Firefox/2.0.0.1"
181.229.27.51 - - [09/Sep/2021:14:54:47 +0000] "GET /g HTTP/1.1" 404 134 "-" "User-Agent: Mozilla/2.0 (compatible; MSIE 3.02; Update a; Windows NT)"
205.176.141.182 - - [09/Sep/2021:14:54:47 +0000] "GET /ga HTTP/1.1" 404 134 "-" "User-Agent: Mozilla/4.79 [en] (WinNT; U)"
205.176.141.182 - - [09/Sep/2021:14:54:47 +0000] "GET /gadget HTTP/1.1" 404 134 "-" "User-Agent: Mozilla/4.79 [en] (WinNT; U)"
47.119.73.149 - - [09/Sep/2021:14:54:47 +0000] "GET /gadgets HTTP/1.1" 404 134 "-" "User-Agent: Mozilla/5.0 (Linux; U; Android 1.5; en-gb; HTC Magic Build/CRB17) AppleWebKit/528.5+ (KHTML, like Gecko) Version/3.1.2 Mobile Safari/525.20.1"
167.17.206.168 - - [09/Sep/2021:14:54:47 +0000] "GET /gaestebuch HTTP/1.1" 404 134 "-" "User-Agent: Mozilla/5.0 (Windows; U; Windows NT 5.1; en-GB; rv:1.8.1.1) Gecko/20061204 Firefox/2.0.0.1"
205.176.141.182 - - [09/Sep/2021:14:54:47 +0000] "GET /galeria HTTP/1.1" 404 134 "-" "User-Agent: Mozilla/4.79 [en] (WinNT; U)"
167.17.206.168 - - [09/Sep/2021:14:54:47 +0000] "GET /galerie HTTP/1.1" 404 134 "-" "User-Agent: Mozilla/5.0 (Windows; U; Windows NT 5.1; en-GB; rv:1.8.1.1) Gecko/20061204 Firefox/2.0.0.1"
190.133.162.187 - - [09/Sep/2021:14:54:47 +0000] "GET /galleries HTTP/1.1" 404 134 "-" "User-Agent: Mozilla/5.0 (Windows; U; Windows NT 5.1; en-GB; rv:1.9.0.4) Gecko/2008102920 Firefox/3.0.4"
58.112.203.144 - - [09/Sep/2021:14:54:47 +0000] "GET /gallery HTTP/1.1" 404 134 "-" "User-Agent: Mozilla/5.0 (Windows; U; Windows NT 5.1; en-US; rv:1.8.1.19) Gecko/20081204 SeaMonkey/1.1.14"
55.10.168.18 - - [09/Sep/2021:14:54:47 +0000] "GET /gallery2 HTTP/1.1" 404 134 "-" "User-Agent: Mozilla/5.0 (Windows; U; Windows NT 5.1; en-US) AppleWebKit/525.19 (KHTML, like Gecko) Chrome/1.0.154.48 Safari/525.19"
130.113.110.23 - - [09/Sep/2021:14:54:47 +0000] "GET /game HTTP/1.1" 404 134 "-" "User-Agent: Mozilla/5.0 (SymbianOS/9.2; U; Series60/3.1 NokiaE90-1/210.34.75 Profile/MIDP-2.0 Configuration/CLDC-1.1 ) AppleWebKit/413 (KHTML, like Gecko) Safari/413"
133.108.139.226 - - [09/Sep/2021:14:54:47 +0000] "GET /gamercard HTTP/1.1" 404 134 "-" "User-Agent: Mozilla/4.0 (compatible; MSIE 7.0; Windows NT 5.1; (R1 1.6))"
133.108.139.226 - - [09/Sep/2021:14:54:47 +0000] "GET /games HTTP/1.1" 404 134 "-" "User-Agent: Mozilla/4.0 (compatible; MSIE 7.0; Windows NT 5.1; (R1 1.6))"
205.176.141.182 - - [09/Sep/2021:14:54:47 +0000] "GET /gaming HTTP/1.1" 404 134 "-" "User-Agent: Mozilla/4.79 [en] (WinNT; U)"
58.112.203.144 - - [09/Sep/2021:14:54:47 +0000] "GET /ganglia HTTP/1.1" 404 134 "-" "User-Agent: Mozilla/5.0 (Windows; U; Windows NT 5.1; en-US; rv:1.8.1.19) Gecko/20081204 SeaMonkey/1.1.14"
47.119.73.149 - - [09/Sep/2021:14:54:47 +0000] "GET /garbage HTTP/1.1" 404 134 "-" "User-Agent: Mozilla/5.0 (Linux; U; Android 1.5; en-gb; HTC Magic Build/CRB17) AppleWebKit/528.5+ (KHTML, like Gecko) Version/3.1.2 Mobile Safari/525.20.1"
245.81.128.64 - - [09/Sep/2021:14:54:47 +0000] "GET /gate HTTP/1.1" 404 134 "-" "User-Agent: Mozilla/5.0 (PLAYSTATION 3; 1.00)"
186.234.217.13 - - [09/Sep/2021:14:54:47 +0000] "GET /gateway HTTP/1.1" 404 134 "-" "User-Agent: Mozilla/5.0 (Windows; U; Windows NT 5.1; en-US) AppleWebKit/525.27.1 (KHTML, like Gecko) Version/3.2.1 Safari/525.27.1"
130.113.110.23 - - [09/Sep/2021:14:54:47 +0000] "GET /gb HTTP/1.1" 404 134 "-" "User-Agent: Mozilla/5.0 (SymbianOS/9.2; U; Series60/3.1 NokiaE90-1/210.34.75 Profile/MIDP-2.0 Configuration/CLDC-1.1 ) AppleWebKit/413 (KHTML, like Gecko) Safari/413"
8.61.75.32 - - [09/Sep/2021:14:54:47 +0000] "GET /gbook HTTP/1.1" 404 134 "-" "User-Agent: Wget/1.8.2"
245.81.128.64 - - [09/Sep/2021:14:54:47 +0000] "GET /gccallback HTTP/1.1" 404 134 "-" "User-Agent: Mozilla/5.0 (PLAYSTATION 3; 1.00)"
130.113.110.23 - - [09/Sep/2021:14:54:47 +0000] "GET /gdform HTTP/1.1" 404 134 "-" "User-Agent: Mozilla/5.0 (SymbianOS/9.2; U; Series60/3.1 NokiaE90-1/210.34.75 Profile/MIDP-2.0 Configuration/CLDC-1.1 ) AppleWebKit/413 (KHTML, like Gecko) Safari/413"
209.21.218.113 - - [09/Sep/2021:14:54:47 +0000] "GET /geeklog HTTP/1.1" 404 134 "-" "User-Agent: Mozilla/5.0 (Windows; U; WinNT4.0; en-US; rv:0.9.2) Gecko/20010726 Netscape6/6.1"
239.12.96.101 - - [09/Sep/2021:14:54:47 +0000] "GET /gen HTTP/1.1" 404 134 "-" "User-Agent: Mozilla/5.0 (iPhone; U; CPU iPhone OS 2_2 like Mac OS X; en-us) AppleWebKit/525.18.1 (KHTML, like Gecko) Version/3.1.1 Mobile/5G77 Safari/525.20"
186.234.217.13 - - [09/Sep/2021:14:54:47 +0000] "GET /general HTTP/1.1" 404 134 "-" "User-Agent: Mozilla/5.0 (Windows; U; Windows NT 5.1; en-US) AppleWebKit/525.27.1 (KHTML, like Gecko) Version/3.2.1 Safari/525.27.1"
130.113.110.23 - - [09/Sep/2021:14:54:47 +0000] "GET /generateditems HTTP/1.1" 404 134 "-" "User-Agent: Mozilla/5.0 (SymbianOS/9.2; U; Series60/3.1 NokiaE90-1/210.34.75 Profile/MIDP-2.0 Configuration/CLDC-1.1 ) AppleWebKit/413 (KHTML, like Gecko) Safari/413"
84.255.200.120 - - [09/Sep/2021:14:54:47 +0000] "GET /generator HTTP/1.1" 404 134 "-" "User-Agent: Mozilla/4.0 (compatible; MSIE 7.0; Windows NT 5.1; .NET CLR 1.1.4322; .NET CLR 2.0.50727; .NET CLR 3.0.04506.30; .NET CLR 3.0.04506.648; .NET CLR 3.5.21022)"
133.108.139.226 - - [09/Sep/2021:14:54:47 +0000] "GET /generic HTTP/1.1" 404 134 "-" "User-Agent: Mozilla/4.0 (compatible; MSIE 7.0; Windows NT 5.1; (R1 1.6))"
181.229.27.51 - - [09/Sep/2021:14:54:47 +0000] "GET /gentoo HTTP/1.1" 404 134 "-" "User-Agent: Mozilla/2.0 (compatible; MSIE 3.02; Update a; Windows NT)"
252.11.223.20 - - [09/Sep/2021:14:54:47 +0000] "GET /geo HTTP/1.1" 404 134 "-" "User-Agent: Mozilla/4.0 (compatible; MSIE 8.0; Windows NT 5.1; Trident/4.0; .NET CLR 2.0.50727; .NET CLR 3.0.4506.2152; .NET CLR 3.5.30729; .NET CLR 1.0.3705; .NET CLR 1.1.4322)"
245.81.128.64 - - [09/Sep/2021:14:54:47 +0000] "GET /geoip HTTP/1.1" 404 134 "-" "User-Agent: Mozilla/5.0 (PLAYSTATION 3; 1.00)"
8.29.74.216 - - [09/Sep/2021:14:54:47 +0000] "GET /german HTTP/1.1" 404 134 "-" "User-Agent: Mozilla/5.0 (Windows; U; Windows NT 5.1; en-US) AppleWebKit/525.19 (KHTML, like Gecko) Chrome/0.4.154.25 Safari/525.19"
209.21.218.113 - - [09/Sep/2021:14:54:47 +0000] "GET /geronimo HTTP/1.1" 404 134 "-" "User-Agent: Mozilla/5.0 (Windows; U; WinNT4.0; en-US; rv:0.9.2) Gecko/20010726 Netscape6/6.1"
190.133.162.187 - - [09/Sep/2021:14:54:47 +0000] "GET /gest HTTP/1.1" 404 134 "-" "User-Agent: Mozilla/5.0 (Windows; U; Windows NT 5.1; en-GB; rv:1.9.0.4) Gecko/2008102920 Firefox/3.0.4"
47.119.73.149 - - [09/Sep/2021:14:54:47 +0000] "GET /gestion HTTP/1.1" 404 134 "-" "User-Agent: Mozilla/5.0 (Linux; U; Android 1.5; en-gb; HTC Magic Build/CRB17) AppleWebKit/528.5+ (KHTML, like Gecko) Version/3.1.2 Mobile Safari/525.20.1"
159.28.175.103 - - [09/Sep/2021:14:54:47 +0000] "GET /gestione HTTP/1.1" 404 134 "-" "User-Agent: Opera/9.27 (Windows NT 5.1; U; en)"
47.119.73.149 - - [09/Sep/2021:14:54:47 +0000] "GET /get HTTP/1.1" 404 134 "-" "User-Agent: Mozilla/5.0 (Linux; U; Android 1.5; en-gb; HTC Magic Build/CRB17) AppleWebKit/528.5+ (KHTML, like Gecko) Version/3.1.2 Mobile Safari/525.20.1"
239.12.96.101 - - [09/Sep/2021:14:54:47 +0000] "GET /get-file HTTP/1.1" 404 134 "-" "User-Agent: Mozilla/5.0 (iPhone; U; CPU iPhone OS 2_2 like Mac OS X; en-us) AppleWebKit/525.18.1 (KHTML, like Gecko) Version/3.1.1 Mobile/5G77 Safari/525.20"
