47.119.73.149 - - [09/Sep/2021:14:54:44 +0000] "GET /cabinet HTTP/1.1" 404 134 "-" "User-Agent: Mozilla/5.0 (Linux; U; Android 1.5; en-gb; HTC Magic Build/CRB17) AppleWebKit/528.5+ (KHTML, like Gecko) Version/3.1.2 Mobile Safari/525.20.1"
55.10.168.18 - - [09/Sep/2021:14:54:44 +0000] "GET /cache HTTP/1.1" 404 134 "-" "User-Agent: Mozilla/5.0 (Windows; U; Windows NT 5.1; en-US) AppleWebKit/525.19 (KHTML, like Gecko) Chrome/1.0.154.48 Safari/525.19"
8.29.74.216 - - [09/Sep/2021:14:54:44 +0000] "GET /cachemgr HTTP/1.1" 404 134 "-" "User-Agent: Mozilla/5.0 (Windows; U; Windows NT 5.1; en-US) AppleWebKit/525.19 (KHTML, like Gecko) Chrome/0.4.154.25 Safari/525.19"
209.21.218.113 - - [09/Sep/2021:14:54:44 +0000] "GET /cachemgr.cgi HTTP/1.1" 404 134 "-" "User-Agent: Mozilla/5.0 (Windows; U; WinNT4.0; en-US; rv:0.9.2) Gecko/20010726 Netscape6/6.1"
8.29.74.216 - - [09/Sep/2021:14:54:44 +0000] "GET /caching HTTP/1.1" 404 134 "-" "User-Agent: Mozilla/5.0 (Windows; U; Windows NT 5.1; en-US) AppleWebKit/525.19 (KHTML, like Gecko) Chrome/0.4.154.25 Safari/525.19"
154.76.37.160 - - [09/Sep/2021:14:54:44 +0000] "GET /cad HTTP/1.1" 404 134 "-" "User-Agent: Mozilla/4.0 (compatible; MSIE 4.01; Windows NT)"
8.29.74.216 - - [09/Sep/2021:14:54:44 +0000] "GET /cadmins HTTP/1.1" 404 134 "-" "User-Agent: Mozilla/5.0 (Windows; U; Windows NT 5.1; en-US) AppleWebKit/525.19 (KHTML, like Gecko) Chrome/0.4.154.25 Safari/525.19"
205.176.141.182 - - [09/Sep/2021:14:54:44 +0000] "GET /cal HTTP/1.1" 404 134 "-" "User-Agent: Mozilla/4.79 [en] (WinNT; U)"
14.73.88.95 - - [09/Sep/2021:14:54:44 +0000] "GET /files/d09bf41544a3365a46c9077ebb5e35c3.zip HTTP/1.1" 200 0 "http://btvn.kid.cyberjutsu-lab.tech/" "Mozilla/5.0 (Windows NT 10.0; Win64; x64) AppleWebKit/537.36 (KHTML, like Gecko) Chrome/92.0.4515.159 Safari/537.36"
154.76.37.160 - - [09/Sep/2021:14:54:44 +0000] "GET /calc HTTP/1.1" 404 134 "-" "User-Agent: Mozilla/4.0 (compatible; MSIE 4.01; Windows NT)"
209.21.218.113 - - [09/Sep/2021:14:54:44 +0000] "GET /calendar HTTP/1.1" 404 134 "-" "User-Agent: Mozilla/5.0 (Windows; U; WinNT4.0; en-US; rv:0.9.2) Gecko/20010726 Netscape6/6.1"
7.90.30.132 - - [09/Sep/2021:14:54:44 +0000] "GET /calendar_events HTTP/1.1" 404 134 "-" "User-Agent: Mozilla/4.0 (compatible; MSIE 5.5; Windows NT 4.0)"
167.17.206.168 - - [09/Sep/2021:14:54:44 +0000] "GET /calendar_sports HTTP/1.1" 404 134 "-" "User-Agent: Mozilla/5.0 (Windows; U; Windows NT 5.1; en-GB; rv:1.8.1.1) Gecko/20061204 Firefox/2.0.0.1"
205.176.141.182 - - [09/Sep/2021:14:54:44 +0000] "GET /calendarevents HTTP/1.1" 404 134 "-" "User-Agent: Mozilla/4.79 [en] (WinNT; U)"
8.29.74.216 - - [09/Sep/2021:14:54:44 +0000] "GET /calendars HTTP/1.1" 404 134 "-" "User-Agent: Mozilla/5.0 (Windows; U; Windows NT 5.1; en-US) AppleWebKit/525.19 (KHTML, like Gecko) Chrome/0.4.154.25 Safari/525.19"
84.255.200.120 - - [09/Sep/2021:14:54:44 +0000] "GET /call HTTP/1.1" 404 134 "-" "User-Agent: Mozilla/4.0 (compatible; MSIE 7.0; Windows NT 5.1; .NET CLR 1.1.4322; .NET CLR 2.0.50727; .NET CLR 3.0.04506.30; .NET CLR 3.0.04506.648; .NET CLR 3.5.21022)"
181.229.27.51 - - [09/Sep/2021:14:54:44 +0000] "GET /callback HTTP/1.1" 404 134 "-" "User-Agent: Mozilla/2.0 (compatible; MSIE 3.02; Update a; Windows NT)"
190.133.162.187 - - [09/Sep/2021:14:54:44 +0000] "GET /callee HTTP/1.1" 404 134 "-" "User-Agent: Mozilla/5.0 (Windows; U; Windows NT 5.1; en-GB; rv:1.9.0.4) Gecko/2008102920 Firefox/3.0.4"
252.11.223.20 - - [09/Sep/2021:14:54:44 +0000] "GET /caller HTTP/1.1" 404 134 "-" "User-Agent: Mozilla/4.0 (compatible; MSIE 8.0; Windows NT 5.1; Trident/4.0; .NET CLR 2.0.50727; .NET CLR 3.0.4506.2152; .NET CLR 3.5.30729; .NET CLR 1.0.3705; .NET CLR 1.1.4322)"
186.234.217.13 - - [09/Sep/2021:14:54:44 +0000] "GET /callin HTTP/1.1" 404 134 "-" "User-Agent: Mozilla/5.0 (Windows; U; Windows NT 5.1; en-US) AppleWebKit/525.27.1 (KHTML, like Gecko) Version/3.2.1 Safari/525.27.1"
133.108.139.226 - - [09/Sep/2021:14:54:44 +0000] "GET /calling HTTP/1.1" 404 134 "-" "User-Agent: Mozilla/4.0 (compatible; MSIE 7.0; Windows NT 5.1; (R1 1.6))"
58.112.203.144 - - [09/Sep/2021:14:54:44 +0000] "GET /callout HTTP/1.1" 404 134 "-" "User-Agent: Mozilla/5.0 (Windows; U; Windows NT 5.1; en-US; rv:1.8.1.19) Gecko/20081204 SeaMonkey/1.1.14"
14.73.88.95 - - [09/Sep/2021:14:54:44 +0000] "GET /files/fbd7939d674997cdb4692d34de8633c4.zip HTTP/1.1" 200 0 "http://btvn.kid.cyberjutsu-lab.tech/" "Mozilla/5.0 (Windows NT 10.0; Win64; x64) AppleWebKit/537.36 (KHTML, like Gecko) Chrome/92.0.4515.159 Safari/537.36"
186.234.217.13 - - [09/Sep/2021:14:54:44 +0000] "GET /cam HTTP/1.1" 404 134 "-" "User-Agent: Mozilla/5.0 (Windows; U; Windows NT 5.1; en-US) AppleWebKit/525.27.1 (KHTML, like Gecko) Version/3.2.1 Safari/525.27.1"
47.119.73.149 - - [09/Sep/2021:14:54:44 +0000] "GET /camel HTTP/1.1" 404 134 "-" "User-Agent: Mozilla/5.0 (Linux; U; Android 1.5; en-gb; HTC Magic Build/CRB17) AppleWebKit/528.5+ (KHTML, like Gecko) Version/3.1.2 Mobile Safari/525.20.1"
130.113.110.23 - - [09/Sep/2021:14:54:44 +0000] "GET /campaign HTTP/1.1" 404 134 "-" "User-Agent: Mozilla/5.0 (SymbianOS/9.2; U; Series60/3.1 NokiaE90-1/210.34.75 Profile/MIDP-2.0 Configuration/CLDC-1.1 ) AppleWebKit/413 (KHTML, like Gecko) Safari/413"
8.61.75.32 - - [09/Sep/2021:14:54:44 +0000] "GET /campaigns HTTP/1.1" 404 134 "-" "User-Agent: Wget/1.8.2"
205.176.141.182 - - [09/Sep/2021:14:54:44 +0000] "GET /can HTTP/1.1" 404 134 "-" "User-Agent: Mozilla/4.79 [en] (WinNT; U)"
8.61.75.32 - - [09/Sep/2021:14:54:44 +0000] "GET /canada HTTP/1.1" 404 134 "-" "User-Agent: Wget/1.8.2"
14.73.88.95 - - [09/Sep/2021:14:54:44 +0000] "GET /files/28dd2c7955ce926456240b2ff0100bde.zip HTTP/1.1" 200 0 "http://btvn.kid.cyberjutsu-lab.tech/" "Mozilla/5.0 (Windows NT 10.0; Win64; x64) AppleWebKit/537.36 (KHTML, like Gecko) Chrome/92.0.4515.159 Safari/537.36"
7.90.30.132 - - [09/Sep/2021:14:54:44 +0000] "GET /captcha HTTP/1.1" 404 134 "-" "User-Agent: Mozilla/4.0 (compatible; MSIE 5.5; Windows NT 4.0)"
133.108.139.226 - - [09/Sep/2021:14:54:44 +0000] "GET /car HTTP/1.1" 404 134 "-" "User-Agent: Mozilla/4.0 (compatible; MSIE 7.0; Windows NT 5.1; (R1 1.6))"
239.12.96.101 - - [09/Sep/2021:14:54:44 +0000] "GET /carbuyaction HTTP/1.1" 404 134 "-" "User-Agent: Mozilla/5.0 (iPhone; U; CPU iPhone OS 2_2 like Mac OS X; en-us) AppleWebKit/525.18.1 (KHTML, like Gecko) Version/3.1.1 Mobile/5G77 Safari/525.20"
14.73.88.95 - - [09/Sep/2021:14:54:44 +0000] "GET /files/35f4a8d465e6e1edc05f3d8ab658c551.zip HTTP/1.1" 200 0 "http://btvn.kid.cyberjutsu-lab.tech/" "Mozilla/5.0 (Windows NT 10.0; Win64; x64) AppleWebKit/537.36 (KHTML, like Gecko) Chrome/92.0.4515.159 Safari/537.36"
181.229.27.51 - - [09/Sep/2021:14:54:44 +0000] "GET /card HTTP/1.1" 404 134 "-" "User-Agent: Mozilla/2.0 (compatible; MSIE 3.02; Update a; Windows NT)"
159.28.175.103 - - [09/Sep/2021:14:54:44 +0000] "GET /cardinal HTTP/1.1" 404 134 "-" "User-Agent: Opera/9.27 (Windows NT 5.1; U; en)"
133.108.139.226 - - [09/Sep/2021:14:54:44 +0000] "GET /cardinalauth HTTP/1.1" 404 134 "-" "User-Agent: Mozilla/4.0 (compatible; MSIE 7.0; Windows NT 5.1; (R1 1.6))"
58.112.203.144 - - [09/Sep/2021:14:54:44 +0000] "GET /cardinalform HTTP/1.1" 404 134 "-" "User-Agent: Mozilla/5.0 (Windows; U; Windows NT 5.1; en-US; rv:1.8.1.19) Gecko/20081204 SeaMonkey/1.1.14"
130.113.110.23 - - [09/Sep/2021:14:54:44 +0000] "GET /cards HTTP/1.1" 404 134 "-" "User-Agent: Mozilla/5.0 (SymbianOS/9.2; U; Series60/3.1 NokiaE90-1/210.34.75 Profile/MIDP-2.0 Configuration/CLDC-1.1 ) AppleWebKit/413 (KHTML, like Gecko) Safari/413"
130.113.110.23 - - [09/Sep/2021:14:54:44 +0000] "GET /career HTTP/1.1" 404 134 "-" "User-Agent: Mozilla/5.0 (SymbianOS/9.2; U; Series60/3.1 NokiaE90-1/210.34.75 Profile/MIDP-2.0 Configuration/CLDC-1.1 ) AppleWebKit/413 (KHTML, like Gecko) Safari/413"
8.29.74.216 - - [09/Sep/2021:14:54:44 +0000] "GET /careers HTTP/1.1" 404 134 "-" "User-Agent: Mozilla/5.0 (Windows; U; Windows NT 5.1; en-US) AppleWebKit/525.19 (KHTML, like Gecko) Chrome/0.4.154.25 Safari/525.19"
190.133.162.187 - - [09/Sep/2021:14:54:44 +0000] "GET /carp HTTP/1.1" 404 134 "-" "User-Agent: Mozilla/5.0 (Windows; U; Windows NT 5.1; en-GB; rv:1.9.0.4) Gecko/2008102920 Firefox/3.0.4"
55.10.168.18 - - [09/Sep/2021:14:54:44 +0000] "GET /carpet HTTP/1.1" 404 134 "-" "User-Agent: Mozilla/5.0 (Windows; U; Windows NT 5.1; en-US) AppleWebKit/525.19 (KHTML, like Gecko) Chrome/1.0.154.48 Safari/525.19"
245.81.128.64 - - [09/Sep/2021:14:54:44 +0000] "GET /cars HTTP/1.1" 404 134 "-" "User-Agent: Mozilla/5.0 (PLAYSTATION 3; 1.00)"
130.113.110.23 - - [09/Sep/2021:14:54:44 +0000] "GET /cart HTTP/1.1" 404 134 "-" "User-Agent: Mozilla/5.0 (SymbianOS/9.2; U; Series60/3.1 NokiaE90-1/210.34.75 Profile/MIDP-2.0 Configuration/CLDC-1.1 ) AppleWebKit/413 (KHTML, like Gecko) Safari/413"
130.113.110.23 - - [09/Sep/2021:14:54:44 +0000] "GET /carthandler HTTP/1.1" 404 134 "-" "User-Agent: Mozilla/5.0 (SymbianOS/9.2; U; Series60/3.1 NokiaE90-1/210.34.75 Profile/MIDP-2.0 Configuration/CLDC-1.1 ) AppleWebKit/413 (KHTML, like Gecko) Safari/413"
190.133.162.187 - - [09/Sep/2021:14:54:44 +0000] "GET /carts HTTP/1.1" 404 134 "-" "User-Agent: Mozilla/5.0 (Windows; U; Windows NT 5.1; en-GB; rv:1.9.0.4) Gecko/2008102920 Firefox/3.0.4"
14.73.88.95 - - [09/Sep/2021:14:54:44 +0000] "GET /files/d1fe173d08e959397adf34b1d77e88d7.zip HTTP/1.1" 200 0 "http://btvn.kid.cyberjutsu-lab.tech/" "Mozilla/5.0 (Windows NT 10.0; Win64; x64) AppleWebKit/537.36 (KHTML, like Gecko) Chrome/92.0.4515.159 Safari/537.36"
130.113.110.23 - - [09/Sep/2021:14:54:44 +0000] "GET /cas HTTP/1.1" 404 134 "-" "User-Agent: Mozilla/5.0 (SymbianOS/9.2; U; Series60/3.1 NokiaE90-1/210.34.75 Profile/MIDP-2.0 Configuration/CLDC-1.1 ) AppleWebKit/413 (KHTML, like Gecko) Safari/413"
181.229.27.51 - - [09/Sep/2021:14:54:44 +0000] "GET /cases HTTP/1.1" 404 134 "-" "User-Agent: Mozilla/2.0 (compatible; MSIE 3.02; Update a; Windows NT)"
55.10.168.18 - - [09/Sep/2021:14:54:44 +0000] "GET /casestudies HTTP/1.1" 404 134 "-" "User-Agent: Mozilla/5.0 (Windows; U; Windows NT 5.1; en-US) AppleWebKit/525.19 (KHTML, like Gecko) Chrome/1.0.154.48 Safari/525.19"
252.11.223.20 - - [09/Sep/2021:14:54:44 +0000] "GET /cash HTTP/1.1" 404 134 "-" "User-Agent: Mozilla/4.0 (compatible; MSIE 8.0; Windows NT 5.1; Trident/4.0; .NET CLR 2.0.50727; .NET CLR 3.0.4506.2152; .NET CLR 3.5.30729; .NET CLR 1.0.3705; .NET CLR 1.1.4322)"
167.17.206.168 - - [09/Sep/2021:14:54:44 +0000] "GET /cat HTTP/1.1" 404 134 "-" "User-Agent: Mozilla/5.0 (Windows; U; Windows NT 5.1; en-GB; rv:1.8.1.1) Gecko/20061204 Firefox/2.0.0.1"
84.255.200.120 - - [09/Sep/2021:14:54:44 +0000] "GET /catalog HTTP/1.1" 404 134 "-" "User-Agent: Mozilla/4.0 (compatible; MSIE 7.0; Windows NT 5.1; .NET CLR 1.1.4322; .NET CLR 2.0.50727; .NET CLR 3.0.04506.30; .NET CLR 3.0.04506.648; .NET CLR 3.5.21022)"
239.12.96.101 - - [09/Sep/2021:14:54:44 +0000] "GET /catalog.wci HTTP/1.1" 404 134 "-" "User-Agent: Mozilla/5.0 (iPhone; U; CPU iPhone OS 2_2 like Mac OS X; en-us) AppleWebKit/525.18.1 (KHTML, like Gecko) Version/3.1.1 Mobile/5G77 Safari/525.20"
8.61.75.32 - - [09/Sep/2021:14:54:44 +0000] "GET /catalogs HTTP/1.1" 404 134 "-" "User-Agent: Wget/1.8.2"
252.11.223.20 - - [09/Sep/2021:14:54:44 +0000] "GET /catalogsearch HTTP/1.1" 404 134 "-" "User-Agent: Mozilla/4.0 (compatible; MSIE 8.0; Windows NT 5.1; Trident/4.0; .NET CLR 2.0.50727; .NET CLR 3.0.4506.2152; .NET CLR 3.5.30729; .NET CLR 1.0.3705; .NET CLR 1.1.4322)"
181.229.27.51 - - [09/Sep/2021:14:54:44 +0000] "GET /catalogue HTTP/1.1" 404 134 "-" "User-Agent: Mozilla/2.0 (compatible; MSIE 3.02; Update a; Windows NT)"
239.12.96.101 - - [09/Sep/2021:14:54:44 +0000] "GET /catalyst HTTP/1.1" 404 134 "-" "User-Agent: Mozilla/5.0 (iPhone; U; CPU iPhone OS 2_2 like Mac OS X; en-us) AppleWebKit/525.18.1 (KHTML, like Gecko) Version/3.1.1 Mobile/5G77 Safari/525.20"
186.234.217.13 - - [09/Sep/2021:14:54:44 +0000] "GET /catch HTTP/1.1" 404 134 "-" "User-Agent: Mozilla/5.0 (Windows; U; Windows NT 5.1; en-US) AppleWebKit/525.27.1 (KHTML, like Gecko) Version/3.2.1 Safari/525.27.1"
84.255.200.120 - - [09/Sep/2021:14:54:44 +0000] "GET /categoria HTTP/1.1" 404 134 "-" "User-Agent: Mozilla/4.0 (compatible; MSIE 7.0; Windows NT 5.1; .NET CLR 1.1.4322; .NET CLR 2.0.50727; .NET CLR 3.0.04506.30; .NET CLR 3.0.04506.648; .NET CLR 3.5.21022)"
186.234.217.13 - - [09/Sep/2021:14:54:44 +0000] "GET /categories HTTP/1.1" 404 134 "-" "User-Agent: Mozilla/5.0 (Windows; U; Windows NT 5.1; en-US) AppleWebKit/525.27.1 (KHTML, like Gecko) Version/3.2.1 Safari/525.27.1"
8.29.74.216 - - [09/Sep/2021:14:54:44 +0000] "GET /category HTTP/1.1" 404 134 "-" "User-Agent: Mozilla/5.0 (Windows; U; Windows NT 5.1; en-US) AppleWebKit/525.19 (KHTML, like Gecko) Chrome/0.4.154.25 Safari/525.19"
47.119.73.149 - - [09/Sep/2021:14:54:44 +0000] "GET /catinfo HTTP/1.1" 404 134 "-" "User-Agent: Mozilla/5.0 (Linux; U; Android 1.5; en-gb; HTC Magic Build/CRB17) AppleWebKit/528.5+ (KHTML, like Gecko) Version/3.1.2 Mobile Safari/525.20.1"
252.11.223.20 - - [09/Sep/2021:14:54:44 +0000] "GET /cats HTTP/1.1" 404 134 "-" "User-Agent: Mozilla/4.0 (compatible; MSIE 8.0; Windows NT 5.1; Trident/4.0; .NET CLR 2.0.50727; .NET CLR 3.0.4506.2152; .NET CLR 3.5.30729; .NET CLR 1.0.3705; .NET CLR 1.1.4322)"
14.73.88.95 - - [09/Sep/2021:14:54:44 +0000] "GET /files/f033ab37c30201f73f142449d037028d.zip HTTP/1.1" 200 0 "http://btvn.kid.cyberjutsu-lab.tech/" "Mozilla/5.0 (Windows NT 10.0; Win64; x64) AppleWebKit/537.36 (KHTML, like Gecko) Chrome/92.0.4515.159 Safari/537.36"
8.29.74.216 - - [09/Sep/2021:14:54:44 +0000] "GET /cb HTTP/1.1" 404 134 "-" "User-Agent: Mozilla/5.0 (Windows; U; Windows NT 5.1; en-US) AppleWebKit/525.19 (KHTML, like Gecko) Chrome/0.4.154.25 Safari/525.19"
58.112.203.144 - - [09/Sep/2021:14:54:44 +0000] "GET /cc HTTP/1.1" 404 134 "-" "User-Agent: Mozilla/5.0 (Windows; U; Windows NT 5.1; en-US; rv:1.8.1.19) Gecko/20081204 SeaMonkey/1.1.14"
55.10.168.18 - - [09/Sep/2021:14:54:44 +0000] "GET /ccbill HTTP/1.1" 404 134 "-" "User-Agent: Mozilla/5.0 (Windows; U; Windows NT 5.1; en-US) AppleWebKit/525.19 (KHTML, like Gecko) Chrome/1.0.154.48 Safari/525.19"
205.176.141.182 - - [09/Sep/2021:14:54:44 +0000] "GET /ccount HTTP/1.1" 404 134 "-" "User-Agent: Mozilla/4.79 [en] (WinNT; U)"
84.255.200.120 - - [09/Sep/2021:14:54:44 +0000] "GET /ccp14admin HTTP/1.1" 404 134 "-" "User-Agent: Mozilla/4.0 (compatible; MSIE 7.0; Windows NT 5.1; .NET CLR 1.1.4322; .NET CLR 2.0.50727; .NET CLR 3.0.04506.30; .NET CLR 3.0.04506.648; .NET CLR 3.5.21022)"
7.90.30.132 - - [09/Sep/2021:14:54:44 +0000] "GET /ccs HTTP/1.1" 404 134 "-" "User-Agent: Mozilla/4.0 (compatible; MSIE 5.5; Windows NT 4.0)"
190.133.162.187 - - [09/Sep/2021:14:54:44 +0000] "GET /cd HTTP/1.1" 404 134 "-" "User-Agent: Mozilla/5.0 (Windows; U; Windows NT 5.1; en-GB; rv:1.9.0.4) Gecko/2008102920 Firefox/3.0.4"
190.133.162.187 - - [09/Sep/2021:14:54:44 +0000] "GET /cdrom HTTP/1.1" 404 134 "-" "User-Agent: Mozilla/5.0 (Windows; U; Windows NT 5.1; en-GB; rv:1.9.0.4) Gecko/2008102920 Firefox/3.0.4"
186.234.217.13 - - [09/Sep/2021:14:54:44 +0000] "GET /centres HTTP/1.1" 404 134 "-" "User-Agent: Mozilla/5.0 (Windows; U; Windows NT 5.1; en-US) AppleWebKit/525.27.1 (KHTML, like Gecko) Version/3.2.1 Safari/525.27.1"
239.12.96.101 - - [09/Sep/2021:14:54:44 +0000] "GET /cert HTTP/1.1" 404 134 "-" "User-Agent: Mozilla/5.0 (iPhone; U; CPU iPhone OS 2_2 like Mac OS X; en-us) AppleWebKit/525.18.1 (KHTML, like Gecko) Version/3.1.1 Mobile/5G77 Safari/525.20"
47.119.73.149 - - [09/Sep/2021:14:54:44 +0000] "GET /certenroll HTTP/1.1" 404 134 "-" "User-Agent: Mozilla/5.0 (Linux; U; Android 1.5; en-gb; HTC Magic Build/CRB17) AppleWebKit/528.5+ (KHTML, like Gecko) Version/3.1.2 Mobile Safari/525.20.1"
58.112.203.144 - - [09/Sep/2021:14:54:44 +0000] "GET /certificate HTTP/1.1" 404 134 "-" "User-Agent: Mozilla/5.0 (Windows; U; Windows NT 5.1; en-US; rv:1.8.1.19) Gecko/20081204 SeaMonkey/1.1.14"
239.12.96.101 - - [09/Sep/2021:14:54:44 +0000] "GET /certificates HTTP/1.1" 404 134 "-" "User-Agent: Mozilla/5.0 (iPhone; U; CPU iPhone OS 2_2 like Mac OS X; en-us) AppleWebKit/525.18.1 (KHTML, like Gecko) Version/3.1.1 Mobile/5G77 Safari/525.20"
154.76.37.160 - - [09/Sep/2021:14:54:44 +0000] "GET /certification HTTP/1.1" 404 134 "-" "User-Agent: Mozilla/4.0 (compatible; MSIE 4.01; Windows NT)"
14.73.88.95 - - [09/Sep/2021:14:54:44 +0000] "GET /files/43ec517d68b6edd3015b3edc9a11367b.zip HTTP/1.1" 200 0 "http://btvn.kid.cyberjutsu-lab.tech/" "Mozilla/5.0 (Windows NT 10.0; Win64; x64) AppleWebKit/537.36 (KHTML, like Gecko) Chrome/92.0.4515.159 Safari/537.36"
205.176.141.182 - - [09/Sep/2021:14:54:44 +0000] "GET /certified HTTP/1.1" 404 134 "-" "User-Agent: Mozilla/4.79 [en] (WinNT; U)"
190.133.162.187 - - [09/Sep/2021:14:54:44 +0000] "GET /certs HTTP/1.1" 404 134 "-" "User-Agent: Mozilla/5.0 (Windows; U; Windows NT 5.1; en-GB; rv:1.9.0.4) Gecko/2008102920 Firefox/3.0.4"
190.133.162.187 - - [09/Sep/2021:14:54:44 +0000] "GET /certserver HTTP/1.1" 404 134 "-" "User-Agent: Mozilla/5.0 (Windows; U; Windows NT 5.1; en-GB; rv:1.9.0.4) Gecko/2008102920 Firefox/3.0.4"
190.133.162.187 - - [09/Sep/2021:14:54:44 +0000] "GET /certsrv HTTP/1.1" 404 134 "-" "User-Agent: Mozilla/5.0 (Windows; U; Windows NT 5.1; en-GB; rv:1.9.0.4) Gecko/2008102920 Firefox/3.0.4"
167.17.206.168 - - [09/Sep/2021:14:54:44 +0000] "GET /cf HTTP/1.1" 404 134 "-" "User-Agent: Mozilla/5.0 (Windows; U; Windows NT 5.1; en-GB; rv:1.8.1.1) Gecko/20061204 Firefox/2.0.0.1"
8.61.75.32 - - [09/Sep/2021:14:54:44 +0000] "GET /cfc HTTP/1.1" 404 134 "-" "User-Agent: Wget/1.8.2"
130.113.110.23 - - [09/Sep/2021:14:54:44 +0000] "GET /cfcache HTTP/1.1" 404 134 "-" "User-Agent: Mozilla/5.0 (SymbianOS/9.2; U; Series60/3.1 NokiaE90-1/210.34.75 Profile/MIDP-2.0 Configuration/CLDC-1.1 ) AppleWebKit/413 (KHTML, like Gecko) Safari/413"
84.255.200.120 - - [09/Sep/2021:14:54:44 +0000] "GET /cfdocs HTTP/1.1" 404 134 "-" "User-Agent: Mozilla/4.0 (compatible; MSIE 7.0; Windows NT 5.1; .NET CLR 1.1.4322; .NET CLR 2.0.50727; .NET CLR 3.0.04506.30; .NET CLR 3.0.04506.648; .NET CLR 3.5.21022)"
130.113.110.23 - - [09/Sep/2021:14:54:44 +0000] "GET /cfg HTTP/1.1" 404 134 "-" "User-Agent: Mozilla/5.0 (SymbianOS/9.2; U; Series60/3.1 NokiaE90-1/210.34.75 Profile/MIDP-2.0 Configuration/CLDC-1.1 ) AppleWebKit/413 (KHTML, like Gecko) Safari/413"
167.17.206.168 - - [09/Sep/2021:14:54:44 +0000] "GET /cfide HTTP/1.1" 404 134 "-" "User-Agent: Mozilla/5.0 (Windows; U; Windows NT 5.1; en-GB; rv:1.8.1.1) Gecko/20061204 Firefox/2.0.0.1"
14.73.88.95 - - [09/Sep/2021:14:54:44 +0000] "GET /files/9778d5d219c5080b9a6a17bef029331c.zip HTTP/1.1" 200 0 "http://btvn.kid.cyberjutsu-lab.tech/" "Mozilla/5.0 (Windows NT 10.0; Win64; x64) AppleWebKit/537.36 (KHTML, like Gecko) Chrome/92.0.4515.159 Safari/537.36"
159.28.175.103 - - [09/Sep/2021:14:54:44 +0000] "GET /cfm HTTP/1.1" 404 134 "-" "User-Agent: Opera/9.27 (Windows NT 5.1; U; en)"
130.113.110.23 - - [09/Sep/2021:14:54:44 +0000] "GET /cfusion HTTP/1.1" 404 134 "-" "User-Agent: Mozilla/5.0 (SymbianOS/9.2; U; Series60/3.1 NokiaE90-1/210.34.75 Profile/MIDP-2.0 Configuration/CLDC-1.1 ) AppleWebKit/413 (KHTML, like Gecko) Safari/413"
154.76.37.160 - - [09/Sep/2021:14:54:44 +0000] "GET /cgi HTTP/1.1" 404 134 "-" "User-Agent: Mozilla/4.0 (compatible; MSIE 4.01; Windows NT)"
7.90.30.132 - - [09/Sep/2021:14:54:44 +0000] "GET /cgi-bin HTTP/1.1" 404 134 "-" "User-Agent: Mozilla/4.0 (compatible; MSIE 5.5; Windows NT 4.0)"
8.29.74.216 - - [09/Sep/2021:14:54:44 +0000] "GET /cgi-bin/ HTTP/1.1" 404 134 "-" "User-Agent: Mozilla/5.0 (Windows; U; Windows NT 5.1; en-US) AppleWebKit/525.19 (KHTML, like Gecko) Chrome/0.4.154.25 Safari/525.19"
252.11.223.20 - - [09/Sep/2021:14:54:44 +0000] "GET /cgi-bin2 HTTP/1.1" 404 134 "-" "User-Agent: Mozilla/4.0 (compatible; MSIE 8.0; Windows NT 5.1; Trident/4.0; .NET CLR 2.0.50727; .NET CLR 3.0.4506.2152; .NET CLR 3.5.30729; .NET CLR 1.0.3705; .NET CLR 1.1.4322)"
14.73.88.95 - - [09/Sep/2021:14:54:44 +0000] "GET /files/fe9fc289c3ff0af142b6d3bead98a923.zip HTTP/1.1" 200 0 "http://btvn.kid.cyberjutsu-lab.tech/" "Mozilla/5.0 (Windows NT 10.0; Win64; x64) AppleWebKit/537.36 (KHTML, like Gecko) Chrome/92.0.4515.159 Safari/537.36"
8.61.75.32 - - [09/Sep/2021:14:54:44 +0000] "GET /cgi-data HTTP/1.1" 404 134 "-" "User-Agent: Wget/1.8.2"
14.73.88.95 - - [09/Sep/2021:14:54:44 +0000] "GET /files/14ec09bb925ed43775d1f8c1b0c87a74.zip HTTP/1.1" 304 0 "http://btvn.kid.cyberjutsu-lab.tech/" "Mozilla/5.0 (Windows NT 10.0; Win64; x64) AppleWebKit/537.36 (KHTML, like Gecko) Chrome/92.0.4515.159 Safari/537.36"
55.10.168.18 - - [09/Sep/2021:14:54:44 +0000] "GET /cgi-exe HTTP/1.1" 404 134 "-" "User-Agent: Mozilla/5.0 (Windows; U; Windows NT 5.1; en-US) AppleWebKit/525.19 (KHTML, like Gecko) Chrome/1.0.154.48 Safari/525.19"
239.12.96.101 - - [09/Sep/2021:14:54:44 +0000] "GET /cgi-home HTTP/1.1" 404 134 "-" "User-Agent: Mozilla/5.0 (iPhone; U; CPU iPhone OS 2_2 like Mac OS X; en-us) AppleWebKit/525.18.1 (KHTML, like Gecko) Version/3.1.1 Mobile/5G77 Safari/525.20"
130.113.110.23 - - [09/Sep/2021:14:54:44 +0000] "GET /cgi-image HTTP/1.1" 404 134 "-" "User-Agent: Mozilla/5.0 (SymbianOS/9.2; U; Series60/3.1 NokiaE90-1/210.34.75 Profile/MIDP-2.0 Configuration/CLDC-1.1 ) AppleWebKit/413 (KHTML, like Gecko) Safari/413"
8.29.74.216 - - [09/Sep/2021:14:54:44 +0000] "GET /cgi-local HTTP/1.1" 404 134 "-" "User-Agent: Mozilla/5.0 (Windows; U; Windows NT 5.1; en-US) AppleWebKit/525.19 (KHTML, like Gecko) Chrome/0.4.154.25 Safari/525.19"
58.112.203.144 - - [09/Sep/2021:14:54:44 +0000] "GET /cgi-perl HTTP/1.1" 404 134 "-" "User-Agent: Mozilla/5.0 (Windows; U; Windows NT 5.1; en-US; rv:1.8.1.19) Gecko/20081204 SeaMonkey/1.1.14"
167.17.206.168 - - [09/Sep/2021:14:54:44 +0000] "GET /cgi-pub HTTP/1.1" 404 134 "-" "User-Agent: Mozilla/5.0 (Windows; U; Windows NT 5.1; en-GB; rv:1.8.1.1) Gecko/20061204 Firefox/2.0.0.1"
159.28.175.103 - - [09/Sep/2021:14:54:44 +0000] "GET /cgi-script HTTP/1.1" 404 134 "-" "User-Agent: Opera/9.27 (Windows NT 5.1; U; en)"
14.73.88.95 - - [09/Sep/2021:14:54:44 +0000] "GET /files/68d30a9594728bc39aa24be94b319d21.zip HTTP/1.1" 200 0 "http://btvn.kid.cyberjutsu-lab.tech/" "Mozilla/5.0 (Windows NT 10.0; Win64; x64) AppleWebKit/537.36 (KHTML, like Gecko) Chrome/92.0.4515.159 Safari/537.36"
209.21.218.113 - - [09/Sep/2021:14:54:44 +0000] "GET /cgi-shl HTTP/1.1" 404 134 "-" "User-Agent: Mozilla/5.0 (Windows; U; WinNT4.0; en-US; rv:0.9.2) Gecko/20010726 Netscape6/6.1"
245.81.128.64 - - [09/Sep/2021:14:54:44 +0000] "GET /cgi-sys HTTP/1.1" 404 134 "-" "User-Agent: Mozilla/5.0 (PLAYSTATION 3; 1.00)"
186.234.217.13 - - [09/Sep/2021:14:54:44 +0000] "GET /cgi-web HTTP/1.1" 404 134 "-" "User-Agent: Mozilla/5.0 (Windows; U; Windows NT 5.1; en-US) AppleWebKit/525.27.1 (KHTML, like Gecko) Version/3.2.1 Safari/525.27.1"
14.73.88.95 - - [09/Sep/2021:14:54:44 +0000] "GET /files/3ef815416f775098fe977004015c6193.zip HTTP/1.1" 200 0 "http://btvn.kid.cyberjutsu-lab.tech/" "Mozilla/5.0 (Windows NT 10.0; Win64; x64) AppleWebKit/537.36 (KHTML, like Gecko) Chrome/92.0.4515.159 Safari/537.36"
181.229.27.51 - - [09/Sep/2021:14:54:44 +0000] "GET /cgi-win HTTP/1.1" 404 134 "-" "User-Agent: Mozilla/2.0 (compatible; MSIE 3.02; Update a; Windows NT)"
84.255.200.120 - - [09/Sep/2021:14:54:44 +0000] "GET /cgi_bin HTTP/1.1" 404 134 "-" "User-Agent: Mozilla/4.0 (compatible; MSIE 7.0; Windows NT 5.1; .NET CLR 1.1.4322; .NET CLR 2.0.50727; .NET CLR 3.0.04506.30; .NET CLR 3.0.04506.648; .NET CLR 3.5.21022)"
167.17.206.168 - - [09/Sep/2021:14:54:44 +0000] "GET /cgibin HTTP/1.1" 404 134 "-" "User-Agent: Mozilla/5.0 (Windows; U; Windows NT 5.1; en-GB; rv:1.8.1.1) Gecko/20061204 Firefox/2.0.0.1"
252.11.223.20 - - [09/Sep/2021:14:54:44 +0000] "GET /cgis HTTP/1.1" 404 134 "-" "User-Agent: Mozilla/4.0 (compatible; MSIE 8.0; Windows NT 5.1; Trident/4.0; .NET CLR 2.0.50727; .NET CLR 3.0.4506.2152; .NET CLR 3.5.30729; .NET CLR 1.0.3705; .NET CLR 1.1.4322)"
252.11.223.20 - - [09/Sep/2021:14:54:44 +0000] "GET /cgiwrap HTTP/1.1" 404 134 "-" "User-Agent: Mozilla/4.0 (compatible; MSIE 8.0; Windows NT 5.1; Trident/4.0; .NET CLR 2.0.50727; .NET CLR 3.0.4506.2152; .NET CLR 3.5.30729; .NET CLR 1.0.3705; .NET CLR 1.1.4322)"
58.112.203.144 - - [09/Sep/2021:14:54:44 +0000] "GET /cgm-web HTTP/1.1" 404 134 "-" "User-Agent: Mozilla/5.0 (Windows; U; Windows NT 5.1; en-US; rv:1.8.1.19) Gecko/20081204 SeaMonkey/1.1.14"
130.113.110.23 - - [09/Sep/2021:14:54:44 +0000] "GET /ch HTTP/1.1" 404 134 "-" "User-Agent: Mozilla/5.0 (SymbianOS/9.2; U; Series60/3.1 NokiaE90-1/210.34.75 Profile/MIDP-2.0 Configuration/CLDC-1.1 ) AppleWebKit/413 (KHTML, like Gecko) Safari/413"
7.90.30.132 - - [09/Sep/2021:14:54:44 +0000] "GET /chan HTTP/1.1" 404 134 "-" "User-Agent: Mozilla/4.0 (compatible; MSIE 5.5; Windows NT 4.0)"
167.17.206.168 - - [09/Sep/2021:14:54:44 +0000] "GET /change HTTP/1.1" 404 134 "-" "User-Agent: Mozilla/5.0 (Windows; U; Windows NT 5.1; en-GB; rv:1.8.1.1) Gecko/20061204 Firefox/2.0.0.1"
47.119.73.149 - - [09/Sep/2021:14:54:44 +0000] "GET /change_password HTTP/1.1" 404 134 "-" "User-Agent: Mozilla/5.0 (Linux; U; Android 1.5; en-gb; HTC Magic Build/CRB17) AppleWebKit/528.5+ (KHTML, like Gecko) Version/3.1.2 Mobile Safari/525.20.1"
205.176.141.182 - - [09/Sep/2021:14:54:44 +0000] "GET /changed HTTP/1.1" 404 134 "-" "User-Agent: Mozilla/4.79 [en] (WinNT; U)"
14.73.88.95 - - [09/Sep/2021:14:54:44 +0000] "GET /files/93db85ed909c13838ff95ccfa94cebd9.zip HTTP/1.1" 200 0 "http://btvn.kid.cyberjutsu-lab.tech/" "Mozilla/5.0 (Windows NT 10.0; Win64; x64) AppleWebKit/537.36 (KHTML, like Gecko) Chrome/92.0.4515.159 Safari/537.36"
252.11.223.20 - - [09/Sep/2021:14:54:44 +0000] "GET /changelog HTTP/1.1" 404 134 "-" "User-Agent: Mozilla/4.0 (compatible; MSIE 8.0; Windows NT 5.1; Trident/4.0; .NET CLR 2.0.50727; .NET CLR 3.0.4506.2152; .NET CLR 3.5.30729; .NET CLR 1.0.3705; .NET CLR 1.1.4322)"
14.73.88.95 - - [09/Sep/2021:14:54:44 +0000] "GET /files/c7e1249ffc03eb9ded908c236bd1996d.zip HTTP/1.1" 200 0 "http://btvn.kid.cyberjutsu-lab.tech/" "Mozilla/5.0 (Windows NT 10.0; Win64; x64) AppleWebKit/537.36 (KHTML, like Gecko) Chrome/92.0.4515.159 Safari/537.36"
159.28.175.103 - - [09/Sep/2021:14:54:44 +0000] "GET /changepw HTTP/1.1" 404 134 "-" "User-Agent: Opera/9.27 (Windows NT 5.1; U; en)"
239.12.96.101 - - [09/Sep/2021:14:54:44 +0000] "GET /changes HTTP/1.1" 404 134 "-" "User-Agent: Mozilla/5.0 (iPhone; U; CPU iPhone OS 2_2 like Mac OS X; en-us) AppleWebKit/525.18.1 (KHTML, like Gecko) Version/3.1.1 Mobile/5G77 Safari/525.20"
190.133.162.187 - - [09/Sep/2021:14:54:44 +0000] "GET /channel HTTP/1.1" 404 134 "-" "User-Agent: Mozilla/5.0 (Windows; U; Windows NT 5.1; en-GB; rv:1.9.0.4) Gecko/2008102920 Firefox/3.0.4"
8.29.74.216 - - [09/Sep/2021:14:54:44 +0000] "GET /charge HTTP/1.1" 404 134 "-" "User-Agent: Mozilla/5.0 (Windows; U; Windows NT 5.1; en-US) AppleWebKit/525.19 (KHTML, like Gecko) Chrome/0.4.154.25 Safari/525.19"
47.119.73.149 - - [09/Sep/2021:14:54:44 +0000] "GET /charges HTTP/1.1" 404 134 "-" "User-Agent: Mozilla/5.0 (Linux; U; Android 1.5; en-gb; HTC Magic Build/CRB17) AppleWebKit/528.5+ (KHTML, like Gecko) Version/3.1.2 Mobile Safari/525.20.1"
167.17.206.168 - - [09/Sep/2021:14:54:44 +0000] "GET /chart HTTP/1.1" 404 134 "-" "User-Agent: Mozilla/5.0 (Windows; U; Windows NT 5.1; en-GB; rv:1.8.1.1) Gecko/20061204 Firefox/2.0.0.1"
209.21.218.113 - - [09/Sep/2021:14:54:44 +0000] "GET /charts HTTP/1.1" 404 134 "-" "User-Agent: Mozilla/5.0 (Windows; U; WinNT4.0; en-US; rv:0.9.2) Gecko/20010726 Netscape6/6.1"
190.133.162.187 - - [09/Sep/2021:14:54:44 +0000] "GET /chat HTTP/1.1" 404 134 "-" "User-Agent: Mozilla/5.0 (Windows; U; Windows NT 5.1; en-GB; rv:1.9.0.4) Gecko/2008102920 Firefox/3.0.4"
47.119.73.149 - - [09/Sep/2021:14:54:44 +0000] "GET /chats HTTP/1.1" 404 134 "-" "User-Agent: Mozilla/5.0 (Linux; U; Android 1.5; en-gb; HTC Magic Build/CRB17) AppleWebKit/528.5+ (KHTML, like Gecko) Version/3.1.2 Mobile Safari/525.20.1"
154.76.37.160 - - [09/Sep/2021:14:54:44 +0000] "GET /check HTTP/1.1" 404 134 "-" "User-Agent: Mozilla/4.0 (compatible; MSIE 4.01; Windows NT)"
14.73.88.95 - - [09/Sep/2021:14:54:44 +0000] "GET /files/2a38a4a9316c49e5a833517c45d31070.zip HTTP/1.1" 200 0 "http://btvn.kid.cyberjutsu-lab.tech/" "Mozilla/5.0 (Windows NT 10.0; Win64; x64) AppleWebKit/537.36 (KHTML, like Gecko) Chrome/92.0.4515.159 Safari/537.36"
239.12.96.101 - - [09/Sep/2021:14:54:44 +0000] "GET /checking HTTP/1.1" 404 134 "-" "User-Agent: Mozilla/5.0 (iPhone; U; CPU iPhone OS 2_2 like Mac OS X; en-us) AppleWebKit/525.18.1 (KHTML, like Gecko) Version/3.1.1 Mobile/5G77 Safari/525.20"
55.10.168.18 - - [09/Sep/2021:14:54:44 +0000] "GET /checkout HTTP/1.1" 404 134 "-" "User-Agent: Mozilla/5.0 (Windows; U; Windows NT 5.1; en-US) AppleWebKit/525.19 (KHTML, like Gecko) Chrome/1.0.154.48 Safari/525.19"
186.234.217.13 - - [09/Sep/2021:14:54:44 +0000] "GET /checkout_iclear HTTP/1.1" 404 134 "-" "User-Agent: Mozilla/5.0 (Windows; U; Windows NT 5.1; en-US) AppleWebKit/525.27.1 (KHTML, like Gecko) Version/3.2.1 Safari/525.27.1"
154.76.37.160 - - [09/Sep/2021:14:54:44 +0000] "GET /checkoutanon HTTP/1.1" 404 134 "-" "User-Agent: Mozilla/4.0 (compatible; MSIE 4.01; Windows NT)"
209.21.218.113 - - [09/Sep/2021:14:54:44 +0000] "GET /checkoutreview HTTP/1.1" 404 134 "-" "User-Agent: Mozilla/5.0 (Windows; U; WinNT4.0; en-US; rv:0.9.2) Gecko/20010726 Netscape6/6.1"
205.176.141.182 - - [09/Sep/2021:14:54:44 +0000] "GET /checkpoint HTTP/1.1" 404 134 "-" "User-Agent: Mozilla/4.79 [en] (WinNT; U)"
167.17.206.168 - - [09/Sep/2021:14:54:44 +0000] "GET /checks HTTP/1.1" 404 134 "-" "User-Agent: Mozilla/5.0 (Windows; U; Windows NT 5.1; en-GB; rv:1.8.1.1) Gecko/20061204 Firefox/2.0.0.1"
252.11.223.20 - - [09/Sep/2021:14:54:44 +0000] "GET /child HTTP/1.1" 404 134 "-" "User-Agent: Mozilla/4.0 (compatible; MSIE 8.0; Windows NT 5.1; Trident/4.0; .NET CLR 2.0.50727; .NET CLR 3.0.4506.2152; .NET CLR 3.5.30729; .NET CLR 1.0.3705; .NET CLR 1.1.4322)"
209.21.218.113 - - [09/Sep/2021:14:54:44 +0000] "GET /children HTTP/1.1" 404 134 "-" "User-Agent: Mozilla/5.0 (Windows; U; WinNT4.0; en-US; rv:0.9.2) Gecko/20010726 Netscape6/6.1"
14.73.88.95 - - [09/Sep/2021:14:54:44 +0000] "GET /files/7647966b7343c29048673252e490f736.zip HTTP/1.1" 200 0 "http://btvn.kid.cyberjutsu-lab.tech/" "Mozilla/5.0 (Windows NT 10.0; Win64; x64) AppleWebKit/537.36 (KHTML, like Gecko) Chrome/92.0.4515.159 Safari/537.36"
190.133.162.187 - - [09/Sep/2021:14:54:44 +0000] "GET /china HTTP/1.1" 404 134 "-" "User-Agent: Mozilla/5.0 (Windows; U; Windows NT 5.1; en-GB; rv:1.9.0.4) Gecko/2008102920 Firefox/3.0.4"
239.12.96.101 - - [09/Sep/2021:14:54:44 +0000] "GET /chk HTTP/1.1" 404 134 "-" "User-Agent: Mozilla/5.0 (iPhone; U; CPU iPhone OS 2_2 like Mac OS X; en-us) AppleWebKit/525.18.1 (KHTML, like Gecko) Version/3.1.1 Mobile/5G77 Safari/525.20"
84.255.200.120 - - [09/Sep/2021:14:54:44 +0000] "GET /choosing HTTP/1.1" 404 134 "-" "User-Agent: Mozilla/4.0 (compatible; MSIE 7.0; Windows NT 5.1; .NET CLR 1.1.4322; .NET CLR 2.0.50727; .NET CLR 3.0.04506.30; .NET CLR 3.0.04506.648; .NET CLR 3.5.21022)"
8.29.74.216 - - [09/Sep/2021:14:54:44 +0000] "GET /chris HTTP/1.1" 404 134 "-" "User-Agent: Mozilla/5.0 (Windows; U; Windows NT 5.1; en-US) AppleWebKit/525.19 (KHTML, like Gecko) Chrome/0.4.154.25 Safari/525.19"
190.133.162.187 - - [09/Sep/2021:14:54:44 +0000] "GET /chrome HTTP/1.1" 404 134 "-" "User-Agent: Mozilla/5.0 (Windows; U; Windows NT 5.1; en-GB; rv:1.9.0.4) Gecko/2008102920 Firefox/3.0.4"
205.176.141.182 - - [09/Sep/2021:14:54:44 +0000] "GET /cinema HTTP/1.1" 404 134 "-" "User-Agent: Mozilla/4.79 [en] (WinNT; U)"
14.73.88.95 - - [09/Sep/2021:14:54:44 +0000] "GET /files/8613985ec49eb8f757ae6439e879bb2a.zip HTTP/1.1" 200 0 "http://btvn.kid.cyberjutsu-lab.tech/" "Mozilla/5.0 (Windows NT 10.0; Win64; x64) AppleWebKit/537.36 (KHTML, like Gecko) Chrome/92.0.4515.159 Safari/537.36"
58.112.203.144 - - [09/Sep/2021:14:54:44 +0000] "GET /cisco HTTP/1.1" 404 134 "-" "User-Agent: Mozilla/5.0 (Windows; U; Windows NT 5.1; en-US; rv:1.8.1.19) Gecko/20081204 SeaMonkey/1.1.14"
181.229.27.51 - - [09/Sep/2021:14:54:44 +0000] "GET /cisweb HTTP/1.1" 404 134 "-" "User-Agent: Mozilla/2.0 (compatible; MSIE 3.02; Update a; Windows NT)"
181.229.27.51 - - [09/Sep/2021:14:54:44 +0000] "GET /cities HTTP/1.1" 404 134 "-" "User-Agent: Mozilla/2.0 (compatible; MSIE 3.02; Update a; Windows NT)"
84.255.200.120 - - [09/Sep/2021:14:54:44 +0000] "GET /citrix HTTP/1.1" 404 134 "-" "User-Agent: Mozilla/4.0 (compatible; MSIE 7.0; Windows NT 5.1; .NET CLR 1.1.4322; .NET CLR 2.0.50727; .NET CLR 3.0.04506.30; .NET CLR 3.0.04506.648; .NET CLR 3.5.21022)"
186.234.217.13 - - [09/Sep/2021:14:54:44 +0000] "GET /city HTTP/1.1" 404 134 "-" "User-Agent: Mozilla/5.0 (Windows; U; Windows NT 5.1; en-US) AppleWebKit/525.27.1 (KHTML, like Gecko) Version/3.2.1 Safari/525.27.1"
47.119.73.149 - - [09/Sep/2021:14:54:44 +0000] "GET /ck HTTP/1.1" 404 134 "-" "User-Agent: Mozilla/5.0 (Linux; U; Android 1.5; en-gb; HTC Magic Build/CRB17) AppleWebKit/528.5+ (KHTML, like Gecko) Version/3.1.2 Mobile Safari/525.20.1"
181.229.27.51 - - [09/Sep/2021:14:54:44 +0000] "GET /ckeditor HTTP/1.1" 404 134 "-" "User-Agent: Mozilla/2.0 (compatible; MSIE 3.02; Update a; Windows NT)"
167.17.206.168 - - [09/Sep/2021:14:54:44 +0000] "GET /ckfinder HTTP/1.1" 404 134 "-" "User-Agent: Mozilla/5.0 (Windows; U; Windows NT 5.1; en-GB; rv:1.8.1.1) Gecko/20061204 Firefox/2.0.0.1"
209.21.218.113 - - [09/Sep/2021:14:54:44 +0000] "GET /cl HTTP/1.1" 404 134 "-" "User-Agent: Mozilla/5.0 (Windows; U; WinNT4.0; en-US; rv:0.9.2) Gecko/20010726 Netscape6/6.1"
58.112.203.144 - - [09/Sep/2021:14:54:44 +0000] "GET /claim HTTP/1.1" 404 134 "-" "User-Agent: Mozilla/5.0 (Windows; U; Windows NT 5.1; en-US; rv:1.8.1.19) Gecko/20081204 SeaMonkey/1.1.14"
181.229.27.51 - - [09/Sep/2021:14:54:44 +0000] "GET /claims HTTP/1.1" 404 134 "-" "User-Agent: Mozilla/2.0 (compatible; MSIE 3.02; Update a; Windows NT)"
55.10.168.18 - - [09/Sep/2021:14:54:44 +0000] "GET /class HTTP/1.1" 404 134 "-" "User-Agent: Mozilla/5.0 (Windows; U; Windows NT 5.1; en-US) AppleWebKit/525.19 (KHTML, like Gecko) Chrome/1.0.154.48 Safari/525.19"
239.12.96.101 - - [09/Sep/2021:14:54:44 +0000] "GET /classes HTTP/1.1" 404 134 "-" "User-Agent: Mozilla/5.0 (iPhone; U; CPU iPhone OS 2_2 like Mac OS X; en-us) AppleWebKit/525.18.1 (KHTML, like Gecko) Version/3.1.1 Mobile/5G77 Safari/525.20"
190.133.162.187 - - [09/Sep/2021:14:54:44 +0000] "GET /classic HTTP/1.1" 404 134 "-" "User-Agent: Mozilla/5.0 (Windows; U; Windows NT 5.1; en-GB; rv:1.9.0.4) Gecko/2008102920 Firefox/3.0.4"
209.21.218.113 - - [09/Sep/2021:14:54:44 +0000] "GET /classified HTTP/1.1" 404 134 "-" "User-Agent: Mozilla/5.0 (Windows; U; WinNT4.0; en-US; rv:0.9.2) Gecko/20010726 Netscape6/6.1"
245.81.128.64 - - [09/Sep/2021:14:54:44 +0000] "GET /classifieds HTTP/1.1" 404 134 "-" "User-Agent: Mozilla/5.0 (PLAYSTATION 3; 1.00)"
8.61.75.32 - - [09/Sep/2021:14:54:44 +0000] "GET /classroompages HTTP/1.1" 404 134 "-" "User-Agent: Wget/1.8.2"
252.11.223.20 - - [09/Sep/2021:14:54:44 +0000] "GET /cleanup HTTP/1.1" 404 134 "-" "User-Agent: Mozilla/4.0 (compatible; MSIE 8.0; Windows NT 5.1; Trident/4.0; .NET CLR 2.0.50727; .NET CLR 3.0.4506.2152; .NET CLR 3.5.30729; .NET CLR 1.0.3705; .NET CLR 1.1.4322)"
133.108.139.226 - - [09/Sep/2021:14:54:44 +0000] "GET /clear HTTP/1.1" 404 134 "-" "User-Agent: Mozilla/4.0 (compatible; MSIE 7.0; Windows NT 5.1; (R1 1.6))"
55.10.168.18 - - [09/Sep/2021:14:54:44 +0000] "GET /clearcookies HTTP/1.1" 404 134 "-" "User-Agent: Mozilla/5.0 (Windows; U; Windows NT 5.1; en-US) AppleWebKit/525.19 (KHTML, like Gecko) Chrome/1.0.154.48 Safari/525.19"
14.73.88.95 - - [09/Sep/2021:14:54:44 +0000] "GET /files/54229abfcfa5649e7003b83dd4755294.zip HTTP/1.1" 200 0 "http://btvn.kid.cyberjutsu-lab.tech/" "Mozilla/5.0 (Windows NT 10.0; Win64; x64) AppleWebKit/537.36 (KHTML, like Gecko) Chrome/92.0.4515.159 Safari/537.36"
167.17.206.168 - - [09/Sep/2021:14:54:44 +0000] "GET /clearpixel HTTP/1.1" 404 134 "-" "User-Agent: Mozilla/5.0 (Windows; U; Windows NT 5.1; en-GB; rv:1.8.1.1) Gecko/20061204 Firefox/2.0.0.1"
130.113.110.23 - - [09/Sep/2021:14:54:44 +0000] "GET /click HTTP/1.1" 404 134 "-" "User-Agent: Mozilla/5.0 (SymbianOS/9.2; U; Series60/3.1 NokiaE90-1/210.34.75 Profile/MIDP-2.0 Configuration/CLDC-1.1 ) AppleWebKit/413 (KHTML, like Gecko) Safari/413"
14.73.88.95 - - [09/Sep/2021:14:54:44 +0000] "GET /files/92cc227532d17e56e07902b254dfad10.zip HTTP/1.1" 200 0 "http://btvn.kid.cyberjutsu-lab.tech/" "Mozilla/5.0 (Windows NT 10.0; Win64; x64) AppleWebKit/537.36 (KHTML, like Gecko) Chrome/92.0.4515.159 Safari/537.36"
58.112.203.144 - - [09/Sep/2021:14:54:44 +0000] "GET /clickheat HTTP/1.1" 404 134 "-" "User-Agent: Mozilla/5.0 (Windows; U; Windows NT 5.1; en-US; rv:1.8.1.19) Gecko/20081204 SeaMonkey/1.1.14"
130.113.110.23 - - [09/Sep/2021:14:54:44 +0000] "GET /clickout HTTP/1.1" 404 134 "-" "User-Agent: Mozilla/5.0 (SymbianOS/9.2; U; Series60/3.1 NokiaE90-1/210.34.75 Profile/MIDP-2.0 Configuration/CLDC-1.1 ) AppleWebKit/413 (KHTML, like Gecko) Safari/413"
58.112.203.144 - - [09/Sep/2021:14:54:44 +0000] "GET /clicks HTTP/1.1" 404 134 "-" "User-Agent: Mozilla/5.0 (Windows; U; Windows NT 5.1; en-US; rv:1.8.1.19) Gecko/20081204 SeaMonkey/1.1.14"
14.73.88.95 - - [09/Sep/2021:14:54:44 +0000] "GET /files/98dce83da57b0395e163467c9dae521b.zip HTTP/1.1" 200 0 "http://btvn.kid.cyberjutsu-lab.tech/" "Mozilla/5.0 (Windows NT 10.0; Win64; x64) AppleWebKit/537.36 (KHTML, like Gecko) Chrome/92.0.4515.159 Safari/537.36"
8.61.75.32 - - [09/Sep/2021:14:54:44 +0000] "GET /client HTTP/1.1" 404 134 "-" "User-Agent: Wget/1.8.2"
159.28.175.103 - - [09/Sep/2021:14:54:44 +0000] "GET /client_configs HTTP/1.1" 404 134 "-" "User-Agent: Opera/9.27 (Windows NT 5.1; U; en)"
7.90.30.132 - - [09/Sep/2021:14:54:44 +0000] "GET /clientaccesspolicy HTTP/1.1" 404 134 "-" "User-Agent: Mozilla/4.0 (compatible; MSIE 5.5; Windows NT 4.0)"
167.17.206.168 - - [09/Sep/2021:14:54:44 +0000] "GET /clientapi HTTP/1.1" 404 134 "-" "User-Agent: Mozilla/5.0 (Windows; U; Windows NT 5.1; en-GB; rv:1.8.1.1) Gecko/20061204 Firefox/2.0.0.1"
252.11.223.20 - - [09/Sep/2021:14:54:44 +0000] "GET /clientes HTTP/1.1" 404 134 "-" "User-Agent: Mozilla/4.0 (compatible; MSIE 8.0; Windows NT 5.1; Trident/4.0; .NET CLR 2.0.50727; .NET CLR 3.0.4506.2152; .NET CLR 3.5.30729; .NET CLR 1.0.3705; .NET CLR 1.1.4322)"
7.90.30.132 - - [09/Sep/2021:14:54:44 +0000] "GET /clients HTTP/1.1" 404 134 "-" "User-Agent: Mozilla/4.0 (compatible; MSIE 5.5; Windows NT 4.0)"
186.234.217.13 - - [09/Sep/2021:14:54:44 +0000] "GET /clientscript HTTP/1.1" 404 134 "-" "User-Agent: Mozilla/5.0 (Windows; U; Windows NT 5.1; en-US) AppleWebKit/525.27.1 (KHTML, like Gecko) Version/3.2.1 Safari/525.27.1"
55.10.168.18 - - [09/Sep/2021:14:54:44 +0000] "GET /clipart HTTP/1.1" 404 134 "-" "User-Agent: Mozilla/5.0 (Windows; U; Windows NT 5.1; en-US) AppleWebKit/525.19 (KHTML, like Gecko) Chrome/1.0.154.48 Safari/525.19"
167.17.206.168 - - [09/Sep/2021:14:54:44 +0000] "GET /clips HTTP/1.1" 404 134 "-" "User-Agent: Mozilla/5.0 (Windows; U; Windows NT 5.1; en-GB; rv:1.8.1.1) Gecko/20061204 Firefox/2.0.0.1"
252.11.223.20 - - [09/Sep/2021:14:54:44 +0000] "GET /clk HTTP/1.1" 404 134 "-" "User-Agent: Mozilla/4.0 (compatible; MSIE 8.0; Windows NT 5.1; Trident/4.0; .NET CLR 2.0.50727; .NET CLR 3.0.4506.2152; .NET CLR 3.5.30729; .NET CLR 1.0.3705; .NET CLR 1.1.4322)"
130.113.110.23 - - [09/Sep/2021:14:54:44 +0000] "GET /clock HTTP/1.1" 404 134 "-" "User-Agent: Mozilla/5.0 (SymbianOS/9.2; U; Series60/3.1 NokiaE90-1/210.34.75 Profile/MIDP-2.0 Configuration/CLDC-1.1 ) AppleWebKit/413 (KHTML, like Gecko) Safari/413"
7.90.30.132 - - [09/Sep/2021:14:54:44 +0000] "GET /close HTTP/1.1" 404 134 "-" "User-Agent: Mozilla/4.0 (compatible; MSIE 5.5; Windows NT 4.0)"
14.73.88.95 - - [09/Sep/2021:14:54:44 +0000] "GET /files/f4b9ec30ad9f68f89b29639786cb62ef.zip HTTP/1.1" 200 0 "http://btvn.kid.cyberjutsu-lab.tech/" "Mozilla/5.0 (Windows NT 10.0; Win64; x64) AppleWebKit/537.36 (KHTML, like Gecko) Chrome/92.0.4515.159 Safari/537.36"
209.21.218.113 - - [09/Sep/2021:14:54:44 +0000] "GET /closed HTTP/1.1" 404 134 "-" "User-Agent: Mozilla/5.0 (Windows; U; WinNT4.0; en-US; rv:0.9.2) Gecko/20010726 Netscape6/6.1"
186.234.217.13 - - [09/Sep/2021:14:54:44 +0000] "GET /closing HTTP/1.1" 404 134 "-" "User-Agent: Mozilla/5.0 (Windows; U; Windows NT 5.1; en-US) AppleWebKit/525.27.1 (KHTML, like Gecko) Version/3.2.1 Safari/525.27.1"
7.90.30.132 - - [09/Sep/2021:14:54:44 +0000] "GET /club HTTP/1.1" 404 134 "-" "User-Agent: Mozilla/4.0 (compatible; MSIE 5.5; Windows NT 4.0)"
239.12.96.101 - - [09/Sep/2021:14:54:44 +0000] "GET /cluster HTTP/1.1" 404 134 "-" "User-Agent: Mozilla/5.0 (iPhone; U; CPU iPhone OS 2_2 like Mac OS X; en-us) AppleWebKit/525.18.1 (KHTML, like Gecko) Version/3.1.1 Mobile/5G77 Safari/525.20"
8.29.74.216 - - [09/Sep/2021:14:54:44 +0000] "GET /clusters HTTP/1.1" 404 134 "-" "User-Agent: Mozilla/5.0 (Windows; U; Windows NT 5.1; en-US) AppleWebKit/525.19 (KHTML, like Gecko) Chrome/0.4.154.25 Safari/525.19"
8.61.75.32 - - [09/Sep/2021:14:54:44 +0000] "GET /cm HTTP/1.1" 404 134 "-" "User-Agent: Wget/1.8.2"
58.112.203.144 - - [09/Sep/2021:14:54:44 +0000] "GET /cmd HTTP/1.1" 404 134 "-" "User-Agent: Mozilla/5.0 (Windows; U; Windows NT 5.1; en-US; rv:1.8.1.19) Gecko/20081204 SeaMonkey/1.1.14"
8.29.74.216 - - [09/Sep/2021:14:54:44 +0000] "GET /cmpi_popup HTTP/1.1" 404 134 "-" "User-Agent: Mozilla/5.0 (Windows; U; Windows NT 5.1; en-US) AppleWebKit/525.19 (KHTML, like Gecko) Chrome/0.4.154.25 Safari/525.19"
130.113.110.23 - - [09/Sep/2021:14:54:44 +0000] "GET /cms HTTP/1.1" 404 134 "-" "User-Agent: Mozilla/5.0 (SymbianOS/9.2; U; Series60/3.1 NokiaE90-1/210.34.75 Profile/MIDP-2.0 Configuration/CLDC-1.1 ) AppleWebKit/413 (KHTML, like Gecko) Safari/413"
58.112.203.144 - - [09/Sep/2021:14:54:44 +0000] "GET /cmsadmin HTTP/1.1" 404 134 "-" "User-Agent: Mozilla/5.0 (Windows; U; Windows NT 5.1; en-US; rv:1.8.1.19) Gecko/20081204 SeaMonkey/1.1.14"
130.113.110.23 - - [09/Sep/2021:14:54:44 +0000] "GET /cn HTTP/1.1" 404 134 "-" "User-Agent: Mozilla/5.0 (SymbianOS/9.2; U; Series60/3.1 NokiaE90-1/210.34.75 Profile/MIDP-2.0 Configuration/CLDC-1.1 ) AppleWebKit/413 (KHTML, like Gecko) Safari/413"
209.21.218.113 - - [09/Sep/2021:14:54:44 +0000] "GET /cnf HTTP/1.1" 404 134 "-" "User-Agent: Mozilla/5.0 (Windows; U; WinNT4.0; en-US; rv:0.9.2) Gecko/20010726 Netscape6/6.1"
84.255.200.120 - - [09/Sep/2021:14:54:44 +0000] "GET /cnstats HTTP/1.1" 404 134 "-" "User-Agent: Mozilla/4.0 (compatible; MSIE 7.0; Windows NT 5.1; .NET CLR 1.1.4322; .NET CLR 2.0.50727; .NET CLR 3.0.04506.30; .NET CLR 3.0.04506.648; .NET CLR 3.5.21022)"
7.90.30.132 - - [09/Sep/2021:14:54:44 +0000] "GET /cnt HTTP/1.1" 404 134 "-" "User-Agent: Mozilla/4.0 (compatible; MSIE 5.5; Windows NT 4.0)"
14.73.88.95 - - [09/Sep/2021:14:54:44 +0000] "GET /files/812b4ba287f5ee0bc9d43bbf5bbe87fb.zip HTTP/1.1" 200 0 "http://btvn.kid.cyberjutsu-lab.tech/" "Mozilla/5.0 (Windows NT 10.0; Win64; x64) AppleWebKit/537.36 (KHTML, like Gecko) Chrome/92.0.4515.159 Safari/537.36"
130.113.110.23 - - [09/Sep/2021:14:54:44 +0000] "GET /co HTTP/1.1" 404 134 "-" "User-Agent: Mozilla/5.0 (SymbianOS/9.2; U; Series60/3.1 NokiaE90-1/210.34.75 Profile/MIDP-2.0 Configuration/CLDC-1.1 ) AppleWebKit/413 (KHTML, like Gecko) Safari/413"
252.11.223.20 - - [09/Sep/2021:14:54:44 +0000] "GET /cocoon HTTP/1.1" 404 134 "-" "User-Agent: Mozilla/4.0 (compatible; MSIE 8.0; Windows NT 5.1; Trident/4.0; .NET CLR 2.0.50727; .NET CLR 3.0.4506.2152; .NET CLR 3.5.30729; .NET CLR 1.0.3705; .NET CLR 1.1.4322)"
209.21.218.113 - - [09/Sep/2021:14:54:44 +0000] "GET /code HTTP/1.1" 404 134 "-" "User-Agent: Mozilla/5.0 (Windows; U; WinNT4.0; en-US; rv:0.9.2) Gecko/20010726 Netscape6/6.1"
159.28.175.103 - - [09/Sep/2021:14:54:44 +0000] "GET /codec HTTP/1.1" 404 134 "-" "User-Agent: Opera/9.27 (Windows NT 5.1; U; en)"
186.234.217.13 - - [09/Sep/2021:14:54:44 +0000] "GET /codecs HTTP/1.1" 404 134 "-" "User-Agent: Mozilla/5.0 (Windows; U; Windows NT 5.1; en-US) AppleWebKit/525.27.1 (KHTML, like Gecko) Version/3.2.1 Safari/525.27.1"
245.81.128.64 - - [09/Sep/2021:14:54:44 +0000] "GET /codepages HTTP/1.1" 404 134 "-" "User-Agent: Mozilla/5.0 (PLAYSTATION 3; 1.00)"
7.90.30.132 - - [09/Sep/2021:14:54:44 +0000] "GET /codes HTTP/1.1" 404 134 "-" "User-Agent: Mozilla/4.0 (compatible; MSIE 5.5; Windows NT 4.0)"
55.10.168.18 - - [09/Sep/2021:14:54:44 +0000] "GET /coffee HTTP/1.1" 404 134 "-" "User-Agent: Mozilla/5.0 (Windows; U; Windows NT 5.1; en-US) AppleWebKit/525.19 (KHTML, like Gecko) Chrome/1.0.154.48 Safari/525.19"
58.112.203.144 - - [09/Sep/2021:14:54:44 +0000] "GET /cognos HTTP/1.1" 404 134 "-" "User-Agent: Mozilla/5.0 (Windows; U; Windows NT 5.1; en-US; rv:1.8.1.19) Gecko/20081204 SeaMonkey/1.1.14"
252.11.223.20 - - [09/Sep/2021:14:54:44 +0000] "GET /coke HTTP/1.1" 404 134 "-" "User-Agent: Mozilla/4.0 (compatible; MSIE 8.0; Windows NT 5.1; Trident/4.0; .NET CLR 2.0.50727; .NET CLR 3.0.4506.2152; .NET CLR 3.5.30729; .NET CLR 1.0.3705; .NET CLR 1.1.4322)"
130.113.110.23 - - [09/Sep/2021:14:54:44 +0000] "GET /coldfusion HTTP/1.1" 404 134 "-" "User-Agent: Mozilla/5.0 (SymbianOS/9.2; U; Series60/3.1 NokiaE90-1/210.34.75 Profile/MIDP-2.0 Configuration/CLDC-1.1 ) AppleWebKit/413 (KHTML, like Gecko) Safari/413"
14.73.88.95 - - [09/Sep/2021:14:54:44 +0000] "GET /files/26657d5ff9020d2abefe558796b99584.zip HTTP/1.1" 200 0 "http://btvn.kid.cyberjutsu-lab.tech/" "Mozilla/5.0 (Windows NT 10.0; Win64; x64) AppleWebKit/537.36 (KHTML, like Gecko) Chrome/92.0.4515.159 Safari/537.36"
84.255.200.120 - - [09/Sep/2021:14:54:44 +0000] "GET /collapse HTTP/1.1" 404 134 "-" "User-Agent: Mozilla/4.0 (compatible; MSIE 7.0; Windows NT 5.1; .NET CLR 1.1.4322; .NET CLR 2.0.50727; .NET CLR 3.0.04506.30; .NET CLR 3.0.04506.648; .NET CLR 3.5.21022)"
130.113.110.23 - - [09/Sep/2021:14:54:44 +0000] "GET /collection HTTP/1.1" 404 134 "-" "User-Agent: Mozilla/5.0 (SymbianOS/9.2; U; Series60/3.1 NokiaE90-1/210.34.75 Profile/MIDP-2.0 Configuration/CLDC-1.1 ) AppleWebKit/413 (KHTML, like Gecko) Safari/413"
47.119.73.149 - - [09/Sep/2021:14:54:44 +0000] "GET /college HTTP/1.1" 404 134 "-" "User-Agent: Mozilla/5.0 (Linux; U; Android 1.5; en-gb; HTC Magic Build/CRB17) AppleWebKit/528.5+ (KHTML, like Gecko) Version/3.1.2 Mobile Safari/525.20.1"
55.10.168.18 - - [09/Sep/2021:14:54:44 +0000] "GET /columnists HTTP/1.1" 404 134 "-" "User-Agent: Mozilla/5.0 (Windows; U; Windows NT 5.1; en-US) AppleWebKit/525.19 (KHTML, like Gecko) Chrome/1.0.154.48 Safari/525.19"
84.255.200.120 - - [09/Sep/2021:14:54:44 +0000] "GET /columns HTTP/1.1" 404 134 "-" "User-Agent: Mozilla/4.0 (compatible; MSIE 7.0; Windows NT 5.1; .NET CLR 1.1.4322; .NET CLR 2.0.50727; .NET CLR 3.0.04506.30; .NET CLR 3.0.04506.648; .NET CLR 3.5.21022)"
58.112.203.144 - - [09/Sep/2021:14:54:44 +0000] "GET /com HTTP/1.1" 404 134 "-" "User-Agent: Mozilla/5.0 (Windows; U; Windows NT 5.1; en-US; rv:1.8.1.19) Gecko/20081204 SeaMonkey/1.1.14"
181.229.27.51 - - [09/Sep/2021:14:54:44 +0000] "GET /com1 HTTP/1.1" 404 134 "-" "User-Agent: Mozilla/2.0 (compatible; MSIE 3.02; Update a; Windows NT)"
58.112.203.144 - - [09/Sep/2021:14:54:44 +0000] "GET /com2 HTTP/1.1" 404 134 "-" "User-Agent: Mozilla/5.0 (Windows; U; Windows NT 5.1; en-US; rv:1.8.1.19) Gecko/20081204 SeaMonkey/1.1.14"
154.76.37.160 - - [09/Sep/2021:14:54:44 +0000] "GET /com3 HTTP/1.1" 404 134 "-" "User-Agent: Mozilla/4.0 (compatible; MSIE 4.01; Windows NT)"
133.108.139.226 - - [09/Sep/2021:14:54:44 +0000] "GET /com4 HTTP/1.1" 404 134 "-" "User-Agent: Mozilla/4.0 (compatible; MSIE 7.0; Windows NT 5.1; (R1 1.6))"
252.11.223.20 - - [09/Sep/2021:14:54:44 +0000] "GET /com_sun_web_ui HTTP/1.1" 404 134 "-" "User-Agent: Mozilla/4.0 (compatible; MSIE 8.0; Windows NT 5.1; Trident/4.0; .NET CLR 2.0.50727; .NET CLR 3.0.4506.2152; .NET CLR 3.5.30729; .NET CLR 1.0.3705; .NET CLR 1.1.4322)"
130.113.110.23 - - [09/Sep/2021:14:54:44 +0000] "GET /comics HTTP/1.1" 404 134 "-" "User-Agent: Mozilla/5.0 (SymbianOS/9.2; U; Series60/3.1 NokiaE90-1/210.34.75 Profile/MIDP-2.0 Configuration/CLDC-1.1 ) AppleWebKit/413 (KHTML, like Gecko) Safari/413"
181.229.27.51 - - [09/Sep/2021:14:54:44 +0000] "GET /comm HTTP/1.1" 404 134 "-" "User-Agent: Mozilla/2.0 (compatible; MSIE 3.02; Update a; Windows NT)"
252.11.223.20 - - [09/Sep/2021:14:54:44 +0000] "GET /command HTTP/1.1" 404 134 "-" "User-Agent: Mozilla/4.0 (compatible; MSIE 8.0; Windows NT 5.1; Trident/4.0; .NET CLR 2.0.50727; .NET CLR 3.0.4506.2152; .NET CLR 3.5.30729; .NET CLR 1.0.3705; .NET CLR 1.1.4322)"
14.73.88.95 - - [09/Sep/2021:14:54:44 +0000] "GET /files/e2ef524fbf3d9fe611d5a8e90fefdc9c.zip HTTP/1.1" 200 0 "http://btvn.kid.cyberjutsu-lab.tech/" "Mozilla/5.0 (Windows NT 10.0; Win64; x64) AppleWebKit/537.36 (KHTML, like Gecko) Chrome/92.0.4515.159 Safari/537.36"
8.29.74.216 - - [09/Sep/2021:14:54:44 +0000] "GET /comment HTTP/1.1" 404 134 "-" "User-Agent: Mozilla/5.0 (Windows; U; Windows NT 5.1; en-US) AppleWebKit/525.19 (KHTML, like Gecko) Chrome/0.4.154.25 Safari/525.19"
58.112.203.144 - - [09/Sep/2021:14:54:44 +0000] "GET /comment-page HTTP/1.1" 404 134 "-" "User-Agent: Mozilla/5.0 (Windows; U; Windows NT 5.1; en-US; rv:1.8.1.19) Gecko/20081204 SeaMonkey/1.1.14"
84.255.200.120 - - [09/Sep/2021:14:54:44 +0000] "GET /comment-page-1 HTTP/1.1" 404 134 "-" "User-Agent: Mozilla/4.0 (compatible; MSIE 7.0; Windows NT 5.1; .NET CLR 1.1.4322; .NET CLR 2.0.50727; .NET CLR 3.0.04506.30; .NET CLR 3.0.04506.648; .NET CLR 3.5.21022)"
47.119.73.149 - - [09/Sep/2021:14:54:44 +0000] "GET /commentary HTTP/1.1" 404 134 "-" "User-Agent: Mozilla/5.0 (Linux; U; Android 1.5; en-gb; HTC Magic Build/CRB17) AppleWebKit/528.5+ (KHTML, like Gecko) Version/3.1.2 Mobile Safari/525.20.1"
7.90.30.132 - - [09/Sep/2021:14:54:44 +0000] "GET /commented HTTP/1.1" 404 134 "-" "User-Agent: Mozilla/4.0 (compatible; MSIE 5.5; Windows NT 4.0)"
