159.28.175.103 - - [09/Sep/2021:14:54:40 +0000] "GET /M HTTP/1.1" 404 134 "-" "User-Agent: Opera/9.27 (Windows NT 5.1; U; en)"
84.255.200.120 - - [09/Sep/2021:14:54:40 +0000] "GET /MANIFEST.MF HTTP/1.1" 404 134 "-" "User-Agent: Mozilla/4.0 (compatible; MSIE 7.0; Windows NT 5.1; .NET CLR 1.1.4322; .NET CLR 2.0.50727; .NET CLR 3.0.04506.30; .NET CLR 3.0.04506.648; .NET CLR 3.5.21022)"
167.17.206.168 - - [09/Sep/2021:14:54:40 +0000] "GET /META-INF HTTP/1.1" 404 134 "-" "User-Agent: Mozilla/5.0 (Windows; U; Windows NT 5.1; en-GB; rv:1.8.1.1) Gecko/20061204 Firefox/2.0.0.1"
181.229.27.51 - - [09/Sep/2021:14:54:40 +0000] "GET /Main HTTP/1.1" 404 134 "-" "User-Agent: Mozilla/2.0 (compatible; MSIE 3.02; Update a; Windows NT)"
186.234.217.13 - - [09/Sep/2021:14:54:40 +0000] "GET /Main_Page HTTP/1.1" 404 134 "-" "User-Agent: Mozilla/5.0 (Windows; U; Windows NT 5.1; en-US) AppleWebKit/525.27.1 (KHTML, like Gecko) Version/3.2.1 Safari/525.27.1"
209.21.218.113 - - [09/Sep/2021:14:54:40 +0000] "GET /Makefile HTTP/1.1" 404 134 "-" "User-Agent: Mozilla/5.0 (Windows; U; WinNT4.0; en-US; rv:0.9.2) Gecko/20010726 Netscape6/6.1"
47.119.73.149 - - [09/Sep/2021:14:54:40 +0000] "GET /Media HTTP/1.1" 404 134 "-" "User-Agent: Mozilla/5.0 (Linux; U; Android 1.5; en-gb; HTC Magic Build/CRB17) AppleWebKit/528.5+ (KHTML, like Gecko) Version/3.1.2 Mobile Safari/525.20.1"
159.28.175.103 - - [09/Sep/2021:14:54:40 +0000] "GET /Members HTTP/1.1" 404 134 "-" "User-Agent: Opera/9.27 (Windows NT 5.1; U; en)"
58.112.203.144 - - [09/Sep/2021:14:54:40 +0000] "GET /Menus HTTP/1.1" 404 134 "-" "User-Agent: Mozilla/5.0 (Windows; U; Windows NT 5.1; en-US; rv:1.8.1.19) Gecko/20081204 SeaMonkey/1.1.14"
209.21.218.113 - - [09/Sep/2021:14:54:40 +0000] "GET /Misc HTTP/1.1" 404 134 "-" "User-Agent: Mozilla/5.0 (Windows; U; WinNT4.0; en-US; rv:0.9.2) Gecko/20010726 Netscape6/6.1"
167.17.206.168 - - [09/Sep/2021:14:54:40 +0000] "GET /Music HTTP/1.1" 404 134 "-" "User-Agent: Mozilla/5.0 (Windows; U; Windows NT 5.1; en-GB; rv:1.8.1.1) Gecko/20061204 Firefox/2.0.0.1"
8.29.74.216 - - [09/Sep/2021:14:54:40 +0000] "GET /N HTTP/1.1" 404 134 "-" "User-Agent: Mozilla/5.0 (Windows; U; Windows NT 5.1; en-US) AppleWebKit/525.19 (KHTML, like Gecko) Chrome/0.4.154.25 Safari/525.19"
245.81.128.64 - - [09/Sep/2021:14:54:40 +0000] "GET /News HTTP/1.1" 404 134 "-" "User-Agent: Mozilla/5.0 (PLAYSTATION 3; 1.00)"
167.17.206.168 - - [09/Sep/2021:14:54:40 +0000] "GET /O HTTP/1.1" 404 134 "-" "User-Agent: Mozilla/5.0 (Windows; U; Windows NT 5.1; en-GB; rv:1.8.1.1) Gecko/20061204 Firefox/2.0.0.1"
154.76.37.160 - - [09/Sep/2021:14:54:40 +0000] "GET /OA HTTP/1.1" 404 134 "-" "User-Agent: Mozilla/4.0 (compatible; MSIE 4.01; Windows NT)"
252.11.223.20 - - [09/Sep/2021:14:54:40 +0000] "GET /OAErrorDetailPage HTTP/1.1" 404 134 "-" "User-Agent: Mozilla/4.0 (compatible; MSIE 8.0; Windows NT 5.1; Trident/4.0; .NET CLR 2.0.50727; .NET CLR 3.0.4506.2152; .NET CLR 3.5.30729; .NET CLR 1.0.3705; .NET CLR 1.1.4322)"
205.176.141.182 - - [09/Sep/2021:14:54:40 +0000] "GET /OA_HTML HTTP/1.1" 404 134 "-" "User-Agent: Mozilla/4.79 [en] (WinNT; U)"
8.61.75.32 - - [09/Sep/2021:14:54:40 +0000] "GET /OasDefault HTTP/1.1" 404 134 "-" "User-Agent: Wget/1.8.2"
181.229.27.51 - - [09/Sep/2021:14:54:40 +0000] "GET /Office HTTP/1.1" 404 134 "-" "User-Agent: Mozilla/2.0 (compatible; MSIE 3.02; Update a; Windows NT)"
190.133.162.187 - - [09/Sep/2021:14:54:40 +0000] "GET /P HTTP/1.1" 404 134 "-" "User-Agent: Mozilla/5.0 (Windows; U; Windows NT 5.1; en-GB; rv:1.9.0.4) Gecko/2008102920 Firefox/3.0.4"
245.81.128.64 - - [09/Sep/2021:14:54:40 +0000] "GET /PDF HTTP/1.1" 404 134 "-" "User-Agent: Mozilla/5.0 (PLAYSTATION 3; 1.00)"
84.255.200.120 - - [09/Sep/2021:14:54:40 +0000] "GET /PHP HTTP/1.1" 404 134 "-" "User-Agent: Mozilla/4.0 (compatible; MSIE 7.0; Windows NT 5.1; .NET CLR 1.1.4322; .NET CLR 2.0.50727; .NET CLR 3.0.04506.30; .NET CLR 3.0.04506.648; .NET CLR 3.5.21022)"
8.29.74.216 - - [09/Sep/2021:14:54:40 +0000] "GET /PMA HTTP/1.1" 404 134 "-" "User-Agent: Mozilla/5.0 (Windows; U; Windows NT 5.1; en-US) AppleWebKit/525.19 (KHTML, like Gecko) Chrome/0.4.154.25 Safari/525.19"
55.10.168.18 - - [09/Sep/2021:14:54:40 +0000] "GET /Pages HTTP/1.1" 404 134 "-" "User-Agent: Mozilla/5.0 (Windows; U; Windows NT 5.1; en-US) AppleWebKit/525.19 (KHTML, like Gecko) Chrome/1.0.154.48 Safari/525.19"
130.113.110.23 - - [09/Sep/2021:14:54:40 +0000] "GET /People HTTP/1.1" 404 134 "-" "User-Agent: Mozilla/5.0 (SymbianOS/9.2; U; Series60/3.1 NokiaE90-1/210.34.75 Profile/MIDP-2.0 Configuration/CLDC-1.1 ) AppleWebKit/413 (KHTML, like Gecko) Safari/413"
55.10.168.18 - - [09/Sep/2021:14:54:40 +0000] "GET /Press HTTP/1.1" 404 134 "-" "User-Agent: Mozilla/5.0 (Windows; U; Windows NT 5.1; en-US) AppleWebKit/525.19 (KHTML, like Gecko) Chrome/1.0.154.48 Safari/525.19"
159.28.175.103 - - [09/Sep/2021:14:54:40 +0000] "GET /Privacy HTTP/1.1" 404 134 "-" "User-Agent: Opera/9.27 (Windows NT 5.1; U; en)"
209.21.218.113 - - [09/Sep/2021:14:54:40 +0000] "GET /Products HTTP/1.1" 404 134 "-" "User-Agent: Mozilla/5.0 (Windows; U; WinNT4.0; en-US; rv:0.9.2) Gecko/20010726 Netscape6/6.1"
154.76.37.160 - - [09/Sep/2021:14:54:40 +0000] "GET /Program%20Files HTTP/1.1" 404 134 "-" "User-Agent: Mozilla/4.0 (compatible; MSIE 4.01; Windows NT)"
209.21.218.113 - - [09/Sep/2021:14:54:40 +0000] "GET /Projects HTTP/1.1" 404 134 "-" "User-Agent: Mozilla/5.0 (Windows; U; WinNT4.0; en-US; rv:0.9.2) Gecko/20010726 Netscape6/6.1"
252.11.223.20 - - [09/Sep/2021:14:54:40 +0000] "GET /Publications HTTP/1.1" 404 134 "-" "User-Agent: Mozilla/4.0 (compatible; MSIE 8.0; Windows NT 5.1; Trident/4.0; .NET CLR 2.0.50727; .NET CLR 3.0.4506.2152; .NET CLR 3.5.30729; .NET CLR 1.0.3705; .NET CLR 1.1.4322)"
84.255.200.120 - - [09/Sep/2021:14:54:40 +0000] "GET /R HTTP/1.1" 404 134 "-" "User-Agent: Mozilla/4.0 (compatible; MSIE 7.0; Windows NT 5.1; .NET CLR 1.1.4322; .NET CLR 2.0.50727; .NET CLR 3.0.04506.30; .NET CLR 3.0.04506.648; .NET CLR 3.5.21022)"
130.113.110.23 - - [09/Sep/2021:14:54:40 +0000] "GET /RCS HTTP/1.1" 404 134 "-" "User-Agent: Mozilla/5.0 (SymbianOS/9.2; U; Series60/3.1 NokiaE90-1/210.34.75 Profile/MIDP-2.0 Configuration/CLDC-1.1 ) AppleWebKit/413 (KHTML, like Gecko) Safari/413"
245.81.128.64 - - [09/Sep/2021:14:54:40 +0000] "GET /README HTTP/1.1" 404 134 "-" "User-Agent: Mozilla/5.0 (PLAYSTATION 3; 1.00)"
205.176.141.182 - - [09/Sep/2021:14:54:40 +0000] "GET /RSS HTTP/1.1" 404 134 "-" "User-Agent: Mozilla/4.79 [en] (WinNT; U)"
252.11.223.20 - - [09/Sep/2021:14:54:40 +0000] "GET /Rakefile HTTP/1.1" 404 134 "-" "User-Agent: Mozilla/4.0 (compatible; MSIE 8.0; Windows NT 5.1; Trident/4.0; .NET CLR 2.0.50727; .NET CLR 3.0.4506.2152; .NET CLR 3.5.30729; .NET CLR 1.0.3705; .NET CLR 1.1.4322)"
8.29.74.216 - - [09/Sep/2021:14:54:40 +0000] "GET /Readme HTTP/1.1" 404 134 "-" "User-Agent: Mozilla/5.0 (Windows; U; Windows NT 5.1; en-US) AppleWebKit/525.19 (KHTML, like Gecko) Chrome/0.4.154.25 Safari/525.19"
130.113.110.23 - - [09/Sep/2021:14:54:40 +0000] "GET /RealMedia HTTP/1.1" 404 134 "-" "User-Agent: Mozilla/5.0 (SymbianOS/9.2; U; Series60/3.1 NokiaE90-1/210.34.75 Profile/MIDP-2.0 Configuration/CLDC-1.1 ) AppleWebKit/413 (KHTML, like Gecko) Safari/413"
209.21.218.113 - - [09/Sep/2021:14:54:40 +0000] "GET /Recycled HTTP/1.1" 404 134 "-" "User-Agent: Mozilla/5.0 (Windows; U; WinNT4.0; en-US; rv:0.9.2) Gecko/20010726 Netscape6/6.1"
159.28.175.103 - - [09/Sep/2021:14:54:40 +0000] "GET /Research HTTP/1.1" 404 134 "-" "User-Agent: Opera/9.27 (Windows NT 5.1; U; en)"
205.176.141.182 - - [09/Sep/2021:14:54:40 +0000] "GET /Resources HTTP/1.1" 404 134 "-" "User-Agent: Mozilla/4.79 [en] (WinNT; U)"
190.133.162.187 - - [09/Sep/2021:14:54:40 +0000] "GET /Root HTTP/1.1" 404 134 "-" "User-Agent: Mozilla/5.0 (Windows; U; Windows NT 5.1; en-GB; rv:1.9.0.4) Gecko/2008102920 Firefox/3.0.4"
130.113.110.23 - - [09/Sep/2021:14:54:40 +0000] "GET /S HTTP/1.1" 404 134 "-" "User-Agent: Mozilla/5.0 (SymbianOS/9.2; U; Series60/3.1 NokiaE90-1/210.34.75 Profile/MIDP-2.0 Configuration/CLDC-1.1 ) AppleWebKit/413 (KHTML, like Gecko) Safari/413"
245.81.128.64 - - [09/Sep/2021:14:54:40 +0000] "GET /SERVER-INF HTTP/1.1" 404 134 "-" "User-Agent: Mozilla/5.0 (PLAYSTATION 3; 1.00)"
190.133.162.187 - - [09/Sep/2021:14:54:40 +0000] "GET /SOAPMonitor HTTP/1.1" 404 134 "-" "User-Agent: Mozilla/5.0 (Windows; U; Windows NT 5.1; en-GB; rv:1.9.0.4) Gecko/2008102920 Firefox/3.0.4"
7.90.30.132 - - [09/Sep/2021:14:54:40 +0000] "GET /SQL HTTP/1.1" 404 134 "-" "User-Agent: Mozilla/4.0 (compatible; MSIE 5.5; Windows NT 4.0)"
209.21.218.113 - - [09/Sep/2021:14:54:40 +0000] "GET /SUNWmc HTTP/1.1" 404 134 "-" "User-Agent: Mozilla/5.0 (Windows; U; WinNT4.0; en-US; rv:0.9.2) Gecko/20010726 Netscape6/6.1"
190.133.162.187 - - [09/Sep/2021:14:54:40 +0000] "GET /Scripts HTTP/1.1" 404 134 "-" "User-Agent: Mozilla/5.0 (Windows; U; Windows NT 5.1; en-GB; rv:1.9.0.4) Gecko/2008102920 Firefox/3.0.4"
133.108.139.226 - - [09/Sep/2021:14:54:40 +0000] "GET /Search HTTP/1.1" 404 134 "-" "User-Agent: Mozilla/4.0 (compatible; MSIE 7.0; Windows NT 5.1; (R1 1.6))"
167.17.206.168 - - [09/Sep/2021:14:54:40 +0000] "GET /Security HTTP/1.1" 404 134 "-" "User-Agent: Mozilla/5.0 (Windows; U; Windows NT 5.1; en-GB; rv:1.8.1.1) Gecko/20061204 Firefox/2.0.0.1"
8.29.74.216 - - [09/Sep/2021:14:54:40 +0000] "GET /Server HTTP/1.1" 404 134 "-" "User-Agent: Mozilla/5.0 (Windows; U; Windows NT 5.1; en-US) AppleWebKit/525.19 (KHTML, like Gecko) Chrome/0.4.154.25 Safari/525.19"
186.234.217.13 - - [09/Sep/2021:14:54:40 +0000] "GET /ServerAdministrator HTTP/1.1" 404 134 "-" "User-Agent: Mozilla/5.0 (Windows; U; Windows NT 5.1; en-US) AppleWebKit/525.27.1 (KHTML, like Gecko) Version/3.2.1 Safari/525.27.1"
130.113.110.23 - - [09/Sep/2021:14:54:40 +0000] "GET /Services HTTP/1.1" 404 134 "-" "User-Agent: Mozilla/5.0 (SymbianOS/9.2; U; Series60/3.1 NokiaE90-1/210.34.75 Profile/MIDP-2.0 Configuration/CLDC-1.1 ) AppleWebKit/413 (KHTML, like Gecko) Safari/413"
209.21.218.113 - - [09/Sep/2021:14:54:40 +0000] "GET /Servlet HTTP/1.1" 404 134 "-" "User-Agent: Mozilla/5.0 (Windows; U; WinNT4.0; en-US; rv:0.9.2) Gecko/20010726 Netscape6/6.1"
190.133.162.187 - - [09/Sep/2021:14:54:40 +0000] "GET /Servlets HTTP/1.1" 404 134 "-" "User-Agent: Mozilla/5.0 (Windows; U; Windows NT 5.1; en-GB; rv:1.9.0.4) Gecko/2008102920 Firefox/3.0.4"
181.229.27.51 - - [09/Sep/2021:14:54:40 +0000] "GET /Shibboleth.sso/Metadata HTTP/1.1" 404 134 "-" "User-Agent: Mozilla/2.0 (compatible; MSIE 3.02; Update a; Windows NT)"
133.108.139.226 - - [09/Sep/2021:14:54:40 +0000] "GET /SiteMap HTTP/1.1" 404 134 "-" "User-Agent: Mozilla/4.0 (compatible; MSIE 7.0; Windows NT 5.1; (R1 1.6))"
8.29.74.216 - - [09/Sep/2021:14:54:40 +0000] "GET /SiteScope HTTP/1.1" 404 134 "-" "User-Agent: Mozilla/5.0 (Windows; U; Windows NT 5.1; en-US) AppleWebKit/525.19 (KHTML, like Gecko) Chrome/0.4.154.25 Safari/525.19"
252.11.223.20 - - [09/Sep/2021:14:54:40 +0000] "GET /SiteServer HTTP/1.1" 404 134 "-" "User-Agent: Mozilla/4.0 (compatible; MSIE 8.0; Windows NT 5.1; Trident/4.0; .NET CLR 2.0.50727; .NET CLR 3.0.4506.2152; .NET CLR 3.5.30729; .NET CLR 1.0.3705; .NET CLR 1.1.4322)"
190.133.162.187 - - [09/Sep/2021:14:54:40 +0000] "GET /Sites HTTP/1.1" 404 134 "-" "User-Agent: Mozilla/5.0 (Windows; U; Windows NT 5.1; en-GB; rv:1.9.0.4) Gecko/2008102920 Firefox/3.0.4"
130.113.110.23 - - [09/Sep/2021:14:54:40 +0000] "GET /Software HTTP/1.1" 404 134 "-" "User-Agent: Mozilla/5.0 (SymbianOS/9.2; U; Series60/3.1 NokiaE90-1/210.34.75 Profile/MIDP-2.0 Configuration/CLDC-1.1 ) AppleWebKit/413 (KHTML, like Gecko) Safari/413"
190.133.162.187 - - [09/Sep/2021:14:54:40 +0000] "GET /Sources HTTP/1.1" 404 134 "-" "User-Agent: Mozilla/5.0 (Windows; U; Windows NT 5.1; en-GB; rv:1.9.0.4) Gecko/2008102920 Firefox/3.0.4"
245.81.128.64 - - [09/Sep/2021:14:54:40 +0000] "GET /Sports HTTP/1.1" 404 134 "-" "User-Agent: Mozilla/5.0 (PLAYSTATION 3; 1.00)"
8.29.74.216 - - [09/Sep/2021:14:54:40 +0000] "GET /Spy HTTP/1.1" 404 134 "-" "User-Agent: Mozilla/5.0 (Windows; U; Windows NT 5.1; en-US) AppleWebKit/525.19 (KHTML, like Gecko) Chrome/0.4.154.25 Safari/525.19"
186.234.217.13 - - [09/Sep/2021:14:54:40 +0000] "GET /Statistics HTTP/1.1" 404 134 "-" "User-Agent: Mozilla/5.0 (Windows; U; Windows NT 5.1; en-US) AppleWebKit/525.27.1 (KHTML, like Gecko) Version/3.2.1 Safari/525.27.1"
239.12.96.101 - - [09/Sep/2021:14:54:40 +0000] "GET /Stats HTTP/1.1" 404 134 "-" "User-Agent: Mozilla/5.0 (iPhone; U; CPU iPhone OS 2_2 like Mac OS X; en-us) AppleWebKit/525.18.1 (KHTML, like Gecko) Version/3.1.1 Mobile/5G77 Safari/525.20"
130.113.110.23 - - [09/Sep/2021:14:54:41 +0000] "GET /Super-Admin HTTP/1.1" 404 134 "-" "User-Agent: Mozilla/5.0 (SymbianOS/9.2; U; Series60/3.1 NokiaE90-1/210.34.75 Profile/MIDP-2.0 Configuration/CLDC-1.1 ) AppleWebKit/413 (KHTML, like Gecko) Safari/413"
159.28.175.103 - - [09/Sep/2021:14:54:41 +0000] "GET /Support HTTP/1.1" 404 134 "-" "User-Agent: Opera/9.27 (Windows NT 5.1; U; en)"
154.76.37.160 - - [09/Sep/2021:14:54:41 +0000] "GET /SysAdmin HTTP/1.1" 404 134 "-" "User-Agent: Mozilla/4.0 (compatible; MSIE 4.01; Windows NT)"
205.176.141.182 - - [09/Sep/2021:14:54:41 +0000] "GET /SysAdmin2 HTTP/1.1" 404 134 "-" "User-Agent: Mozilla/4.79 [en] (WinNT; U)"
245.81.128.64 - - [09/Sep/2021:14:54:41 +0000] "GET /T HTTP/1.1" 404 134 "-" "User-Agent: Mozilla/5.0 (PLAYSTATION 3; 1.00)"
167.17.206.168 - - [09/Sep/2021:14:54:41 +0000] "GET /TEMP HTTP/1.1" 404 134 "-" "User-Agent: Mozilla/5.0 (Windows; U; Windows NT 5.1; en-GB; rv:1.8.1.1) Gecko/20061204 Firefox/2.0.0.1"
245.81.128.64 - - [09/Sep/2021:14:54:41 +0000] "GET /TMP HTTP/1.1" 404 134 "-" "User-Agent: Mozilla/5.0 (PLAYSTATION 3; 1.00)"
154.76.37.160 - - [09/Sep/2021:14:54:41 +0000] "GET /TODO HTTP/1.1" 404 134 "-" "User-Agent: Mozilla/4.0 (compatible; MSIE 4.01; Windows NT)"
167.17.206.168 - - [09/Sep/2021:14:54:41 +0000] "GET /Technology HTTP/1.1" 404 134 "-" "User-Agent: Mozilla/5.0 (Windows; U; Windows NT 5.1; en-GB; rv:1.8.1.1) Gecko/20061204 Firefox/2.0.0.1"
58.112.203.144 - - [09/Sep/2021:14:54:41 +0000] "GET /Themes HTTP/1.1" 404 134 "-" "User-Agent: Mozilla/5.0 (Windows; U; Windows NT 5.1; en-US; rv:1.8.1.19) Gecko/20081204 SeaMonkey/1.1.14"
239.12.96.101 - - [09/Sep/2021:14:54:41 +0000] "GET /Thumbs.db HTTP/1.1" 404 134 "-" "User-Agent: Mozilla/5.0 (iPhone; U; CPU iPhone OS 2_2 like Mac OS X; en-us) AppleWebKit/525.18.1 (KHTML, like Gecko) Version/3.1.1 Mobile/5G77 Safari/525.20"
167.17.206.168 - - [09/Sep/2021:14:54:41 +0000] "GET /Travel HTTP/1.1" 404 134 "-" "User-Agent: Mozilla/5.0 (Windows; U; Windows NT 5.1; en-GB; rv:1.8.1.1) Gecko/20061204 Firefox/2.0.0.1"
84.255.200.120 - - [09/Sep/2021:14:54:41 +0000] "GET /U HTTP/1.1" 404 134 "-" "User-Agent: Mozilla/4.0 (compatible; MSIE 7.0; Windows NT 5.1; .NET CLR 1.1.4322; .NET CLR 2.0.50727; .NET CLR 3.0.04506.30; .NET CLR 3.0.04506.648; .NET CLR 3.5.21022)"
55.10.168.18 - - [09/Sep/2021:14:54:41 +0000] "GET /US HTTP/1.1" 404 134 "-" "User-Agent: Mozilla/5.0 (Windows; U; Windows NT 5.1; en-US) AppleWebKit/525.19 (KHTML, like Gecko) Chrome/1.0.154.48 Safari/525.19"
130.113.110.23 - - [09/Sep/2021:14:54:41 +0000] "GET /UserFiles HTTP/1.1" 404 134 "-" "User-Agent: Mozilla/5.0 (SymbianOS/9.2; U; Series60/3.1 NokiaE90-1/210.34.75 Profile/MIDP-2.0 Configuration/CLDC-1.1 ) AppleWebKit/413 (KHTML, like Gecko) Safari/413"
130.113.110.23 - - [09/Sep/2021:14:54:41 +0000] "GET /Utilities HTTP/1.1" 404 134 "-" "User-Agent: Mozilla/5.0 (SymbianOS/9.2; U; Series60/3.1 NokiaE90-1/210.34.75 Profile/MIDP-2.0 Configuration/CLDC-1.1 ) AppleWebKit/413 (KHTML, like Gecko) Safari/413"
181.229.27.51 - - [09/Sep/2021:14:54:41 +0000] "GET /V HTTP/1.1" 404 134 "-" "User-Agent: Mozilla/2.0 (compatible; MSIE 3.02; Update a; Windows NT)"
8.29.74.216 - - [09/Sep/2021:14:54:41 +0000] "GET /Video HTTP/1.1" 404 134 "-" "User-Agent: Mozilla/5.0 (Windows; U; Windows NT 5.1; en-US) AppleWebKit/525.19 (KHTML, like Gecko) Chrome/0.4.154.25 Safari/525.19"
14.73.88.95 - - [09/Sep/2021:14:54:41 +0000] "GET /files/c4ca4238a0b923820dcc509a6f75849b.zip HTTP/1.1" 200 0 "http://btvn.kid.cyberjutsu-lab.tech/" "Mozilla/5.0 (Windows NT 10.0; Win64; x64) AppleWebKit/537.36 (KHTML, like Gecko) Chrome/92.0.4515.159 Safari/537.36"
47.119.73.149 - - [09/Sep/2021:14:54:41 +0000] "GET /W HTTP/1.1" 404 134 "-" "User-Agent: Mozilla/5.0 (Linux; U; Android 1.5; en-gb; HTC Magic Build/CRB17) AppleWebKit/528.5+ (KHTML, like Gecko) Version/3.1.2 Mobile Safari/525.20.1"
245.81.128.64 - - [09/Sep/2021:14:54:41 +0000] "GET /W3SVC HTTP/1.1" 404 134 "-" "User-Agent: Mozilla/5.0 (PLAYSTATION 3; 1.00)"
58.112.203.144 - - [09/Sep/2021:14:54:41 +0000] "GET /W3SVC1 HTTP/1.1" 404 134 "-" "User-Agent: Mozilla/5.0 (Windows; U; Windows NT 5.1; en-US; rv:1.8.1.19) Gecko/20081204 SeaMonkey/1.1.14"
14.73.88.95 - - [09/Sep/2021:14:54:41 +0000] "GET /files/c81e728d9d4c2f636f067f89cc14862c.zip HTTP/1.1" 200 0 "http://btvn.kid.cyberjutsu-lab.tech/" "Mozilla/5.0 (Windows NT 10.0; Win64; x64) AppleWebKit/537.36 (KHTML, like Gecko) Chrome/92.0.4515.159 Safari/537.36"
190.133.162.187 - - [09/Sep/2021:14:54:41 +0000] "GET /W3SVC2 HTTP/1.1" 404 134 "-" "User-Agent: Mozilla/5.0 (Windows; U; Windows NT 5.1; en-GB; rv:1.9.0.4) Gecko/2008102920 Firefox/3.0.4"
159.28.175.103 - - [09/Sep/2021:14:54:41 +0000] "GET /W3SVC3 HTTP/1.1" 404 134 "-" "User-Agent: Opera/9.27 (Windows NT 5.1; U; en)"
7.90.30.132 - - [09/Sep/2021:14:54:41 +0000] "GET /WEB-INF HTTP/1.1" 404 134 "-" "User-Agent: Mozilla/4.0 (compatible; MSIE 5.5; Windows NT 4.0)"
245.81.128.64 - - [09/Sep/2021:14:54:41 +0000] "GET /WS_FTP HTTP/1.1" 404 134 "-" "User-Agent: Mozilla/5.0 (PLAYSTATION 3; 1.00)"
14.73.88.95 - - [09/Sep/2021:14:54:41 +0000] "GET /files/eccbc87e4b5ce2fe28308fd9f2a7baf3.zip HTTP/1.1" 200 0 "http://btvn.kid.cyberjutsu-lab.tech/" "Mozilla/5.0 (Windows NT 10.0; Win64; x64) AppleWebKit/537.36 (KHTML, like Gecko) Chrome/92.0.4515.159 Safari/537.36"
209.21.218.113 - - [09/Sep/2021:14:54:41 +0000] "GET /WS_FTP.LOG HTTP/1.1" 404 134 "-" "User-Agent: Mozilla/5.0 (Windows; U; WinNT4.0; en-US; rv:0.9.2) Gecko/20010726 Netscape6/6.1"
14.73.88.95 - - [09/Sep/2021:14:54:41 +0000] "GET /files/a87ff679a2f3e71d9181a67b7542122c.zip HTTP/1.1" 200 0 "http://btvn.kid.cyberjutsu-lab.tech/" "Mozilla/5.0 (Windows NT 10.0; Win64; x64) AppleWebKit/537.36 (KHTML, like Gecko) Chrome/92.0.4515.159 Safari/537.36"
239.12.96.101 - - [09/Sep/2021:14:54:41 +0000] "GET /WebAdmin HTTP/1.1" 404 134 "-" "User-Agent: Mozilla/5.0 (iPhone; U; CPU iPhone OS 2_2 like Mac OS X; en-us) AppleWebKit/525.18.1 (KHTML, like Gecko) Version/3.1.1 Mobile/5G77 Safari/525.20"
154.76.37.160 - - [09/Sep/2021:14:54:41 +0000] "GET /Windows HTTP/1.1" 404 134 "-" "User-Agent: Mozilla/4.0 (compatible; MSIE 4.01; Windows NT)"
14.73.88.95 - - [09/Sep/2021:14:54:41 +0000] "GET / HTTP/1.1" 200 761 "-" "Mozilla/5.0 (Windows NT 10.0; Win64; x64) AppleWebKit/537.36 (KHTML, like Gecko) Chrome/92.0.4515.159 Safari/537.36"
84.255.200.120 - - [09/Sep/2021:14:54:41 +0000] "GET /X HTTP/1.1" 404 134 "-" "User-Agent: Mozilla/4.0 (compatible; MSIE 7.0; Windows NT 5.1; .NET CLR 1.1.4322; .NET CLR 2.0.50727; .NET CLR 3.0.04506.30; .NET CLR 3.0.04506.648; .NET CLR 3.5.21022)"
47.119.73.149 - - [09/Sep/2021:14:54:41 +0000] "GET /XML HTTP/1.1" 404 134 "-" "User-Agent: Mozilla/5.0 (Linux; U; Android 1.5; en-gb; HTC Magic Build/CRB17) AppleWebKit/528.5+ (KHTML, like Gecko) Version/3.1.2 Mobile Safari/525.20.1"
130.113.110.23 - - [09/Sep/2021:14:54:41 +0000] "GET /XXX HTTP/1.1" 404 134 "-" "User-Agent: Mozilla/5.0 (SymbianOS/9.2; U; Series60/3.1 NokiaE90-1/210.34.75 Profile/MIDP-2.0 Configuration/CLDC-1.1 ) AppleWebKit/413 (KHTML, like Gecko) Safari/413"
239.12.96.101 - - [09/Sep/2021:14:54:41 +0000] "GET /_ HTTP/1.1" 404 134 "-" "User-Agent: Mozilla/5.0 (iPhone; U; CPU iPhone OS 2_2 like Mac OS X; en-us) AppleWebKit/525.18.1 (KHTML, like Gecko) Version/3.1.1 Mobile/5G77 Safari/525.20"
14.73.88.95 - - [09/Sep/2021:14:54:41 +0000] "GET /favicon.ico HTTP/1.1" 404 197 "http://btvn.kid.cyberjutsu-lab.tech/" "Mozilla/5.0 (Windows NT 10.0; Win64; x64) AppleWebKit/537.36 (KHTML, like Gecko) Chrome/92.0.4515.159 Safari/537.36"
58.112.203.144 - - [09/Sep/2021:14:54:41 +0000] "GET /_adm HTTP/1.1" 404 134 "-" "User-Agent: Mozilla/5.0 (Windows; U; Windows NT 5.1; en-US; rv:1.8.1.19) Gecko/20081204 SeaMonkey/1.1.14"
252.11.223.20 - - [09/Sep/2021:14:54:41 +0000] "GET /_admin HTTP/1.1" 404 134 "-" "User-Agent: Mozilla/4.0 (compatible; MSIE 8.0; Windows NT 5.1; Trident/4.0; .NET CLR 2.0.50727; .NET CLR 3.0.4506.2152; .NET CLR 3.5.30729; .NET CLR 1.0.3705; .NET CLR 1.1.4322)"
181.229.27.51 - - [09/Sep/2021:14:54:41 +0000] "GET /_ajax HTTP/1.1" 404 134 "-" "User-Agent: Mozilla/2.0 (compatible; MSIE 3.02; Update a; Windows NT)"
167.17.206.168 - - [09/Sep/2021:14:54:41 +0000] "GET /_archive HTTP/1.1" 404 134 "-" "User-Agent: Mozilla/5.0 (Windows; U; Windows NT 5.1; en-GB; rv:1.8.1.1) Gecko/20061204 Firefox/2.0.0.1"
167.17.206.168 - - [09/Sep/2021:14:54:41 +0000] "GET /_assets HTTP/1.1" 404 134 "-" "User-Agent: Mozilla/5.0 (Windows; U; Windows NT 5.1; en-GB; rv:1.8.1.1) Gecko/20061204 Firefox/2.0.0.1"
167.17.206.168 - - [09/Sep/2021:14:54:41 +0000] "GET /_backup HTTP/1.1" 404 134 "-" "User-Agent: Mozilla/5.0 (Windows; U; Windows NT 5.1; en-GB; rv:1.8.1.1) Gecko/20061204 Firefox/2.0.0.1"
14.73.88.95 - - [09/Sep/2021:14:54:41 +0000] "GET /files/e4da3b7fbbce2345d7772b0674a318d5.zip HTTP/1.1" 200 0 "http://btvn.kid.cyberjutsu-lab.tech/" "Mozilla/5.0 (Windows NT 10.0; Win64; x64) AppleWebKit/537.36 (KHTML, like Gecko) Chrome/92.0.4515.159 Safari/537.36"
167.17.206.168 - - [09/Sep/2021:14:54:41 +0000] "GET /_baks HTTP/1.1" 404 134 "-" "User-Agent: Mozilla/5.0 (Windows; U; Windows NT 5.1; en-GB; rv:1.8.1.1) Gecko/20061204 Firefox/2.0.0.1"
14.73.88.95 - - [09/Sep/2021:14:54:41 +0000] "GET /files/1679091c5a880faf6fb5e6087eb1b2dc.zip HTTP/1.1" 200 0 "http://btvn.kid.cyberjutsu-lab.tech/" "Mozilla/5.0 (Windows NT 10.0; Win64; x64) AppleWebKit/537.36 (KHTML, like Gecko) Chrome/92.0.4515.159 Safari/537.36"
190.133.162.187 - - [09/Sep/2021:14:54:41 +0000] "GET /_borders HTTP/1.1" 404 134 "-" "User-Agent: Mozilla/5.0 (Windows; U; Windows NT 5.1; en-GB; rv:1.9.0.4) Gecko/2008102920 Firefox/3.0.4"
8.29.74.216 - - [09/Sep/2021:14:54:41 +0000] "GET /_cache HTTP/1.1" 404 134 "-" "User-Agent: Mozilla/5.0 (Windows; U; Windows NT 5.1; en-US) AppleWebKit/525.19 (KHTML, like Gecko) Chrome/0.4.154.25 Safari/525.19"
209.21.218.113 - - [09/Sep/2021:14:54:41 +0000] "GET /_catalogs HTTP/1.1" 404 134 "-" "User-Agent: Mozilla/5.0 (Windows; U; WinNT4.0; en-US; rv:0.9.2) Gecko/20010726 Netscape6/6.1"
14.73.88.95 - - [09/Sep/2021:14:54:41 +0000] "GET /files/8f14e45fceea167a5a36dedd4bea2543.zip HTTP/1.1" 200 0 "http://btvn.kid.cyberjutsu-lab.tech/" "Mozilla/5.0 (Windows NT 10.0; Win64; x64) AppleWebKit/537.36 (KHTML, like Gecko) Chrome/92.0.4515.159 Safari/537.36"
186.234.217.13 - - [09/Sep/2021:14:54:41 +0000] "GET /_common HTTP/1.1" 404 134 "-" "User-Agent: Mozilla/5.0 (Windows; U; Windows NT 5.1; en-US) AppleWebKit/525.27.1 (KHTML, like Gecko) Version/3.2.1 Safari/525.27.1"
167.17.206.168 - - [09/Sep/2021:14:54:41 +0000] "GET /_conf HTTP/1.1" 404 134 "-" "User-Agent: Mozilla/5.0 (Windows; U; Windows NT 5.1; en-GB; rv:1.8.1.1) Gecko/20061204 Firefox/2.0.0.1"
55.10.168.18 - - [09/Sep/2021:14:54:41 +0000] "GET /_config HTTP/1.1" 404 134 "-" "User-Agent: Mozilla/5.0 (Windows; U; Windows NT 5.1; en-US) AppleWebKit/525.19 (KHTML, like Gecko) Chrome/1.0.154.48 Safari/525.19"
181.229.27.51 - - [09/Sep/2021:14:54:41 +0000] "GET /_css HTTP/1.1" 404 134 "-" "User-Agent: Mozilla/2.0 (compatible; MSIE 3.02; Update a; Windows NT)"
159.28.175.103 - - [09/Sep/2021:14:54:41 +0000] "GET /_data HTTP/1.1" 404 134 "-" "User-Agent: Opera/9.27 (Windows NT 5.1; U; en)"
14.73.88.95 - - [09/Sep/2021:14:54:41 +0000] "GET /files/c9f0f895fb98ab9159f51fd0297e236d.zip HTTP/1.1" 200 0 "http://btvn.kid.cyberjutsu-lab.tech/" "Mozilla/5.0 (Windows NT 10.0; Win64; x64) AppleWebKit/537.36 (KHTML, like Gecko) Chrome/92.0.4515.159 Safari/537.36"
47.119.73.149 - - [09/Sep/2021:14:54:41 +0000] "GET /_database HTTP/1.1" 404 134 "-" "User-Agent: Mozilla/5.0 (Linux; U; Android 1.5; en-gb; HTC Magic Build/CRB17) AppleWebKit/528.5+ (KHTML, like Gecko) Version/3.1.2 Mobile Safari/525.20.1"
133.108.139.226 - - [09/Sep/2021:14:54:41 +0000] "GET /_db_backups HTTP/1.1" 404 134 "-" "User-Agent: Mozilla/4.0 (compatible; MSIE 7.0; Windows NT 5.1; (R1 1.6))"
205.176.141.182 - - [09/Sep/2021:14:54:41 +0000] "GET /_derived HTTP/1.1" 404 134 "-" "User-Agent: Mozilla/4.79 [en] (WinNT; U)"
245.81.128.64 - - [09/Sep/2021:14:54:41 +0000] "GET /_dev HTTP/1.1" 404 134 "-" "User-Agent: Mozilla/5.0 (PLAYSTATION 3; 1.00)"
186.234.217.13 - - [09/Sep/2021:14:54:41 +0000] "GET /_dummy HTTP/1.1" 404 134 "-" "User-Agent: Mozilla/5.0 (Windows; U; Windows NT 5.1; en-US) AppleWebKit/525.27.1 (KHTML, like Gecko) Version/3.2.1 Safari/525.27.1"
14.73.88.95 - - [09/Sep/2021:14:54:41 +0000] "GET /files/45c48cce2e2d7fbdea1afc51c7c6ad26.zip HTTP/1.1" 200 0 "http://btvn.kid.cyberjutsu-lab.tech/" "Mozilla/5.0 (Windows NT 10.0; Win64; x64) AppleWebKit/537.36 (KHTML, like Gecko) Chrome/92.0.4515.159 Safari/537.36"
181.229.27.51 - - [09/Sep/2021:14:54:41 +0000] "GET /_files HTTP/1.1" 404 134 "-" "User-Agent: Mozilla/2.0 (compatible; MSIE 3.02; Update a; Windows NT)"
186.234.217.13 - - [09/Sep/2021:14:54:41 +0000] "GET /_flash HTTP/1.1" 404 134 "-" "User-Agent: Mozilla/5.0 (Windows; U; Windows NT 5.1; en-US) AppleWebKit/525.27.1 (KHTML, like Gecko) Version/3.2.1 Safari/525.27.1"
209.21.218.113 - - [09/Sep/2021:14:54:41 +0000] "GET /_fpclass HTTP/1.1" 404 134 "-" "User-Agent: Mozilla/5.0 (Windows; U; WinNT4.0; en-US; rv:0.9.2) Gecko/20010726 Netscape6/6.1"
8.61.75.32 - - [09/Sep/2021:14:54:41 +0000] "GET /_framework/blazor.boot.json HTTP/1.1" 404 134 "-" "User-Agent: Wget/1.8.2"
181.229.27.51 - - [09/Sep/2021:14:54:41 +0000] "GET /_framework/blazor.webassembly.js HTTP/1.1" 404 134 "-" "User-Agent: Mozilla/2.0 (compatible; MSIE 3.02; Update a; Windows NT)"
14.73.88.95 - - [09/Sep/2021:14:54:41 +0000] "GET /files/d3d9446802a44259755d38e6d163e820.zip HTTP/1.1" 200 0 "http://btvn.kid.cyberjutsu-lab.tech/" "Mozilla/5.0 (Windows NT 10.0; Win64; x64) AppleWebKit/537.36 (KHTML, like Gecko) Chrome/92.0.4515.159 Safari/537.36"
190.133.162.187 - - [09/Sep/2021:14:54:41 +0000] "GET /_framework/wasm/dotnet.wasm HTTP/1.1" 404 134 "-" "User-Agent: Mozilla/5.0 (Windows; U; Windows NT 5.1; en-GB; rv:1.9.0.4) Gecko/2008102920 Firefox/3.0.4"
167.17.206.168 - - [09/Sep/2021:14:54:41 +0000] "GET /_framework/_bin/WebAssembly.Bindings.dll HTTP/1.1" 404 134 "-" "User-Agent: Mozilla/5.0 (Windows; U; Windows NT 5.1; en-GB; rv:1.8.1.1) Gecko/20061204 Firefox/2.0.0.1"
7.90.30.132 - - [09/Sep/2021:14:54:41 +0000] "GET /_images HTTP/1.1" 404 134 "-" "User-Agent: Mozilla/4.0 (compatible; MSIE 5.5; Windows NT 4.0)"
7.90.30.132 - - [09/Sep/2021:14:54:41 +0000] "GET /_img HTTP/1.1" 404 134 "-" "User-Agent: Mozilla/4.0 (compatible; MSIE 5.5; Windows NT 4.0)"
245.81.128.64 - - [09/Sep/2021:14:54:41 +0000] "GET /_inc HTTP/1.1" 404 134 "-" "User-Agent: Mozilla/5.0 (PLAYSTATION 3; 1.00)"
239.12.96.101 - - [09/Sep/2021:14:54:41 +0000] "GET /_include HTTP/1.1" 404 134 "-" "User-Agent: Mozilla/5.0 (iPhone; U; CPU iPhone OS 2_2 like Mac OS X; en-us) AppleWebKit/525.18.1 (KHTML, like Gecko) Version/3.1.1 Mobile/5G77 Safari/525.20"
8.29.74.216 - - [09/Sep/2021:14:54:41 +0000] "GET /_includes HTTP/1.1" 404 134 "-" "User-Agent: Mozilla/5.0 (Windows; U; Windows NT 5.1; en-US) AppleWebKit/525.19 (KHTML, like Gecko) Chrome/0.4.154.25 Safari/525.19"
239.12.96.101 - - [09/Sep/2021:14:54:41 +0000] "GET /_install HTTP/1.1" 404 134 "-" "User-Agent: Mozilla/5.0 (iPhone; U; CPU iPhone OS 2_2 like Mac OS X; en-us) AppleWebKit/525.18.1 (KHTML, like Gecko) Version/3.1.1 Mobile/5G77 Safari/525.20"
58.112.203.144 - - [09/Sep/2021:14:54:41 +0000] "GET /_js HTTP/1.1" 404 134 "-" "User-Agent: Mozilla/5.0 (Windows; U; Windows NT 5.1; en-US; rv:1.8.1.19) Gecko/20081204 SeaMonkey/1.1.14"
8.29.74.216 - - [09/Sep/2021:14:54:41 +0000] "GET /_layouts HTTP/1.1" 404 134 "-" "User-Agent: Mozilla/5.0 (Windows; U; Windows NT 5.1; en-US) AppleWebKit/525.19 (KHTML, like Gecko) Chrome/0.4.154.25 Safari/525.19"
190.133.162.187 - - [09/Sep/2021:14:54:41 +0000] "GET /_lib HTTP/1.1" 404 134 "-" "User-Agent: Mozilla/5.0 (Windows; U; Windows NT 5.1; en-GB; rv:1.9.0.4) Gecko/2008102920 Firefox/3.0.4"
133.108.139.226 - - [09/Sep/2021:14:54:41 +0000] "GET /_media HTTP/1.1" 404 134 "-" "User-Agent: Mozilla/4.0 (compatible; MSIE 7.0; Windows NT 5.1; (R1 1.6))"
130.113.110.23 - - [09/Sep/2021:14:54:41 +0000] "GET /_mem_bin HTTP/1.1" 404 134 "-" "User-Agent: Mozilla/5.0 (SymbianOS/9.2; U; Series60/3.1 NokiaE90-1/210.34.75 Profile/MIDP-2.0 Configuration/CLDC-1.1 ) AppleWebKit/413 (KHTML, like Gecko) Safari/413"
245.81.128.64 - - [09/Sep/2021:14:54:41 +0000] "GET /_mm HTTP/1.1" 404 134 "-" "User-Agent: Mozilla/5.0 (PLAYSTATION 3; 1.00)"
186.234.217.13 - - [09/Sep/2021:14:54:41 +0000] "GET /_mmserverscripts HTTP/1.1" 404 134 "-" "User-Agent: Mozilla/5.0 (Windows; U; Windows NT 5.1; en-US) AppleWebKit/525.27.1 (KHTML, like Gecko) Version/3.2.1 Safari/525.27.1"
14.73.88.95 - - [09/Sep/2021:14:54:41 +0000] "GET /files/6512bd43d9caa6e02c990b0a82652dca.zip HTTP/1.1" 200 0 "http://btvn.kid.cyberjutsu-lab.tech/" "Mozilla/5.0 (Windows NT 10.0; Win64; x64) AppleWebKit/537.36 (KHTML, like Gecko) Chrome/92.0.4515.159 Safari/537.36"
239.12.96.101 - - [09/Sep/2021:14:54:41 +0000] "GET /_mygallery HTTP/1.1" 404 134 "-" "User-Agent: Mozilla/5.0 (iPhone; U; CPU iPhone OS 2_2 like Mac OS X; en-us) AppleWebKit/525.18.1 (KHTML, like Gecko) Version/3.1.1 Mobile/5G77 Safari/525.20"
55.10.168.18 - - [09/Sep/2021:14:54:41 +0000] "GET /_notes HTTP/1.1" 404 134 "-" "User-Agent: Mozilla/5.0 (Windows; U; Windows NT 5.1; en-US) AppleWebKit/525.19 (KHTML, like Gecko) Chrome/1.0.154.48 Safari/525.19"
84.255.200.120 - - [09/Sep/2021:14:54:41 +0000] "GET /_old HTTP/1.1" 404 134 "-" "User-Agent: Mozilla/4.0 (compatible; MSIE 7.0; Windows NT 5.1; .NET CLR 1.1.4322; .NET CLR 2.0.50727; .NET CLR 3.0.04506.30; .NET CLR 3.0.04506.648; .NET CLR 3.5.21022)"
8.61.75.32 - - [09/Sep/2021:14:54:41 +0000] "GET /_overlay HTTP/1.1" 404 134 "-" "User-Agent: Wget/1.8.2"
239.12.96.101 - - [09/Sep/2021:14:54:41 +0000] "GET /_pages HTTP/1.1" 404 134 "-" "User-Agent: Mozilla/5.0 (iPhone; U; CPU iPhone OS 2_2 like Mac OS X; en-us) AppleWebKit/525.18.1 (KHTML, like Gecko) Version/3.1.1 Mobile/5G77 Safari/525.20"
14.73.88.95 - - [09/Sep/2021:14:54:41 +0000] "GET /files/c20ad4d76fe97759aa27a0c99bff6710.zip HTTP/1.1" 200 0 "http://btvn.kid.cyberjutsu-lab.tech/" "Mozilla/5.0 (Windows NT 10.0; Win64; x64) AppleWebKit/537.36 (KHTML, like Gecko) Chrome/92.0.4515.159 Safari/537.36"
167.17.206.168 - - [09/Sep/2021:14:54:41 +0000] "GET /_private HTTP/1.1" 404 134 "-" "User-Agent: Mozilla/5.0 (Windows; U; Windows NT 5.1; en-GB; rv:1.8.1.1) Gecko/20061204 Firefox/2.0.0.1"
239.12.96.101 - - [09/Sep/2021:14:54:41 +0000] "GET /_reports HTTP/1.1" 404 134 "-" "User-Agent: Mozilla/5.0 (iPhone; U; CPU iPhone OS 2_2 like Mac OS X; en-us) AppleWebKit/525.18.1 (KHTML, like Gecko) Version/3.1.1 Mobile/5G77 Safari/525.20"
47.119.73.149 - - [09/Sep/2021:14:54:41 +0000] "GET /_res HTTP/1.1" 404 134 "-" "User-Agent: Mozilla/5.0 (Linux; U; Android 1.5; en-gb; HTC Magic Build/CRB17) AppleWebKit/528.5+ (KHTML, like Gecko) Version/3.1.2 Mobile Safari/525.20.1"
209.21.218.113 - - [09/Sep/2021:14:54:41 +0000] "GET /_resources HTTP/1.1" 404 134 "-" "User-Agent: Mozilla/5.0 (Windows; U; WinNT4.0; en-US; rv:0.9.2) Gecko/20010726 Netscape6/6.1"
190.133.162.187 - - [09/Sep/2021:14:54:41 +0000] "GET /_scriptlibrary HTTP/1.1" 404 134 "-" "User-Agent: Mozilla/5.0 (Windows; U; Windows NT 5.1; en-GB; rv:1.9.0.4) Gecko/2008102920 Firefox/3.0.4"
133.108.139.226 - - [09/Sep/2021:14:54:41 +0000] "GET /_scripts HTTP/1.1" 404 134 "-" "User-Agent: Mozilla/4.0 (compatible; MSIE 7.0; Windows NT 5.1; (R1 1.6))"
205.176.141.182 - - [09/Sep/2021:14:54:41 +0000] "GET /_source HTTP/1.1" 404 134 "-" "User-Agent: Mozilla/4.79 [en] (WinNT; U)"
14.73.88.95 - - [09/Sep/2021:14:54:41 +0000] "GET /files/c51ce410c124a10e0db5e4b97fc2af39.zip HTTP/1.1" 200 0 "http://btvn.kid.cyberjutsu-lab.tech/" "Mozilla/5.0 (Windows NT 10.0; Win64; x64) AppleWebKit/537.36 (KHTML, like Gecko) Chrome/92.0.4515.159 Safari/537.36"
181.229.27.51 - - [09/Sep/2021:14:54:41 +0000] "GET /_src HTTP/1.1" 404 134 "-" "User-Agent: Mozilla/2.0 (compatible; MSIE 3.02; Update a; Windows NT)"
133.108.139.226 - - [09/Sep/2021:14:54:41 +0000] "GET /_stats HTTP/1.1" 404 134 "-" "User-Agent: Mozilla/4.0 (compatible; MSIE 7.0; Windows NT 5.1; (R1 1.6))"
239.12.96.101 - - [09/Sep/2021:14:54:41 +0000] "GET /_styles HTTP/1.1" 404 134 "-" "User-Agent: Mozilla/5.0 (iPhone; U; CPU iPhone OS 2_2 like Mac OS X; en-us) AppleWebKit/525.18.1 (KHTML, like Gecko) Version/3.1.1 Mobile/5G77 Safari/525.20"
159.28.175.103 - - [09/Sep/2021:14:54:41 +0000] "GET /_swf HTTP/1.1" 404 134 "-" "User-Agent: Opera/9.27 (Windows NT 5.1; U; en)"
55.10.168.18 - - [09/Sep/2021:14:54:41 +0000] "GET /_temp HTTP/1.1" 404 134 "-" "User-Agent: Mozilla/5.0 (Windows; U; Windows NT 5.1; en-US) AppleWebKit/525.19 (KHTML, like Gecko) Chrome/1.0.154.48 Safari/525.19"
14.73.88.95 - - [09/Sep/2021:14:54:41 +0000] "GET /files/aab3238922bcc25a6f606eb525ffdc56.zip HTTP/1.1" 200 0 "http://btvn.kid.cyberjutsu-lab.tech/" "Mozilla/5.0 (Windows NT 10.0; Win64; x64) AppleWebKit/537.36 (KHTML, like Gecko) Chrome/92.0.4515.159 Safari/537.36"
252.11.223.20 - - [09/Sep/2021:14:54:41 +0000] "GET /_tempalbums HTTP/1.1" 404 134 "-" "User-Agent: Mozilla/4.0 (compatible; MSIE 8.0; Windows NT 5.1; Trident/4.0; .NET CLR 2.0.50727; .NET CLR 3.0.4506.2152; .NET CLR 3.5.30729; .NET CLR 1.0.3705; .NET CLR 1.1.4322)"
47.119.73.149 - - [09/Sep/2021:14:54:41 +0000] "GET /_template HTTP/1.1" 404 134 "-" "User-Agent: Mozilla/5.0 (Linux; U; Android 1.5; en-gb; HTC Magic Build/CRB17) AppleWebKit/528.5+ (KHTML, like Gecko) Version/3.1.2 Mobile Safari/525.20.1"
14.73.88.95 - - [09/Sep/2021:14:54:41 +0000] "GET /files/9bf31c7ff062936a96d3c8bd1f8f2ff3.zip HTTP/1.1" 200 0 "http://btvn.kid.cyberjutsu-lab.tech/" "Mozilla/5.0 (Windows NT 10.0; Win64; x64) AppleWebKit/537.36 (KHTML, like Gecko) Chrome/92.0.4515.159 Safari/537.36"
8.29.74.216 - - [09/Sep/2021:14:54:41 +0000] "GET /_templates HTTP/1.1" 404 134 "-" "User-Agent: Mozilla/5.0 (Windows; U; Windows NT 5.1; en-US) AppleWebKit/525.19 (KHTML, like Gecko) Chrome/0.4.154.25 Safari/525.19"
7.90.30.132 - - [09/Sep/2021:14:54:41 +0000] "GET /_test HTTP/1.1" 404 134 "-" "User-Agent: Mozilla/4.0 (compatible; MSIE 5.5; Windows NT 4.0)"
186.234.217.13 - - [09/Sep/2021:14:54:41 +0000] "GET /_themes HTTP/1.1" 404 134 "-" "User-Agent: Mozilla/5.0 (Windows; U; Windows NT 5.1; en-US) AppleWebKit/525.27.1 (KHTML, like Gecko) Version/3.2.1 Safari/525.27.1"
190.133.162.187 - - [09/Sep/2021:14:54:41 +0000] "GET /_tmp HTTP/1.1" 404 134 "-" "User-Agent: Mozilla/5.0 (Windows; U; Windows NT 5.1; en-GB; rv:1.9.0.4) Gecko/2008102920 Firefox/3.0.4"
245.81.128.64 - - [09/Sep/2021:14:54:41 +0000] "GET /_tmpfileop HTTP/1.1" 404 134 "-" "User-Agent: Mozilla/5.0 (PLAYSTATION 3; 1.00)"
252.11.223.20 - - [09/Sep/2021:14:54:41 +0000] "GET /_vti_aut HTTP/1.1" 404 134 "-" "User-Agent: Mozilla/4.0 (compatible; MSIE 8.0; Windows NT 5.1; Trident/4.0; .NET CLR 2.0.50727; .NET CLR 3.0.4506.2152; .NET CLR 3.5.30729; .NET CLR 1.0.3705; .NET CLR 1.1.4322)"
14.73.88.95 - - [09/Sep/2021:14:54:41 +0000] "GET /files/c74d97b01eae257e44aa9d5bade97baf.zip HTTP/1.1" 200 0 "http://btvn.kid.cyberjutsu-lab.tech/" "Mozilla/5.0 (Windows NT 10.0; Win64; x64) AppleWebKit/537.36 (KHTML, like Gecko) Chrome/92.0.4515.159 Safari/537.36"
167.17.206.168 - - [09/Sep/2021:14:54:41 +0000] "GET /_vti_bin HTTP/1.1" 404 134 "-" "User-Agent: Mozilla/5.0 (Windows; U; Windows NT 5.1; en-GB; rv:1.8.1.1) Gecko/20061204 Firefox/2.0.0.1"
252.11.223.20 - - [09/Sep/2021:14:54:41 +0000] "GET /_vti_bin/_vti_adm/admin.dll HTTP/1.1" 404 134 "-" "User-Agent: Mozilla/4.0 (compatible; MSIE 8.0; Windows NT 5.1; Trident/4.0; .NET CLR 2.0.50727; .NET CLR 3.0.4506.2152; .NET CLR 3.5.30729; .NET CLR 1.0.3705; .NET CLR 1.1.4322)"
8.29.74.216 - - [09/Sep/2021:14:54:41 +0000] "GET /_vti_bin/_vti_aut/author.dll HTTP/1.1" 404 134 "-" "User-Agent: Mozilla/5.0 (Windows; U; Windows NT 5.1; en-US) AppleWebKit/525.19 (KHTML, like Gecko) Chrome/0.4.154.25 Safari/525.19"
154.76.37.160 - - [09/Sep/2021:14:54:41 +0000] "GET /_vti_bin/shtml.dll HTTP/1.1" 404 134 "-" "User-Agent: Mozilla/4.0 (compatible; MSIE 4.01; Windows NT)"
47.119.73.149 - - [09/Sep/2021:14:54:41 +0000] "GET /_vti_cnf HTTP/1.1" 404 134 "-" "User-Agent: Mozilla/5.0 (Linux; U; Android 1.5; en-gb; HTC Magic Build/CRB17) AppleWebKit/528.5+ (KHTML, like Gecko) Version/3.1.2 Mobile Safari/525.20.1"
84.255.200.120 - - [09/Sep/2021:14:54:41 +0000] "GET /_vti_inf HTTP/1.1" 404 134 "-" "User-Agent: Mozilla/4.0 (compatible; MSIE 7.0; Windows NT 5.1; .NET CLR 1.1.4322; .NET CLR 2.0.50727; .NET CLR 3.0.04506.30; .NET CLR 3.0.04506.648; .NET CLR 3.5.21022)"
14.73.88.95 - - [09/Sep/2021:14:54:41 +0000] "GET /files/70efdf2ec9b086079795c442636b55fb.zip HTTP/1.1" 200 0 "http://btvn.kid.cyberjutsu-lab.tech/" "Mozilla/5.0 (Windows NT 10.0; Win64; x64) AppleWebKit/537.36 (KHTML, like Gecko) Chrome/92.0.4515.159 Safari/537.36"
133.108.139.226 - - [09/Sep/2021:14:54:41 +0000] "GET /_vti_log HTTP/1.1" 404 134 "-" "User-Agent: Mozilla/4.0 (compatible; MSIE 7.0; Windows NT 5.1; (R1 1.6))"
14.73.88.95 - - [09/Sep/2021:14:54:41 +0000] "GET /files/6f4922f45568161a8cdf4ad2299f6d23.zip HTTP/1.1" 200 0 "http://btvn.kid.cyberjutsu-lab.tech/" "Mozilla/5.0 (Windows NT 10.0; Win64; x64) AppleWebKit/537.36 (KHTML, like Gecko) Chrome/92.0.4515.159 Safari/537.36"
181.229.27.51 - - [09/Sep/2021:14:54:41 +0000] "GET /_vti_map HTTP/1.1" 404 134 "-" "User-Agent: Mozilla/2.0 (compatible; MSIE 3.02; Update a; Windows NT)"
14.73.88.95 - - [09/Sep/2021:14:54:41 +0000] "GET /files/1f0e3dad99908345f7439f8ffabdffc4.zip HTTP/1.1" 200 0 "http://btvn.kid.cyberjutsu-lab.tech/" "Mozilla/5.0 (Windows NT 10.0; Win64; x64) AppleWebKit/537.36 (KHTML, like Gecko) Chrome/92.0.4515.159 Safari/537.36"
58.112.203.144 - - [09/Sep/2021:14:54:41 +0000] "GET /_vti_pvt HTTP/1.1" 404 134 "-" "User-Agent: Mozilla/5.0 (Windows; U; Windows NT 5.1; en-US; rv:1.8.1.19) Gecko/20081204 SeaMonkey/1.1.14"
14.73.88.95 - - [09/Sep/2021:14:54:41 +0000] "GET /files/98f13708210194c475687be6106a3b84.zip HTTP/1.1" 200 0 "http://btvn.kid.cyberjutsu-lab.tech/" "Mozilla/5.0 (Windows NT 10.0; Win64; x64) AppleWebKit/537.36 (KHTML, like Gecko) Chrome/92.0.4515.159 Safari/537.36"
239.12.96.101 - - [09/Sep/2021:14:54:41 +0000] "GET /_vti_rpc HTTP/1.1" 404 134 "-" "User-Agent: Mozilla/5.0 (iPhone; U; CPU iPhone OS 2_2 like Mac OS X; en-us) AppleWebKit/525.18.1 (KHTML, like Gecko) Version/3.1.1 Mobile/5G77 Safari/525.20"
14.73.88.95 - - [09/Sep/2021:14:54:41 +0000] "GET /files/3c59dc048e8850243be8079a5c74d079.zip HTTP/1.1" 200 0 "http://btvn.kid.cyberjutsu-lab.tech/" "Mozilla/5.0 (Windows NT 10.0; Win64; x64) AppleWebKit/537.36 (KHTML, like Gecko) Chrome/92.0.4515.159 Safari/537.36"
252.11.223.20 - - [09/Sep/2021:14:54:41 +0000] "GET /_vti_script HTTP/1.1" 404 134 "-" "User-Agent: Mozilla/4.0 (compatible; MSIE 8.0; Windows NT 5.1; Trident/4.0; .NET CLR 2.0.50727; .NET CLR 3.0.4506.2152; .NET CLR 3.5.30729; .NET CLR 1.0.3705; .NET CLR 1.1.4322)"
14.73.88.95 - - [09/Sep/2021:14:54:42 +0000] "GET /files/b6d767d2f8ed5d21a44b0e5886680cb9.zip HTTP/1.1" 200 0 "http://btvn.kid.cyberjutsu-lab.tech/" "Mozilla/5.0 (Windows NT 10.0; Win64; x64) AppleWebKit/537.36 (KHTML, like Gecko) Chrome/92.0.4515.159 Safari/537.36"
190.133.162.187 - - [09/Sep/2021:14:54:42 +0000] "GET /_vti_txt HTTP/1.1" 404 134 "-" "User-Agent: Mozilla/5.0 (Windows; U; Windows NT 5.1; en-GB; rv:1.9.0.4) Gecko/2008102920 Firefox/3.0.4"
14.73.88.95 - - [09/Sep/2021:14:54:42 +0000] "GET /files/37693cfc748049e45d87b8c7d8b9aacd.zip HTTP/1.1" 200 0 "http://btvn.kid.cyberjutsu-lab.tech/" "Mozilla/5.0 (Windows NT 10.0; Win64; x64) AppleWebKit/537.36 (KHTML, like Gecko) Chrome/92.0.4515.159 Safari/537.36"
186.234.217.13 - - [09/Sep/2021:14:54:42 +0000] "GET /_www HTTP/1.1" 404 134 "-" "User-Agent: Mozilla/5.0 (Windows; U; Windows NT 5.1; en-US) AppleWebKit/525.27.1 (KHTML, like Gecko) Version/3.2.1 Safari/525.27.1"
84.255.200.120 - - [09/Sep/2021:14:54:42 +0000] "GET /a HTTP/1.1" 404 134 "-" "User-Agent: Mozilla/4.0 (compatible; MSIE 7.0; Windows NT 5.1; .NET CLR 1.1.4322; .NET CLR 2.0.50727; .NET CLR 3.0.04506.30; .NET CLR 3.0.04506.648; .NET CLR 3.5.21022)"
14.73.88.95 - - [09/Sep/2021:14:54:42 +0000] "GET / HTTP/1.1" 200 761 "-" "Mozilla/5.0 (Windows NT 10.0; Win64; x64) AppleWebKit/537.36 (KHTML, like Gecko) Chrome/92.0.4515.159 Safari/537.36"
252.11.223.20 - - [09/Sep/2021:14:54:42 +0000] "GET /aa HTTP/1.1" 404 134 "-" "User-Agent: Mozilla/4.0 (compatible; MSIE 8.0; Windows NT 5.1; Trident/4.0; .NET CLR 2.0.50727; .NET CLR 3.0.4506.2152; .NET CLR 3.5.30729; .NET CLR 1.0.3705; .NET CLR 1.1.4322)"
14.73.88.95 - - [09/Sep/2021:14:54:42 +0000] "GET /favicon.ico HTTP/1.1" 404 197 "http://btvn.kid.cyberjutsu-lab.tech/" "Mozilla/5.0 (Windows NT 10.0; Win64; x64) AppleWebKit/537.36 (KHTML, like Gecko) Chrome/92.0.4515.159 Safari/537.36"
181.229.27.51 - - [09/Sep/2021:14:54:42 +0000] "GET /aaa HTTP/1.1" 404 134 "-" "User-Agent: Mozilla/2.0 (compatible; MSIE 3.02; Update a; Windows NT)"
8.29.74.216 - - [09/Sep/2021:14:54:42 +0000] "GET /abc HTTP/1.1" 404 134 "-" "User-Agent: Mozilla/5.0 (Windows; U; Windows NT 5.1; en-US) AppleWebKit/525.19 (KHTML, like Gecko) Chrome/0.4.154.25 Safari/525.19"
205.176.141.182 - - [09/Sep/2021:14:54:42 +0000] "GET /abc123 HTTP/1.1" 404 134 "-" "User-Agent: Mozilla/4.79 [en] (WinNT; U)"
14.73.88.95 - - [09/Sep/2021:14:54:42 +0000] "GET /files/1ff1de774005f8da13f42943881c655f.zip HTTP/1.1" 200 0 "http://btvn.kid.cyberjutsu-lab.tech/" "Mozilla/5.0 (Windows NT 10.0; Win64; x64) AppleWebKit/537.36 (KHTML, like Gecko) Chrome/92.0.4515.159 Safari/537.36"
154.76.37.160 - - [09/Sep/2021:14:54:42 +0000] "GET /abcd HTTP/1.1" 404 134 "-" "User-Agent: Mozilla/4.0 (compatible; MSIE 4.01; Windows NT)"
14.73.88.95 - - [09/Sep/2021:14:54:42 +0000] "GET / HTTP/1.1" 200 761 "-" "Mozilla/5.0 (Windows NT 10.0; Win64; x64) AppleWebKit/537.36 (KHTML, like Gecko) Chrome/92.0.4515.159 Safari/537.36"
8.61.75.32 - - [09/Sep/2021:14:54:42 +0000] "GET /abcd1234 HTTP/1.1" 404 134 "-" "User-Agent: Wget/1.8.2"
186.234.217.13 - - [09/Sep/2021:14:54:42 +0000] "GET /about HTTP/1.1" 404 134 "-" "User-Agent: Mozilla/5.0 (Windows; U; Windows NT 5.1; en-US) AppleWebKit/525.27.1 (KHTML, like Gecko) Version/3.2.1 Safari/525.27.1"
14.73.88.95 - - [09/Sep/2021:14:54:42 +0000] "GET /favicon.ico HTTP/1.1" 404 197 "http://btvn.kid.cyberjutsu-lab.tech/" "Mozilla/5.0 (Windows NT 10.0; Win64; x64) AppleWebKit/537.36 (KHTML, like Gecko) Chrome/92.0.4515.159 Safari/537.36"
167.17.206.168 - - [09/Sep/2021:14:54:42 +0000] "GET /about-us HTTP/1.1" 404 134 "-" "User-Agent: Mozilla/5.0 (Windows; U; Windows NT 5.1; en-GB; rv:1.8.1.1) Gecko/20061204 Firefox/2.0.0.1"
209.21.218.113 - - [09/Sep/2021:14:54:42 +0000] "GET /about_us HTTP/1.1" 404 134 "-" "User-Agent: Mozilla/5.0 (Windows; U; WinNT4.0; en-US; rv:0.9.2) Gecko/20010726 Netscape6/6.1"
8.29.74.216 - - [09/Sep/2021:14:54:42 +0000] "GET /aboutus HTTP/1.1" 404 134 "-" "User-Agent: Mozilla/5.0 (Windows; U; Windows NT 5.1; en-US) AppleWebKit/525.19 (KHTML, like Gecko) Chrome/0.4.154.25 Safari/525.19"
252.11.223.20 - - [09/Sep/2021:14:54:42 +0000] "GET /abstract HTTP/1.1" 404 134 "-" "User-Agent: Mozilla/4.0 (compatible; MSIE 8.0; Windows NT 5.1; Trident/4.0; .NET CLR 2.0.50727; .NET CLR 3.0.4506.2152; .NET CLR 3.5.30729; .NET CLR 1.0.3705; .NET CLR 1.1.4322)"
14.73.88.95 - - [09/Sep/2021:14:54:42 +0000] "GET /files/8e296a067a37563370ded05f5a3bf3ec.zip HTTP/1.1" 200 0 "http://btvn.kid.cyberjutsu-lab.tech/" "Mozilla/5.0 (Windows NT 10.0; Win64; x64) AppleWebKit/537.36 (KHTML, like Gecko) Chrome/92.0.4515.159 Safari/537.36"
7.90.30.132 - - [09/Sep/2021:14:54:42 +0000] "GET /abuse HTTP/1.1" 404 134 "-" "User-Agent: Mozilla/4.0 (compatible; MSIE 5.5; Windows NT 4.0)"
55.10.168.18 - - [09/Sep/2021:14:54:42 +0000] "GET /ac HTTP/1.1" 404 134 "-" "User-Agent: Mozilla/5.0 (Windows; U; Windows NT 5.1; en-US) AppleWebKit/525.19 (KHTML, like Gecko) Chrome/1.0.154.48 Safari/525.19"
14.73.88.95 - - [09/Sep/2021:14:54:42 +0000] "GET /files/4e732ced3463d06de0ca9a15b6153677.zip HTTP/1.1" 200 0 "http://btvn.kid.cyberjutsu-lab.tech/" "Mozilla/5.0 (Windows NT 10.0; Win64; x64) AppleWebKit/537.36 (KHTML, like Gecko) Chrome/92.0.4515.159 Safari/537.36"
252.11.223.20 - - [09/Sep/2021:14:54:42 +0000] "GET /academic HTTP/1.1" 404 134 "-" "User-Agent: Mozilla/4.0 (compatible; MSIE 8.0; Windows NT 5.1; Trident/4.0; .NET CLR 2.0.50727; .NET CLR 3.0.4506.2152; .NET CLR 3.5.30729; .NET CLR 1.0.3705; .NET CLR 1.1.4322)"
245.81.128.64 - - [09/Sep/2021:14:54:42 +0000] "GET /academics HTTP/1.1" 404 134 "-" "User-Agent: Mozilla/5.0 (PLAYSTATION 3; 1.00)"
130.113.110.23 - - [09/Sep/2021:14:54:42 +0000] "GET /acatalog HTTP/1.1" 404 134 "-" "User-Agent: Mozilla/5.0 (SymbianOS/9.2; U; Series60/3.1 NokiaE90-1/210.34.75 Profile/MIDP-2.0 Configuration/CLDC-1.1 ) AppleWebKit/413 (KHTML, like Gecko) Safari/413"
14.73.88.95 - - [09/Sep/2021:14:54:42 +0000] "GET /files/02e74f10e0327ad868d138f2b4fdd6f0.zip HTTP/1.1" 200 0 "http://btvn.kid.cyberjutsu-lab.tech/" "Mozilla/5.0 (Windows NT 10.0; Win64; x64) AppleWebKit/537.36 (KHTML, like Gecko) Chrome/92.0.4515.159 Safari/537.36"
7.90.30.132 - - [09/Sep/2021:14:54:42 +0000] "GET /acc HTTP/1.1" 404 134 "-" "User-Agent: Mozilla/4.0 (compatible; MSIE 5.5; Windows NT 4.0)"
154.76.37.160 - - [09/Sep/2021:14:54:42 +0000] "GET /access HTTP/1.1" 404 134 "-" "User-Agent: Mozilla/4.0 (compatible; MSIE 4.01; Windows NT)"
7.90.30.132 - - [09/Sep/2021:14:54:42 +0000] "GET /access-log HTTP/1.1" 404 134 "-" "User-Agent: Mozilla/4.0 (compatible; MSIE 5.5; Windows NT 4.0)"
130.113.110.23 - - [09/Sep/2021:14:54:42 +0000] "GET /access-log.1 HTTP/1.1" 404 134 "-" "User-Agent: Mozilla/5.0 (SymbianOS/9.2; U; Series60/3.1 NokiaE90-1/210.34.75 Profile/MIDP-2.0 Configuration/CLDC-1.1 ) AppleWebKit/413 (KHTML, like Gecko) Safari/413"
154.76.37.160 - - [09/Sep/2021:14:54:42 +0000] "GET /access.1 HTTP/1.1" 404 134 "-" "User-Agent: Mozilla/4.0 (compatible; MSIE 4.01; Windows NT)"
159.28.175.103 - - [09/Sep/2021:14:54:42 +0000] "GET /access_db HTTP/1.1" 404 134 "-" "User-Agent: Opera/9.27 (Windows NT 5.1; U; en)"
14.73.88.95 - - [09/Sep/2021:14:54:42 +0000] "GET /files/33e75ff09dd601bbe69f351039152189.zip HTTP/1.1" 200 0 "http://btvn.kid.cyberjutsu-lab.tech/" "Mozilla/5.0 (Windows NT 10.0; Win64; x64) AppleWebKit/537.36 (KHTML, like Gecko) Chrome/92.0.4515.159 Safari/537.36"
190.133.162.187 - - [09/Sep/2021:14:54:42 +0000] "GET /access_log HTTP/1.1" 404 134 "-" "User-Agent: Mozilla/5.0 (Windows; U; Windows NT 5.1; en-GB; rv:1.9.0.4) Gecko/2008102920 Firefox/3.0.4"
7.90.30.132 - - [09/Sep/2021:14:54:42 +0000] "GET /access_log.1 HTTP/1.1" 404 134 "-" "User-Agent: Mozilla/4.0 (compatible; MSIE 5.5; Windows NT 4.0)"
252.11.223.20 - - [09/Sep/2021:14:54:42 +0000] "GET /accessgranted HTTP/1.1" 404 134 "-" "User-Agent: Mozilla/4.0 (compatible; MSIE 8.0; Windows NT 5.1; Trident/4.0; .NET CLR 2.0.50727; .NET CLR 3.0.4506.2152; .NET CLR 3.5.30729; .NET CLR 1.0.3705; .NET CLR 1.1.4322)"
186.234.217.13 - - [09/Sep/2021:14:54:42 +0000] "GET /accessibility HTTP/1.1" 404 134 "-" "User-Agent: Mozilla/5.0 (Windows; U; Windows NT 5.1; en-US) AppleWebKit/525.27.1 (KHTML, like Gecko) Version/3.2.1 Safari/525.27.1"
167.17.206.168 - - [09/Sep/2021:14:54:42 +0000] "GET /accessories HTTP/1.1" 404 134 "-" "User-Agent: Mozilla/5.0 (Windows; U; Windows NT 5.1; en-GB; rv:1.8.1.1) Gecko/20061204 Firefox/2.0.0.1"
167.17.206.168 - - [09/Sep/2021:14:54:42 +0000] "GET /accommodation HTTP/1.1" 404 134 "-" "User-Agent: Mozilla/5.0 (Windows; U; Windows NT 5.1; en-GB; rv:1.8.1.1) Gecko/20061204 Firefox/2.0.0.1"
84.255.200.120 - - [09/Sep/2021:14:54:42 +0000] "GET /account HTTP/1.1" 404 134 "-" "User-Agent: Mozilla/4.0 (compatible; MSIE 7.0; Windows NT 5.1; .NET CLR 1.1.4322; .NET CLR 2.0.50727; .NET CLR 3.0.04506.30; .NET CLR 3.0.04506.648; .NET CLR 3.5.21022)"
239.12.96.101 - - [09/Sep/2021:14:54:42 +0000] "GET /account_edit HTTP/1.1" 404 134 "-" "User-Agent: Mozilla/5.0 (iPhone; U; CPU iPhone OS 2_2 like Mac OS X; en-us) AppleWebKit/525.18.1 (KHTML, like Gecko) Version/3.1.1 Mobile/5G77 Safari/525.20"
14.73.88.95 - - [09/Sep/2021:14:54:42 +0000] "GET /files/6ea9ab1baa0efb9e19094440c317e21b.zip HTTP/1.1" 200 0 "http://btvn.kid.cyberjutsu-lab.tech/" "Mozilla/5.0 (Windows NT 10.0; Win64; x64) AppleWebKit/537.36 (KHTML, like Gecko) Chrome/92.0.4515.159 Safari/537.36"
245.81.128.64 - - [09/Sep/2021:14:54:42 +0000] "GET /account_history HTTP/1.1" 404 134 "-" "User-Agent: Mozilla/5.0 (PLAYSTATION 3; 1.00)"
58.112.203.144 - - [09/Sep/2021:14:54:42 +0000] "GET /accountants HTTP/1.1" 404 134 "-" "User-Agent: Mozilla/5.0 (Windows; U; Windows NT 5.1; en-US; rv:1.8.1.19) Gecko/20081204 SeaMonkey/1.1.14"
84.255.200.120 - - [09/Sep/2021:14:54:42 +0000] "GET /accounting HTTP/1.1" 404 134 "-" "User-Agent: Mozilla/4.0 (compatible; MSIE 7.0; Windows NT 5.1; .NET CLR 1.1.4322; .NET CLR 2.0.50727; .NET CLR 3.0.04506.30; .NET CLR 3.0.04506.648; .NET CLR 3.5.21022)"
58.112.203.144 - - [09/Sep/2021:14:54:42 +0000] "GET /accounts HTTP/1.1" 404 134 "-" "User-Agent: Mozilla/5.0 (Windows; U; Windows NT 5.1; en-US; rv:1.8.1.19) Gecko/20081204 SeaMonkey/1.1.14"
205.176.141.182 - - [09/Sep/2021:14:54:42 +0000] "GET /accountsettings HTTP/1.1" 404 134 "-" "User-Agent: Mozilla/4.79 [en] (WinNT; U)"
