55.10.168.18 - - [09/Sep/2021:14:54:42 +0000] "GET /acct_login HTTP/1.1" 404 134 "-" "User-Agent: Mozilla/5.0 (Windows; U; Windows NT 5.1; en-US) AppleWebKit/525.19 (KHTML, like Gecko) Chrome/1.0.154.48 Safari/525.19"
58.112.203.144 - - [09/Sep/2021:14:54:42 +0000] "GET /achitecture HTTP/1.1" 404 134 "-" "User-Agent: Mozilla/5.0 (Windows; U; Windows NT 5.1; en-US; rv:1.8.1.19) Gecko/20081204 SeaMonkey/1.1.14"
130.113.110.23 - - [09/Sep/2021:14:54:42 +0000] "GET /acp HTTP/1.1" 404 134 "-" "User-Agent: Mozilla/5.0 (SymbianOS/9.2; U; Series60/3.1 NokiaE90-1/210.34.75 Profile/MIDP-2.0 Configuration/CLDC-1.1 ) AppleWebKit/413 (KHTML, like Gecko) Safari/413"
58.112.203.144 - - [09/Sep/2021:14:54:42 +0000] "GET /act HTTP/1.1" 404 134 "-" "User-Agent: Mozilla/5.0 (Windows; U; Windows NT 5.1; en-US; rv:1.8.1.19) Gecko/20081204 SeaMonkey/1.1.14"
190.133.162.187 - - [09/Sep/2021:14:54:42 +0000] "GET /action HTTP/1.1" 404 134 "-" "User-Agent: Mozilla/5.0 (Windows; U; Windows NT 5.1; en-GB; rv:1.9.0.4) Gecko/2008102920 Firefox/3.0.4"
159.28.175.103 - - [09/Sep/2021:14:54:42 +0000] "GET /actions HTTP/1.1" 404 134 "-" "User-Agent: Opera/9.27 (Windows NT 5.1; U; en)"
154.76.37.160 - - [09/Sep/2021:14:54:42 +0000] "GET /activate HTTP/1.1" 404 134 "-" "User-Agent: Mozilla/4.0 (compatible; MSIE 4.01; Windows NT)"
8.29.74.216 - - [09/Sep/2021:14:54:42 +0000] "GET /active HTTP/1.1" 404 134 "-" "User-Agent: Mozilla/5.0 (Windows; U; Windows NT 5.1; en-US) AppleWebKit/525.19 (KHTML, like Gecko) Chrome/0.4.154.25 Safari/525.19"
8.61.75.32 - - [09/Sep/2021:14:54:42 +0000] "GET /activeCollab HTTP/1.1" 404 134 "-" "User-Agent: Wget/1.8.2"
154.76.37.160 - - [09/Sep/2021:14:54:42 +0000] "GET /activex HTTP/1.1" 404 134 "-" "User-Agent: Mozilla/4.0 (compatible; MSIE 4.01; Windows NT)"
133.108.139.226 - - [09/Sep/2021:14:54:42 +0000] "GET /activities HTTP/1.1" 404 134 "-" "User-Agent: Mozilla/4.0 (compatible; MSIE 7.0; Windows NT 5.1; (R1 1.6))"
154.76.37.160 - - [09/Sep/2021:14:54:42 +0000] "GET /activity HTTP/1.1" 404 134 "-" "User-Agent: Mozilla/4.0 (compatible; MSIE 4.01; Windows NT)"
14.73.88.95 - - [09/Sep/2021:14:54:42 +0000] "GET /files/34173cb38f07f89ddbebc2ac9128303f.zip HTTP/1.1" 200 0 "http://btvn.kid.cyberjutsu-lab.tech/" "Mozilla/5.0 (Windows NT 10.0; Win64; x64) AppleWebKit/537.36 (KHTML, like Gecko) Chrome/92.0.4515.159 Safari/537.36"
8.61.75.32 - - [09/Sep/2021:14:54:42 +0000] "GET /ad HTTP/1.1" 404 134 "-" "User-Agent: Wget/1.8.2"
130.113.110.23 - - [09/Sep/2021:14:54:42 +0000] "GET /ad_js HTTP/1.1" 404 134 "-" "User-Agent: Mozilla/5.0 (SymbianOS/9.2; U; Series60/3.1 NokiaE90-1/210.34.75 Profile/MIDP-2.0 Configuration/CLDC-1.1 ) AppleWebKit/413 (KHTML, like Gecko) Safari/413"
245.81.128.64 - - [09/Sep/2021:14:54:42 +0000] "GET /adaptive HTTP/1.1" 404 134 "-" "User-Agent: Mozilla/5.0 (PLAYSTATION 3; 1.00)"
252.11.223.20 - - [09/Sep/2021:14:54:42 +0000] "GET /adclick HTTP/1.1" 404 134 "-" "User-Agent: Mozilla/4.0 (compatible; MSIE 8.0; Windows NT 5.1; Trident/4.0; .NET CLR 2.0.50727; .NET CLR 3.0.4506.2152; .NET CLR 3.5.30729; .NET CLR 1.0.3705; .NET CLR 1.1.4322)"
14.73.88.95 - - [09/Sep/2021:14:54:42 +0000] "GET /files/c16a5320fa475530d9583c34fd356ef5.zip HTTP/1.1" 200 0 "http://btvn.kid.cyberjutsu-lab.tech/" "Mozilla/5.0 (Windows NT 10.0; Win64; x64) AppleWebKit/537.36 (KHTML, like Gecko) Chrome/92.0.4515.159 Safari/537.36"
84.255.200.120 - - [09/Sep/2021:14:54:42 +0000] "GET /add HTTP/1.1" 404 134 "-" "User-Agent: Mozilla/4.0 (compatible; MSIE 7.0; Windows NT 5.1; .NET CLR 1.1.4322; .NET CLR 2.0.50727; .NET CLR 3.0.04506.30; .NET CLR 3.0.04506.648; .NET CLR 3.5.21022)"
154.76.37.160 - - [09/Sep/2021:14:54:42 +0000] "GET /add_cart HTTP/1.1" 404 134 "-" "User-Agent: Mozilla/4.0 (compatible; MSIE 4.01; Windows NT)"
186.234.217.13 - - [09/Sep/2021:14:54:42 +0000] "GET /addfav HTTP/1.1" 404 134 "-" "User-Agent: Mozilla/5.0 (Windows; U; Windows NT 5.1; en-US) AppleWebKit/525.27.1 (KHTML, like Gecko) Version/3.2.1 Safari/525.27.1"
47.119.73.149 - - [09/Sep/2021:14:54:42 +0000] "GET /addnews HTTP/1.1" 404 134 "-" "User-Agent: Mozilla/5.0 (Linux; U; Android 1.5; en-gb; HTC Magic Build/CRB17) AppleWebKit/528.5+ (KHTML, like Gecko) Version/3.1.2 Mobile Safari/525.20.1"
133.108.139.226 - - [09/Sep/2021:14:54:42 +0000] "GET /addons HTTP/1.1" 404 134 "-" "User-Agent: Mozilla/4.0 (compatible; MSIE 7.0; Windows NT 5.1; (R1 1.6))"
181.229.27.51 - - [09/Sep/2021:14:54:42 +0000] "GET /addpost HTTP/1.1" 404 134 "-" "User-Agent: Mozilla/2.0 (compatible; MSIE 3.02; Update a; Windows NT)"
252.11.223.20 - - [09/Sep/2021:14:54:42 +0000] "GET /addreply HTTP/1.1" 404 134 "-" "User-Agent: Mozilla/4.0 (compatible; MSIE 8.0; Windows NT 5.1; Trident/4.0; .NET CLR 2.0.50727; .NET CLR 3.0.4506.2152; .NET CLR 3.5.30729; .NET CLR 1.0.3705; .NET CLR 1.1.4322)"
8.61.75.32 - - [09/Sep/2021:14:54:42 +0000] "GET /address HTTP/1.1" 404 134 "-" "User-Agent: Wget/1.8.2"
47.119.73.149 - - [09/Sep/2021:14:54:42 +0000] "GET /address_book HTTP/1.1" 404 134 "-" "User-Agent: Mozilla/5.0 (Linux; U; Android 1.5; en-gb; HTC Magic Build/CRB17) AppleWebKit/528.5+ (KHTML, like Gecko) Version/3.1.2 Mobile Safari/525.20.1"
186.234.217.13 - - [09/Sep/2021:14:54:42 +0000] "GET /addressbook HTTP/1.1" 404 134 "-" "User-Agent: Mozilla/5.0 (Windows; U; Windows NT 5.1; en-US) AppleWebKit/525.27.1 (KHTML, like Gecko) Version/3.2.1 Safari/525.27.1"
205.176.141.182 - - [09/Sep/2021:14:54:42 +0000] "GET /addresses HTTP/1.1" 404 134 "-" "User-Agent: Mozilla/4.79 [en] (WinNT; U)"
133.108.139.226 - - [09/Sep/2021:14:54:42 +0000] "GET /addtocart HTTP/1.1" 404 134 "-" "User-Agent: Mozilla/4.0 (compatible; MSIE 7.0; Windows NT 5.1; (R1 1.6))"
84.255.200.120 - - [09/Sep/2021:14:54:42 +0000] "GET /adlog HTTP/1.1" 404 134 "-" "User-Agent: Mozilla/4.0 (compatible; MSIE 7.0; Windows NT 5.1; .NET CLR 1.1.4322; .NET CLR 2.0.50727; .NET CLR 3.0.04506.30; .NET CLR 3.0.04506.648; .NET CLR 3.5.21022)"
58.112.203.144 - - [09/Sep/2021:14:54:42 +0000] "GET /adlogger HTTP/1.1" 404 134 "-" "User-Agent: Mozilla/5.0 (Windows; U; Windows NT 5.1; en-US; rv:1.8.1.19) Gecko/20081204 SeaMonkey/1.1.14"
239.12.96.101 - - [09/Sep/2021:14:54:42 +0000] "GET /adm HTTP/1.1" 404 134 "-" "User-Agent: Mozilla/5.0 (iPhone; U; CPU iPhone OS 2_2 like Mac OS X; en-us) AppleWebKit/525.18.1 (KHTML, like Gecko) Version/3.1.1 Mobile/5G77 Safari/525.20"
133.108.139.226 - - [09/Sep/2021:14:54:42 +0000] "GET /admin HTTP/1.1" 404 134 "-" "User-Agent: Mozilla/4.0 (compatible; MSIE 7.0; Windows NT 5.1; (R1 1.6))"
181.229.27.51 - - [09/Sep/2021:14:54:42 +0000] "GET /admin-admin HTTP/1.1" 404 134 "-" "User-Agent: Mozilla/2.0 (compatible; MSIE 3.02; Update a; Windows NT)"
167.17.206.168 - - [09/Sep/2021:14:54:42 +0000] "GET /admin-console HTTP/1.1" 404 134 "-" "User-Agent: Mozilla/5.0 (Windows; U; Windows NT 5.1; en-GB; rv:1.8.1.1) Gecko/20061204 Firefox/2.0.0.1"
14.73.88.95 - - [09/Sep/2021:14:54:42 +0000] "GET /files/6364d3f0f495b6ab9dcf8d3b5c6e0b01.zip HTTP/1.1" 200 0 "http://btvn.kid.cyberjutsu-lab.tech/" "Mozilla/5.0 (Windows NT 10.0; Win64; x64) AppleWebKit/537.36 (KHTML, like Gecko) Chrome/92.0.4515.159 Safari/537.36"
84.255.200.120 - - [09/Sep/2021:14:54:42 +0000] "GET /admin-interface HTTP/1.1" 404 134 "-" "User-Agent: Mozilla/4.0 (compatible; MSIE 7.0; Windows NT 5.1; .NET CLR 1.1.4322; .NET CLR 2.0.50727; .NET CLR 3.0.04506.30; .NET CLR 3.0.04506.648; .NET CLR 3.5.21022)"
8.29.74.216 - - [09/Sep/2021:14:54:42 +0000] "GET /administrator-panel HTTP/1.1" 404 134 "-" "User-Agent: Mozilla/5.0 (Windows; U; Windows NT 5.1; en-US) AppleWebKit/525.19 (KHTML, like Gecko) Chrome/0.4.154.25 Safari/525.19"
239.12.96.101 - - [09/Sep/2021:14:54:42 +0000] "GET /admin.cgi HTTP/1.1" 404 134 "-" "User-Agent: Mozilla/5.0 (iPhone; U; CPU iPhone OS 2_2 like Mac OS X; en-us) AppleWebKit/525.18.1 (KHTML, like Gecko) Version/3.1.1 Mobile/5G77 Safari/525.20"
245.81.128.64 - - [09/Sep/2021:14:54:42 +0000] "GET /admin.php HTTP/1.1" 404 134 "-" "User-Agent: Mozilla/5.0 (PLAYSTATION 3; 1.00)"
245.81.128.64 - - [09/Sep/2021:14:54:42 +0000] "GET /admin.pl HTTP/1.1" 404 134 "-" "User-Agent: Mozilla/5.0 (PLAYSTATION 3; 1.00)"
58.112.203.144 - - [09/Sep/2021:14:54:42 +0000] "GET /admin1 HTTP/1.1" 404 134 "-" "User-Agent: Mozilla/5.0 (Windows; U; Windows NT 5.1; en-US; rv:1.8.1.19) Gecko/20081204 SeaMonkey/1.1.14"
252.11.223.20 - - [09/Sep/2021:14:54:42 +0000] "GET /admin2 HTTP/1.1" 404 134 "-" "User-Agent: Mozilla/4.0 (compatible; MSIE 8.0; Windows NT 5.1; Trident/4.0; .NET CLR 2.0.50727; .NET CLR 3.0.4506.2152; .NET CLR 3.5.30729; .NET CLR 1.0.3705; .NET CLR 1.1.4322)"
133.108.139.226 - - [09/Sep/2021:14:54:42 +0000] "GET /admin3 HTTP/1.1" 404 134 "-" "User-Agent: Mozilla/4.0 (compatible; MSIE 7.0; Windows NT 5.1; (R1 1.6))"
181.229.27.51 - - [09/Sep/2021:14:54:42 +0000] "GET /admin4_account HTTP/1.1" 404 134 "-" "User-Agent: Mozilla/2.0 (compatible; MSIE 3.02; Update a; Windows NT)"
14.73.88.95 - - [09/Sep/2021:14:54:42 +0000] "GET /files/182be0c5cdcd5072bb1864cdee4d3d6e.zip HTTP/1.1" 200 0 "http://btvn.kid.cyberjutsu-lab.tech/" "Mozilla/5.0 (Windows NT 10.0; Win64; x64) AppleWebKit/537.36 (KHTML, like Gecko) Chrome/92.0.4515.159 Safari/537.36"
47.119.73.149 - - [09/Sep/2021:14:54:42 +0000] "GET /admin4_colon HTTP/1.1" 404 134 "-" "User-Agent: Mozilla/5.0 (Linux; U; Android 1.5; en-gb; HTC Magic Build/CRB17) AppleWebKit/528.5+ (KHTML, like Gecko) Version/3.1.2 Mobile Safari/525.20.1"
190.133.162.187 - - [09/Sep/2021:14:54:42 +0000] "GET /admin_ HTTP/1.1" 404 134 "-" "User-Agent: Mozilla/5.0 (Windows; U; Windows NT 5.1; en-GB; rv:1.9.0.4) Gecko/2008102920 Firefox/3.0.4"
14.73.88.95 - - [09/Sep/2021:14:54:42 +0000] "GET / HTTP/1.1" 200 761 "-" "Mozilla/5.0 (Windows NT 10.0; Win64; x64) AppleWebKit/537.36 (KHTML, like Gecko) Chrome/92.0.4515.159 Safari/537.36"
239.12.96.101 - - [09/Sep/2021:14:54:42 +0000] "GET /admin_area HTTP/1.1" 404 134 "-" "User-Agent: Mozilla/5.0 (iPhone; U; CPU iPhone OS 2_2 like Mac OS X; en-us) AppleWebKit/525.18.1 (KHTML, like Gecko) Version/3.1.1 Mobile/5G77 Safari/525.20"
14.73.88.95 - - [09/Sep/2021:14:54:42 +0000] "GET /favicon.ico HTTP/1.1" 404 197 "http://btvn.kid.cyberjutsu-lab.tech/" "Mozilla/5.0 (Windows NT 10.0; Win64; x64) AppleWebKit/537.36 (KHTML, like Gecko) Chrome/92.0.4515.159 Safari/537.36"
8.29.74.216 - - [09/Sep/2021:14:54:42 +0000] "GET /admin_banner HTTP/1.1" 404 134 "-" "User-Agent: Mozilla/5.0 (Windows; U; Windows NT 5.1; en-US) AppleWebKit/525.19 (KHTML, like Gecko) Chrome/0.4.154.25 Safari/525.19"
133.108.139.226 - - [09/Sep/2021:14:54:42 +0000] "GET /admin_c HTTP/1.1" 404 134 "-" "User-Agent: Mozilla/4.0 (compatible; MSIE 7.0; Windows NT 5.1; (R1 1.6))"
7.90.30.132 - - [09/Sep/2021:14:54:42 +0000] "GET /admin_index HTTP/1.1" 404 134 "-" "User-Agent: Mozilla/4.0 (compatible; MSIE 5.5; Windows NT 4.0)"
252.11.223.20 - - [09/Sep/2021:14:54:42 +0000] "GET /admin_interface HTTP/1.1" 404 134 "-" "User-Agent: Mozilla/4.0 (compatible; MSIE 8.0; Windows NT 5.1; Trident/4.0; .NET CLR 2.0.50727; .NET CLR 3.0.4506.2152; .NET CLR 3.5.30729; .NET CLR 1.0.3705; .NET CLR 1.1.4322)"
55.10.168.18 - - [09/Sep/2021:14:54:42 +0000] "GET /admin_login HTTP/1.1" 404 134 "-" "User-Agent: Mozilla/5.0 (Windows; U; Windows NT 5.1; en-US) AppleWebKit/525.19 (KHTML, like Gecko) Chrome/1.0.154.48 Safari/525.19"
245.81.128.64 - - [09/Sep/2021:14:54:42 +0000] "GET /admin_logon HTTP/1.1" 404 134 "-" "User-Agent: Mozilla/5.0 (PLAYSTATION 3; 1.00)"
84.255.200.120 - - [09/Sep/2021:14:54:42 +0000] "GET /admincontrol HTTP/1.1" 404 134 "-" "User-Agent: Mozilla/4.0 (compatible; MSIE 7.0; Windows NT 5.1; .NET CLR 1.1.4322; .NET CLR 2.0.50727; .NET CLR 3.0.04506.30; .NET CLR 3.0.04506.648; .NET CLR 3.5.21022)"
14.73.88.95 - - [09/Sep/2021:14:54:42 +0000] "GET /files/e369853df766fa44e1ed0ff613f563bd.zip HTTP/1.1" 200 0 "http://btvn.kid.cyberjutsu-lab.tech/" "Mozilla/5.0 (Windows NT 10.0; Win64; x64) AppleWebKit/537.36 (KHTML, like Gecko) Chrome/92.0.4515.159 Safari/537.36"
84.255.200.120 - - [09/Sep/2021:14:54:42 +0000] "GET /admincp HTTP/1.1" 404 134 "-" "User-Agent: Mozilla/4.0 (compatible; MSIE 7.0; Windows NT 5.1; .NET CLR 1.1.4322; .NET CLR 2.0.50727; .NET CLR 3.0.04506.30; .NET CLR 3.0.04506.648; .NET CLR 3.5.21022)"
245.81.128.64 - - [09/Sep/2021:14:54:42 +0000] "GET /adminhelp HTTP/1.1" 404 134 "-" "User-Agent: Mozilla/5.0 (PLAYSTATION 3; 1.00)"
159.28.175.103 - - [09/Sep/2021:14:54:42 +0000] "GET /administer HTTP/1.1" 404 134 "-" "User-Agent: Opera/9.27 (Windows NT 5.1; U; en)"
14.73.88.95 - - [09/Sep/2021:14:54:42 +0000] "GET /files/1c383cd30b7c298ab50293adfecb7b18.zip HTTP/1.1" 200 0 "http://btvn.kid.cyberjutsu-lab.tech/" "Mozilla/5.0 (Windows NT 10.0; Win64; x64) AppleWebKit/537.36 (KHTML, like Gecko) Chrome/92.0.4515.159 Safari/537.36"
154.76.37.160 - - [09/Sep/2021:14:54:42 +0000] "GET /administr8 HTTP/1.1" 404 134 "-" "User-Agent: Mozilla/4.0 (compatible; MSIE 4.01; Windows NT)"
8.29.74.216 - - [09/Sep/2021:14:54:42 +0000] "GET /administracion HTTP/1.1" 404 134 "-" "User-Agent: Mozilla/5.0 (Windows; U; Windows NT 5.1; en-US) AppleWebKit/525.19 (KHTML, like Gecko) Chrome/0.4.154.25 Safari/525.19"
181.229.27.51 - - [09/Sep/2021:14:54:42 +0000] "GET /administrador HTTP/1.1" 404 134 "-" "User-Agent: Mozilla/2.0 (compatible; MSIE 3.02; Update a; Windows NT)"
186.234.217.13 - - [09/Sep/2021:14:54:42 +0000] "GET /administrat HTTP/1.1" 404 134 "-" "User-Agent: Mozilla/5.0 (Windows; U; Windows NT 5.1; en-US) AppleWebKit/525.27.1 (KHTML, like Gecko) Version/3.2.1 Safari/525.27.1"
167.17.206.168 - - [09/Sep/2021:14:54:42 +0000] "GET /administratie HTTP/1.1" 404 134 "-" "User-Agent: Mozilla/5.0 (Windows; U; Windows NT 5.1; en-GB; rv:1.8.1.1) Gecko/20061204 Firefox/2.0.0.1"
245.81.128.64 - - [09/Sep/2021:14:54:42 +0000] "GET /administration HTTP/1.1" 404 134 "-" "User-Agent: Mozilla/5.0 (PLAYSTATION 3; 1.00)"
209.21.218.113 - - [09/Sep/2021:14:54:42 +0000] "GET /administrator HTTP/1.1" 404 134 "-" "User-Agent: Mozilla/5.0 (Windows; U; WinNT4.0; en-US; rv:0.9.2) Gecko/20010726 Netscape6/6.1"
7.90.30.132 - - [09/Sep/2021:14:54:42 +0000] "GET /administratoraccounts HTTP/1.1" 404 134 "-" "User-Agent: Mozilla/4.0 (compatible; MSIE 5.5; Windows NT 4.0)"
55.10.168.18 - - [09/Sep/2021:14:54:42 +0000] "GET /administrators HTTP/1.1" 404 134 "-" "User-Agent: Mozilla/5.0 (Windows; U; Windows NT 5.1; en-US) AppleWebKit/525.19 (KHTML, like Gecko) Chrome/1.0.154.48 Safari/525.19"
209.21.218.113 - - [09/Sep/2021:14:54:42 +0000] "GET /administrivia HTTP/1.1" 404 134 "-" "User-Agent: Mozilla/5.0 (Windows; U; WinNT4.0; en-US; rv:0.9.2) Gecko/20010726 Netscape6/6.1"
186.234.217.13 - - [09/Sep/2021:14:54:42 +0000] "GET /adminlogin HTTP/1.1" 404 134 "-" "User-Agent: Mozilla/5.0 (Windows; U; Windows NT 5.1; en-US) AppleWebKit/525.27.1 (KHTML, like Gecko) Version/3.2.1 Safari/525.27.1"
167.17.206.168 - - [09/Sep/2021:14:54:42 +0000] "GET /adminlogon HTTP/1.1" 404 134 "-" "User-Agent: Mozilla/5.0 (Windows; U; Windows NT 5.1; en-GB; rv:1.8.1.1) Gecko/20061204 Firefox/2.0.0.1"
14.73.88.95 - - [09/Sep/2021:14:54:42 +0000] "GET /files/19ca14e7ea6328a42e0eb13d585e4c22.zip HTTP/1.1" 200 0 "http://btvn.kid.cyberjutsu-lab.tech/" "Mozilla/5.0 (Windows NT 10.0; Win64; x64) AppleWebKit/537.36 (KHTML, like Gecko) Chrome/92.0.4515.159 Safari/537.36"
252.11.223.20 - - [09/Sep/2021:14:54:42 +0000] "GET /adminpanel HTTP/1.1" 404 134 "-" "User-Agent: Mozilla/4.0 (compatible; MSIE 8.0; Windows NT 5.1; Trident/4.0; .NET CLR 2.0.50727; .NET CLR 3.0.4506.2152; .NET CLR 3.5.30729; .NET CLR 1.0.3705; .NET CLR 1.1.4322)"
47.119.73.149 - - [09/Sep/2021:14:54:42 +0000] "GET /adminpro HTTP/1.1" 404 134 "-" "User-Agent: Mozilla/5.0 (Linux; U; Android 1.5; en-gb; HTC Magic Build/CRB17) AppleWebKit/528.5+ (KHTML, like Gecko) Version/3.1.2 Mobile Safari/525.20.1"
245.81.128.64 - - [09/Sep/2021:14:54:42 +0000] "GET /admins HTTP/1.1" 404 134 "-" "User-Agent: Mozilla/5.0 (PLAYSTATION 3; 1.00)"
84.255.200.120 - - [09/Sep/2021:14:54:42 +0000] "GET /adminsessions HTTP/1.1" 404 134 "-" "User-Agent: Mozilla/4.0 (compatible; MSIE 7.0; Windows NT 5.1; .NET CLR 1.1.4322; .NET CLR 2.0.50727; .NET CLR 3.0.04506.30; .NET CLR 3.0.04506.648; .NET CLR 3.5.21022)"
205.176.141.182 - - [09/Sep/2021:14:54:42 +0000] "GET /adminsql HTTP/1.1" 404 134 "-" "User-Agent: Mozilla/4.79 [en] (WinNT; U)"
58.112.203.144 - - [09/Sep/2021:14:54:42 +0000] "GET /admintools HTTP/1.1" 404 134 "-" "User-Agent: Mozilla/5.0 (Windows; U; Windows NT 5.1; en-US; rv:1.8.1.19) Gecko/20081204 SeaMonkey/1.1.14"
154.76.37.160 - - [09/Sep/2021:14:54:42 +0000] "GET /admissions HTTP/1.1" 404 134 "-" "User-Agent: Mozilla/4.0 (compatible; MSIE 4.01; Windows NT)"
181.229.27.51 - - [09/Sep/2021:14:54:42 +0000] "GET /admon HTTP/1.1" 404 134 "-" "User-Agent: Mozilla/2.0 (compatible; MSIE 3.02; Update a; Windows NT)"
239.12.96.101 - - [09/Sep/2021:14:54:42 +0000] "GET /adobe HTTP/1.1" 404 134 "-" "User-Agent: Mozilla/5.0 (iPhone; U; CPU iPhone OS 2_2 like Mac OS X; en-us) AppleWebKit/525.18.1 (KHTML, like Gecko) Version/3.1.1 Mobile/5G77 Safari/525.20"
14.73.88.95 - - [09/Sep/2021:14:54:42 +0000] "GET /files/a5bfc9e07964f8dddeb95fc584cd965d.zip HTTP/1.1" 200 0 "http://btvn.kid.cyberjutsu-lab.tech/" "Mozilla/5.0 (Windows NT 10.0; Win64; x64) AppleWebKit/537.36 (KHTML, like Gecko) Chrome/92.0.4515.159 Safari/537.36"
8.29.74.216 - - [09/Sep/2021:14:54:42 +0000] "GET /adodb HTTP/1.1" 404 134 "-" "User-Agent: Mozilla/5.0 (Windows; U; Windows NT 5.1; en-US) AppleWebKit/525.19 (KHTML, like Gecko) Chrome/0.4.154.25 Safari/525.19"
154.76.37.160 - - [09/Sep/2021:14:54:42 +0000] "GET /ads HTTP/1.1" 404 134 "-" "User-Agent: Mozilla/4.0 (compatible; MSIE 4.01; Windows NT)"
245.81.128.64 - - [09/Sep/2021:14:54:42 +0000] "GET /adserver HTTP/1.1" 404 134 "-" "User-Agent: Mozilla/5.0 (PLAYSTATION 3; 1.00)"
8.61.75.32 - - [09/Sep/2021:14:54:42 +0000] "GET /adsl HTTP/1.1" 404 134 "-" "User-Agent: Wget/1.8.2"
167.17.206.168 - - [09/Sep/2021:14:54:42 +0000] "GET /adv HTTP/1.1" 404 134 "-" "User-Agent: Mozilla/5.0 (Windows; U; Windows NT 5.1; en-GB; rv:1.8.1.1) Gecko/20061204 Firefox/2.0.0.1"
181.229.27.51 - - [09/Sep/2021:14:54:42 +0000] "GET /adv_counter HTTP/1.1" 404 134 "-" "User-Agent: Mozilla/2.0 (compatible; MSIE 3.02; Update a; Windows NT)"
190.133.162.187 - - [09/Sep/2021:14:54:42 +0000] "GET /advanced HTTP/1.1" 404 134 "-" "User-Agent: Mozilla/5.0 (Windows; U; Windows NT 5.1; en-GB; rv:1.9.0.4) Gecko/2008102920 Firefox/3.0.4"
205.176.141.182 - - [09/Sep/2021:14:54:42 +0000] "GET /advanced_search HTTP/1.1" 404 134 "-" "User-Agent: Mozilla/4.79 [en] (WinNT; U)"
154.76.37.160 - - [09/Sep/2021:14:54:42 +0000] "GET /advancedsearch HTTP/1.1" 404 134 "-" "User-Agent: Mozilla/4.0 (compatible; MSIE 4.01; Windows NT)"
209.21.218.113 - - [09/Sep/2021:14:54:42 +0000] "GET /advert HTTP/1.1" 404 134 "-" "User-Agent: Mozilla/5.0 (Windows; U; WinNT4.0; en-US; rv:0.9.2) Gecko/20010726 Netscape6/6.1"
205.176.141.182 - - [09/Sep/2021:14:54:42 +0000] "GET /advertise HTTP/1.1" 404 134 "-" "User-Agent: Mozilla/4.79 [en] (WinNT; U)"
239.12.96.101 - - [09/Sep/2021:14:54:42 +0000] "GET /advertisement HTTP/1.1" 404 134 "-" "User-Agent: Mozilla/5.0 (iPhone; U; CPU iPhone OS 2_2 like Mac OS X; en-us) AppleWebKit/525.18.1 (KHTML, like Gecko) Version/3.1.1 Mobile/5G77 Safari/525.20"
14.73.88.95 - - [09/Sep/2021:14:54:42 +0000] "GET /files/a5771bce93e200c36f7cd9dfd0e5deaa.zip HTTP/1.1" 200 0 "http://btvn.kid.cyberjutsu-lab.tech/" "Mozilla/5.0 (Windows NT 10.0; Win64; x64) AppleWebKit/537.36 (KHTML, like Gecko) Chrome/92.0.4515.159 Safari/537.36"
205.176.141.182 - - [09/Sep/2021:14:54:42 +0000] "GET /advertisers HTTP/1.1" 404 134 "-" "User-Agent: Mozilla/4.79 [en] (WinNT; U)"
205.176.141.182 - - [09/Sep/2021:14:54:42 +0000] "GET /advertising HTTP/1.1" 404 134 "-" "User-Agent: Mozilla/4.79 [en] (WinNT; U)"
14.73.88.95 - - [09/Sep/2021:14:54:42 +0000] "GET /files/d67d8ab4f4c10bf22aa353e27879133c.zip HTTP/1.1" 200 0 "http://btvn.kid.cyberjutsu-lab.tech/" "Mozilla/5.0 (Windows NT 10.0; Win64; x64) AppleWebKit/537.36 (KHTML, like Gecko) Chrome/92.0.4515.159 Safari/537.36"
8.29.74.216 - - [09/Sep/2021:14:54:42 +0000] "GET /adverts HTTP/1.1" 404 134 "-" "User-Agent: Mozilla/5.0 (Windows; U; Windows NT 5.1; en-US) AppleWebKit/525.19 (KHTML, like Gecko) Chrome/0.4.154.25 Safari/525.19"
8.29.74.216 - - [09/Sep/2021:14:54:42 +0000] "GET /advice HTTP/1.1" 404 134 "-" "User-Agent: Mozilla/5.0 (Windows; U; Windows NT 5.1; en-US) AppleWebKit/525.19 (KHTML, like Gecko) Chrome/0.4.154.25 Safari/525.19"
55.10.168.18 - - [09/Sep/2021:14:54:42 +0000] "GET /adview HTTP/1.1" 404 134 "-" "User-Agent: Mozilla/5.0 (Windows; U; Windows NT 5.1; en-US) AppleWebKit/525.19 (KHTML, like Gecko) Chrome/1.0.154.48 Safari/525.19"
14.73.88.95 - - [09/Sep/2021:14:54:42 +0000] "GET / HTTP/1.1" 200 761 "-" "Mozilla/5.0 (Windows NT 10.0; Win64; x64) AppleWebKit/537.36 (KHTML, like Gecko) Chrome/92.0.4515.159 Safari/537.36"
133.108.139.226 - - [09/Sep/2021:14:54:42 +0000] "GET /advisories HTTP/1.1" 404 134 "-" "User-Agent: Mozilla/4.0 (compatible; MSIE 7.0; Windows NT 5.1; (R1 1.6))"
84.255.200.120 - - [09/Sep/2021:14:54:42 +0000] "GET /af HTTP/1.1" 404 134 "-" "User-Agent: Mozilla/4.0 (compatible; MSIE 7.0; Windows NT 5.1; .NET CLR 1.1.4322; .NET CLR 2.0.50727; .NET CLR 3.0.04506.30; .NET CLR 3.0.04506.648; .NET CLR 3.5.21022)"
245.81.128.64 - - [09/Sep/2021:14:54:42 +0000] "GET /aff HTTP/1.1" 404 134 "-" "User-Agent: Mozilla/5.0 (PLAYSTATION 3; 1.00)"
209.21.218.113 - - [09/Sep/2021:14:54:42 +0000] "GET /affiche HTTP/1.1" 404 134 "-" "User-Agent: Mozilla/5.0 (Windows; U; WinNT4.0; en-US; rv:0.9.2) Gecko/20010726 Netscape6/6.1"
252.11.223.20 - - [09/Sep/2021:14:54:42 +0000] "GET /affiliate HTTP/1.1" 404 134 "-" "User-Agent: Mozilla/4.0 (compatible; MSIE 8.0; Windows NT 5.1; Trident/4.0; .NET CLR 2.0.50727; .NET CLR 3.0.4506.2152; .NET CLR 3.5.30729; .NET CLR 1.0.3705; .NET CLR 1.1.4322)"
239.12.96.101 - - [09/Sep/2021:14:54:42 +0000] "GET /affiliate_info HTTP/1.1" 404 134 "-" "User-Agent: Mozilla/5.0 (iPhone; U; CPU iPhone OS 2_2 like Mac OS X; en-us) AppleWebKit/525.18.1 (KHTML, like Gecko) Version/3.1.1 Mobile/5G77 Safari/525.20"
209.21.218.113 - - [09/Sep/2021:14:54:42 +0000] "GET /affiliate_terms HTTP/1.1" 404 134 "-" "User-Agent: Mozilla/5.0 (Windows; U; WinNT4.0; en-US; rv:0.9.2) Gecko/20010726 Netscape6/6.1"
245.81.128.64 - - [09/Sep/2021:14:54:42 +0000] "GET /affiliates HTTP/1.1" 404 134 "-" "User-Agent: Mozilla/5.0 (PLAYSTATION 3; 1.00)"
181.229.27.51 - - [09/Sep/2021:14:54:42 +0000] "GET /affiliatewiz HTTP/1.1" 404 134 "-" "User-Agent: Mozilla/2.0 (compatible; MSIE 3.02; Update a; Windows NT)"
8.61.75.32 - - [09/Sep/2021:14:54:42 +0000] "GET /africa HTTP/1.1" 404 134 "-" "User-Agent: Wget/1.8.2"
167.17.206.168 - - [09/Sep/2021:14:54:42 +0000] "GET /agb HTTP/1.1" 404 134 "-" "User-Agent: Mozilla/5.0 (Windows; U; Windows NT 5.1; en-GB; rv:1.8.1.1) Gecko/20061204 Firefox/2.0.0.1"
205.176.141.182 - - [09/Sep/2021:14:54:42 +0000] "GET /agency HTTP/1.1" 404 134 "-" "User-Agent: Mozilla/4.79 [en] (WinNT; U)"
209.21.218.113 - - [09/Sep/2021:14:54:42 +0000] "GET /agenda HTTP/1.1" 404 134 "-" "User-Agent: Mozilla/5.0 (Windows; U; WinNT4.0; en-US; rv:0.9.2) Gecko/20010726 Netscape6/6.1"
209.21.218.113 - - [09/Sep/2021:14:54:42 +0000] "GET /agent HTTP/1.1" 404 134 "-" "User-Agent: Mozilla/5.0 (Windows; U; WinNT4.0; en-US; rv:0.9.2) Gecko/20010726 Netscape6/6.1"
205.176.141.182 - - [09/Sep/2021:14:54:42 +0000] "GET /agents HTTP/1.1" 404 134 "-" "User-Agent: Mozilla/4.79 [en] (WinNT; U)"
205.176.141.182 - - [09/Sep/2021:14:54:42 +0000] "GET /aggregator HTTP/1.1" 404 134 "-" "User-Agent: Mozilla/4.79 [en] (WinNT; U)"
209.21.218.113 - - [09/Sep/2021:14:54:42 +0000] "GET /ajax HTTP/1.1" 404 134 "-" "User-Agent: Mozilla/5.0 (Windows; U; WinNT4.0; en-US; rv:0.9.2) Gecko/20010726 Netscape6/6.1"
154.76.37.160 - - [09/Sep/2021:14:54:42 +0000] "GET /ajax_cron HTTP/1.1" 404 134 "-" "User-Agent: Mozilla/4.0 (compatible; MSIE 4.01; Windows NT)"
14.73.88.95 - - [09/Sep/2021:14:54:42 +0000] "GET /favicon.ico HTTP/1.1" 404 197 "http://btvn.kid.cyberjutsu-lab.tech/" "Mozilla/5.0 (Windows NT 10.0; Win64; x64) AppleWebKit/537.36 (KHTML, like Gecko) Chrome/92.0.4515.159 Safari/537.36"
84.255.200.120 - - [09/Sep/2021:14:54:42 +0000] "GET /akamai HTTP/1.1" 404 134 "-" "User-Agent: Mozilla/4.0 (compatible; MSIE 7.0; Windows NT 5.1; .NET CLR 1.1.4322; .NET CLR 2.0.50727; .NET CLR 3.0.04506.30; .NET CLR 3.0.04506.648; .NET CLR 3.5.21022)"
8.61.75.32 - - [09/Sep/2021:14:54:42 +0000] "GET /akeeba.backend.log HTTP/1.1" 404 134 "-" "User-Agent: Wget/1.8.2"
245.81.128.64 - - [09/Sep/2021:14:54:42 +0000] "GET /alarm HTTP/1.1" 404 134 "-" "User-Agent: Mozilla/5.0 (PLAYSTATION 3; 1.00)"
130.113.110.23 - - [09/Sep/2021:14:54:42 +0000] "GET /alarms HTTP/1.1" 404 134 "-" "User-Agent: Mozilla/5.0 (SymbianOS/9.2; U; Series60/3.1 NokiaE90-1/210.34.75 Profile/MIDP-2.0 Configuration/CLDC-1.1 ) AppleWebKit/413 (KHTML, like Gecko) Safari/413"
205.176.141.182 - - [09/Sep/2021:14:54:42 +0000] "GET /album HTTP/1.1" 404 134 "-" "User-Agent: Mozilla/4.79 [en] (WinNT; U)"
8.29.74.216 - - [09/Sep/2021:14:54:42 +0000] "GET /albums HTTP/1.1" 404 134 "-" "User-Agent: Mozilla/5.0 (Windows; U; Windows NT 5.1; en-US) AppleWebKit/525.19 (KHTML, like Gecko) Chrome/0.4.154.25 Safari/525.19"
84.255.200.120 - - [09/Sep/2021:14:54:42 +0000] "GET /alcatel HTTP/1.1" 404 134 "-" "User-Agent: Mozilla/4.0 (compatible; MSIE 7.0; Windows NT 5.1; .NET CLR 1.1.4322; .NET CLR 2.0.50727; .NET CLR 3.0.04506.30; .NET CLR 3.0.04506.648; .NET CLR 3.5.21022)"
8.29.74.216 - - [09/Sep/2021:14:54:42 +0000] "GET /alert HTTP/1.1" 404 134 "-" "User-Agent: Mozilla/5.0 (Windows; U; Windows NT 5.1; en-US) AppleWebKit/525.19 (KHTML, like Gecko) Chrome/0.4.154.25 Safari/525.19"
239.12.96.101 - - [09/Sep/2021:14:54:42 +0000] "GET /alerts HTTP/1.1" 404 134 "-" "User-Agent: Mozilla/5.0 (iPhone; U; CPU iPhone OS 2_2 like Mac OS X; en-us) AppleWebKit/525.18.1 (KHTML, like Gecko) Version/3.1.1 Mobile/5G77 Safari/525.20"
186.234.217.13 - - [09/Sep/2021:14:54:42 +0000] "GET /alias HTTP/1.1" 404 134 "-" "User-Agent: Mozilla/5.0 (Windows; U; Windows NT 5.1; en-US) AppleWebKit/525.27.1 (KHTML, like Gecko) Version/3.2.1 Safari/525.27.1"
154.76.37.160 - - [09/Sep/2021:14:54:42 +0000] "GET /aliases HTTP/1.1" 404 134 "-" "User-Agent: Mozilla/4.0 (compatible; MSIE 4.01; Windows NT)"
154.76.37.160 - - [09/Sep/2021:14:54:42 +0000] "GET /all HTTP/1.1" 404 134 "-" "User-Agent: Mozilla/4.0 (compatible; MSIE 4.01; Windows NT)"
8.29.74.216 - - [09/Sep/2021:14:54:42 +0000] "GET /all-wcprops HTTP/1.1" 404 134 "-" "User-Agent: Mozilla/5.0 (Windows; U; Windows NT 5.1; en-US) AppleWebKit/525.19 (KHTML, like Gecko) Chrome/0.4.154.25 Safari/525.19"
159.28.175.103 - - [09/Sep/2021:14:54:42 +0000] "GET /alltime HTTP/1.1" 404 134 "-" "User-Agent: Opera/9.27 (Windows NT 5.1; U; en)"
205.176.141.182 - - [09/Sep/2021:14:54:42 +0000] "GET /alpha HTTP/1.1" 404 134 "-" "User-Agent: Mozilla/4.79 [en] (WinNT; U)"
58.112.203.144 - - [09/Sep/2021:14:54:42 +0000] "GET /alt HTTP/1.1" 404 134 "-" "User-Agent: Mozilla/5.0 (Windows; U; Windows NT 5.1; en-US; rv:1.8.1.19) Gecko/20081204 SeaMonkey/1.1.14"
181.229.27.51 - - [09/Sep/2021:14:54:42 +0000] "GET /alumni HTTP/1.1" 404 134 "-" "User-Agent: Mozilla/2.0 (compatible; MSIE 3.02; Update a; Windows NT)"
55.10.168.18 - - [09/Sep/2021:14:54:42 +0000] "GET /alumni_add HTTP/1.1" 404 134 "-" "User-Agent: Mozilla/5.0 (Windows; U; Windows NT 5.1; en-US) AppleWebKit/525.19 (KHTML, like Gecko) Chrome/1.0.154.48 Safari/525.19"
14.73.88.95 - - [09/Sep/2021:14:54:42 +0000] "GET /files/d645920e395fedad7bbbed0eca3fe2e0.zip HTTP/1.1" 200 0 "http://btvn.kid.cyberjutsu-lab.tech/" "Mozilla/5.0 (Windows NT 10.0; Win64; x64) AppleWebKit/537.36 (KHTML, like Gecko) Chrome/92.0.4515.159 Safari/537.36"
245.81.128.64 - - [09/Sep/2021:14:54:42 +0000] "GET /alumni_details HTTP/1.1" 404 134 "-" "User-Agent: Mozilla/5.0 (PLAYSTATION 3; 1.00)"
190.133.162.187 - - [09/Sep/2021:14:54:42 +0000] "GET /alumni_info HTTP/1.1" 404 134 "-" "User-Agent: Mozilla/5.0 (Windows; U; Windows NT 5.1; en-GB; rv:1.9.0.4) Gecko/2008102920 Firefox/3.0.4"
159.28.175.103 - - [09/Sep/2021:14:54:42 +0000] "GET /alumni_reunions HTTP/1.1" 404 134 "-" "User-Agent: Opera/9.27 (Windows NT 5.1; U; en)"
58.112.203.144 - - [09/Sep/2021:14:54:42 +0000] "GET /alumni_update HTTP/1.1" 404 134 "-" "User-Agent: Mozilla/5.0 (Windows; U; Windows NT 5.1; en-US; rv:1.8.1.19) Gecko/20081204 SeaMonkey/1.1.14"
209.21.218.113 - - [09/Sep/2021:14:54:42 +0000] "GET /am HTTP/1.1" 404 134 "-" "User-Agent: Mozilla/5.0 (Windows; U; WinNT4.0; en-US; rv:0.9.2) Gecko/20010726 Netscape6/6.1"
133.108.139.226 - - [09/Sep/2021:14:54:42 +0000] "GET /amanda HTTP/1.1" 404 134 "-" "User-Agent: Mozilla/4.0 (compatible; MSIE 7.0; Windows NT 5.1; (R1 1.6))"
190.133.162.187 - - [09/Sep/2021:14:54:42 +0000] "GET /amazon HTTP/1.1" 404 134 "-" "User-Agent: Mozilla/5.0 (Windows; U; Windows NT 5.1; en-GB; rv:1.9.0.4) Gecko/2008102920 Firefox/3.0.4"
133.108.139.226 - - [09/Sep/2021:14:54:42 +0000] "GET /amember HTTP/1.1" 404 134 "-" "User-Agent: Mozilla/4.0 (compatible; MSIE 7.0; Windows NT 5.1; (R1 1.6))"
205.176.141.182 - - [09/Sep/2021:14:54:42 +0000] "GET /analog HTTP/1.1" 404 134 "-" "User-Agent: Mozilla/4.79 [en] (WinNT; U)"
181.229.27.51 - - [09/Sep/2021:14:54:42 +0000] "GET /analog.html HTTP/1.1" 404 134 "-" "User-Agent: Mozilla/2.0 (compatible; MSIE 3.02; Update a; Windows NT)"
154.76.37.160 - - [09/Sep/2021:14:54:42 +0000] "GET /analyse HTTP/1.1" 404 134 "-" "User-Agent: Mozilla/4.0 (compatible; MSIE 4.01; Windows NT)"
181.229.27.51 - - [09/Sep/2021:14:54:42 +0000] "GET /analysis HTTP/1.1" 404 134 "-" "User-Agent: Mozilla/2.0 (compatible; MSIE 3.02; Update a; Windows NT)"
186.234.217.13 - - [09/Sep/2021:14:54:42 +0000] "GET /analytics HTTP/1.1" 404 134 "-" "User-Agent: Mozilla/5.0 (Windows; U; Windows NT 5.1; en-US) AppleWebKit/525.27.1 (KHTML, like Gecko) Version/3.2.1 Safari/525.27.1"
209.21.218.113 - - [09/Sep/2021:14:54:42 +0000] "GET /and HTTP/1.1" 404 134 "-" "User-Agent: Mozilla/5.0 (Windows; U; WinNT4.0; en-US; rv:0.9.2) Gecko/20010726 Netscape6/6.1"
14.73.88.95 - - [09/Sep/2021:14:54:42 +0000] "GET /files/3416a75f4cea9109507cacd8e2f2aefc.zip HTTP/1.1" 200 0 "http://btvn.kid.cyberjutsu-lab.tech/" "Mozilla/5.0 (Windows NT 10.0; Win64; x64) AppleWebKit/537.36 (KHTML, like Gecko) Chrome/92.0.4515.159 Safari/537.36"
186.234.217.13 - - [09/Sep/2021:14:54:42 +0000] "GET /android HTTP/1.1" 404 134 "-" "User-Agent: Mozilla/5.0 (Windows; U; Windows NT 5.1; en-US) AppleWebKit/525.27.1 (KHTML, like Gecko) Version/3.2.1 Safari/525.27.1"
239.12.96.101 - - [09/Sep/2021:14:54:42 +0000] "GET /android/config HTTP/1.1" 404 134 "-" "User-Agent: Mozilla/5.0 (iPhone; U; CPU iPhone OS 2_2 like Mac OS X; en-us) AppleWebKit/525.18.1 (KHTML, like Gecko) Version/3.1.1 Mobile/5G77 Safari/525.20"
7.90.30.132 - - [09/Sep/2021:14:54:42 +0000] "GET /announce HTTP/1.1" 404 134 "-" "User-Agent: Mozilla/4.0 (compatible; MSIE 5.5; Windows NT 4.0)"
205.176.141.182 - - [09/Sep/2021:14:54:42 +0000] "GET /announcement HTTP/1.1" 404 134 "-" "User-Agent: Mozilla/4.79 [en] (WinNT; U)"
7.90.30.132 - - [09/Sep/2021:14:54:42 +0000] "GET /announcements HTTP/1.1" 404 134 "-" "User-Agent: Mozilla/4.0 (compatible; MSIE 5.5; Windows NT 4.0)"
133.108.139.226 - - [09/Sep/2021:14:54:42 +0000] "GET /annuaire HTTP/1.1" 404 134 "-" "User-Agent: Mozilla/4.0 (compatible; MSIE 7.0; Windows NT 5.1; (R1 1.6))"
252.11.223.20 - - [09/Sep/2021:14:54:42 +0000] "GET /annual HTTP/1.1" 404 134 "-" "User-Agent: Mozilla/4.0 (compatible; MSIE 8.0; Windows NT 5.1; Trident/4.0; .NET CLR 2.0.50727; .NET CLR 3.0.4506.2152; .NET CLR 3.5.30729; .NET CLR 1.0.3705; .NET CLR 1.1.4322)"
239.12.96.101 - - [09/Sep/2021:14:54:42 +0000] "GET /anon HTTP/1.1" 404 134 "-" "User-Agent: Mozilla/5.0 (iPhone; U; CPU iPhone OS 2_2 like Mac OS X; en-us) AppleWebKit/525.18.1 (KHTML, like Gecko) Version/3.1.1 Mobile/5G77 Safari/525.20"
205.176.141.182 - - [09/Sep/2021:14:54:42 +0000] "GET /anon_ftp HTTP/1.1" 404 134 "-" "User-Agent: Mozilla/4.79 [en] (WinNT; U)"
239.12.96.101 - - [09/Sep/2021:14:54:42 +0000] "GET /anonymous HTTP/1.1" 404 134 "-" "User-Agent: Mozilla/5.0 (iPhone; U; CPU iPhone OS 2_2 like Mac OS X; en-us) AppleWebKit/525.18.1 (KHTML, like Gecko) Version/3.1.1 Mobile/5G77 Safari/525.20"
58.112.203.144 - - [09/Sep/2021:14:54:42 +0000] "GET /ansi HTTP/1.1" 404 134 "-" "User-Agent: Mozilla/5.0 (Windows; U; Windows NT 5.1; en-US; rv:1.8.1.19) Gecko/20081204 SeaMonkey/1.1.14"
159.28.175.103 - - [09/Sep/2021:14:54:42 +0000] "GET /answer HTTP/1.1" 404 134 "-" "User-Agent: Opera/9.27 (Windows NT 5.1; U; en)"
7.90.30.132 - - [09/Sep/2021:14:54:42 +0000] "GET /answers HTTP/1.1" 404 134 "-" "User-Agent: Mozilla/4.0 (compatible; MSIE 5.5; Windows NT 4.0)"
84.255.200.120 - - [09/Sep/2021:14:54:42 +0000] "GET /antibot_image HTTP/1.1" 404 134 "-" "User-Agent: Mozilla/4.0 (compatible; MSIE 7.0; Windows NT 5.1; .NET CLR 1.1.4322; .NET CLR 2.0.50727; .NET CLR 3.0.04506.30; .NET CLR 3.0.04506.648; .NET CLR 3.5.21022)"
209.21.218.113 - - [09/Sep/2021:14:54:42 +0000] "GET /antispam HTTP/1.1" 404 134 "-" "User-Agent: Mozilla/5.0 (Windows; U; WinNT4.0; en-US; rv:0.9.2) Gecko/20010726 Netscape6/6.1"
205.176.141.182 - - [09/Sep/2021:14:54:42 +0000] "GET /antivirus HTTP/1.1" 404 134 "-" "User-Agent: Mozilla/4.79 [en] (WinNT; U)"
133.108.139.226 - - [09/Sep/2021:14:54:42 +0000] "GET /anuncios HTTP/1.1" 404 134 "-" "User-Agent: Mozilla/4.0 (compatible; MSIE 7.0; Windows NT 5.1; (R1 1.6))"
130.113.110.23 - - [09/Sep/2021:14:54:42 +0000] "GET /any HTTP/1.1" 404 134 "-" "User-Agent: Mozilla/5.0 (SymbianOS/9.2; U; Series60/3.1 NokiaE90-1/210.34.75 Profile/MIDP-2.0 Configuration/CLDC-1.1 ) AppleWebKit/413 (KHTML, like Gecko) Safari/413"
154.76.37.160 - - [09/Sep/2021:14:54:42 +0000] "GET /aol HTTP/1.1" 404 134 "-" "User-Agent: Mozilla/4.0 (compatible; MSIE 4.01; Windows NT)"
14.73.88.95 - - [09/Sep/2021:14:54:42 +0000] "GET /files/a1d0c6e83f027327d8461063f4ac58a6.zip HTTP/1.1" 200 0 "http://btvn.kid.cyberjutsu-lab.tech/" "Mozilla/5.0 (Windows NT 10.0; Win64; x64) AppleWebKit/537.36 (KHTML, like Gecko) Chrome/92.0.4515.159 Safari/537.36"
181.229.27.51 - - [09/Sep/2021:14:54:42 +0000] "GET /ap HTTP/1.1" 404 134 "-" "User-Agent: Mozilla/2.0 (compatible; MSIE 3.02; Update a; Windows NT)"
159.28.175.103 - - [09/Sep/2021:14:54:42 +0000] "GET /apac HTTP/1.1" 404 134 "-" "User-Agent: Opera/9.27 (Windows NT 5.1; U; en)"
58.112.203.144 - - [09/Sep/2021:14:54:42 +0000] "GET /apache HTTP/1.1" 404 134 "-" "User-Agent: Mozilla/5.0 (Windows; U; Windows NT 5.1; en-US; rv:1.8.1.19) Gecko/20081204 SeaMonkey/1.1.14"
209.21.218.113 - - [09/Sep/2021:14:54:42 +0000] "GET /apanel HTTP/1.1" 404 134 "-" "User-Agent: Mozilla/5.0 (Windows; U; WinNT4.0; en-US; rv:0.9.2) Gecko/20010726 Netscape6/6.1"
84.255.200.120 - - [09/Sep/2021:14:54:42 +0000] "GET /apc HTTP/1.1" 404 134 "-" "User-Agent: Mozilla/4.0 (compatible; MSIE 7.0; Windows NT 5.1; .NET CLR 1.1.4322; .NET CLR 2.0.50727; .NET CLR 3.0.04506.30; .NET CLR 3.0.04506.648; .NET CLR 3.5.21022)"
190.133.162.187 - - [09/Sep/2021:14:54:42 +0000] "GET /apexec HTTP/1.1" 404 134 "-" "User-Agent: Mozilla/5.0 (Windows; U; Windows NT 5.1; en-GB; rv:1.9.0.4) Gecko/2008102920 Firefox/3.0.4"
181.229.27.51 - - [09/Sep/2021:14:54:42 +0000] "GET /api HTTP/1.1" 404 134 "-" "User-Agent: Mozilla/2.0 (compatible; MSIE 3.02; Update a; Windows NT)"
58.112.203.144 - - [09/Sep/2021:14:54:42 +0000] "GET /api/experiments HTTP/1.1" 404 134 "-" "User-Agent: Mozilla/5.0 (Windows; U; Windows NT 5.1; en-US; rv:1.8.1.19) Gecko/20081204 SeaMonkey/1.1.14"
181.229.27.51 - - [09/Sep/2021:14:54:42 +0000] "GET /api/experiments/configurations HTTP/1.1" 404 134 "-" "User-Agent: Mozilla/2.0 (compatible; MSIE 3.02; Update a; Windows NT)"
14.73.88.95 - - [09/Sep/2021:14:54:42 +0000] "GET /files/17e62166fc8586dfa4d1bc0e1742c08b.zip HTTP/1.1" 200 0 "http://btvn.kid.cyberjutsu-lab.tech/" "Mozilla/5.0 (Windows NT 10.0; Win64; x64) AppleWebKit/537.36 (KHTML, like Gecko) Chrome/92.0.4515.159 Safari/537.36"
190.133.162.187 - - [09/Sep/2021:14:54:42 +0000] "GET /apis HTTP/1.1" 404 134 "-" "User-Agent: Mozilla/5.0 (Windows; U; Windows NT 5.1; en-GB; rv:1.9.0.4) Gecko/2008102920 Firefox/3.0.4"
14.73.88.95 - - [09/Sep/2021:14:54:42 +0000] "GET /files/f7177163c833dff4b38fc8d2872f1ec6.zip HTTP/1.1" 200 0 "http://btvn.kid.cyberjutsu-lab.tech/" "Mozilla/5.0 (Windows NT 10.0; Win64; x64) AppleWebKit/537.36 (KHTML, like Gecko) Chrome/92.0.4515.159 Safari/537.36"
159.28.175.103 - - [09/Sep/2021:14:54:42 +0000] "GET /apl HTTP/1.1" 404 134 "-" "User-Agent: Opera/9.27 (Windows NT 5.1; U; en)"
159.28.175.103 - - [09/Sep/2021:14:54:42 +0000] "GET /apm HTTP/1.1" 404 134 "-" "User-Agent: Opera/9.27 (Windows NT 5.1; U; en)"
252.11.223.20 - - [09/Sep/2021:14:54:42 +0000] "GET /app HTTP/1.1" 404 134 "-" "User-Agent: Mozilla/4.0 (compatible; MSIE 8.0; Windows NT 5.1; Trident/4.0; .NET CLR 2.0.50727; .NET CLR 3.0.4506.2152; .NET CLR 3.5.30729; .NET CLR 1.0.3705; .NET CLR 1.1.4322)"
159.28.175.103 - - [09/Sep/2021:14:54:42 +0000] "GET /app_browser HTTP/1.1" 404 134 "-" "User-Agent: Opera/9.27 (Windows NT 5.1; U; en)"
205.176.141.182 - - [09/Sep/2021:14:54:42 +0000] "GET /app_browsers HTTP/1.1" 404 134 "-" "User-Agent: Mozilla/4.79 [en] (WinNT; U)"
55.10.168.18 - - [09/Sep/2021:14:54:42 +0000] "GET /app_code HTTP/1.1" 404 134 "-" "User-Agent: Mozilla/5.0 (Windows; U; Windows NT 5.1; en-US) AppleWebKit/525.19 (KHTML, like Gecko) Chrome/1.0.154.48 Safari/525.19"
159.28.175.103 - - [09/Sep/2021:14:54:42 +0000] "GET /app_data HTTP/1.1" 404 134 "-" "User-Agent: Opera/9.27 (Windows NT 5.1; U; en)"
14.73.88.95 - - [09/Sep/2021:14:54:42 +0000] "GET /files/6c8349cc7260ae62e3b1396831a8398f.zip HTTP/1.1" 200 0 "http://btvn.kid.cyberjutsu-lab.tech/" "Mozilla/5.0 (Windows NT 10.0; Win64; x64) AppleWebKit/537.36 (KHTML, like Gecko) Chrome/92.0.4515.159 Safari/537.36"
133.108.139.226 - - [09/Sep/2021:14:54:42 +0000] "GET /app_themes HTTP/1.1" 404 134 "-" "User-Agent: Mozilla/4.0 (compatible; MSIE 7.0; Windows NT 5.1; (R1 1.6))"
14.73.88.95 - - [09/Sep/2021:14:54:42 +0000] "GET /files/d9d4f495e875a2e075a1a4a6e1b9770f.zip HTTP/1.1" 200 0 "http://btvn.kid.cyberjutsu-lab.tech/" "Mozilla/5.0 (Windows NT 10.0; Win64; x64) AppleWebKit/537.36 (KHTML, like Gecko) Chrome/92.0.4515.159 Safari/537.36"
130.113.110.23 - - [09/Sep/2021:14:54:42 +0000] "GET /appeal HTTP/1.1" 404 134 "-" "User-Agent: Mozilla/5.0 (SymbianOS/9.2; U; Series60/3.1 NokiaE90-1/210.34.75 Profile/MIDP-2.0 Configuration/CLDC-1.1 ) AppleWebKit/413 (KHTML, like Gecko) Safari/413"
239.12.96.101 - - [09/Sep/2021:14:54:42 +0000] "GET /appeals HTTP/1.1" 404 134 "-" "User-Agent: Mozilla/5.0 (iPhone; U; CPU iPhone OS 2_2 like Mac OS X; en-us) AppleWebKit/525.18.1 (KHTML, like Gecko) Version/3.1.1 Mobile/5G77 Safari/525.20"
7.90.30.132 - - [09/Sep/2021:14:54:42 +0000] "GET /append HTTP/1.1" 404 134 "-" "User-Agent: Mozilla/4.0 (compatible; MSIE 5.5; Windows NT 4.0)"
209.21.218.113 - - [09/Sep/2021:14:54:42 +0000] "GET /appl HTTP/1.1" 404 134 "-" "User-Agent: Mozilla/5.0 (Windows; U; WinNT4.0; en-US; rv:0.9.2) Gecko/20010726 Netscape6/6.1"
159.28.175.103 - - [09/Sep/2021:14:54:43 +0000] "GET /apple HTTP/1.1" 404 134 "-" "User-Agent: Opera/9.27 (Windows NT 5.1; U; en)"
55.10.168.18 - - [09/Sep/2021:14:54:43 +0000] "GET /apple-app-site-association HTTP/1.1" 404 134 "-" "User-Agent: Mozilla/5.0 (Windows; U; Windows NT 5.1; en-US) AppleWebKit/525.19 (KHTML, like Gecko) Chrome/1.0.154.48 Safari/525.19"
58.112.203.144 - - [09/Sep/2021:14:54:43 +0000] "GET /applet HTTP/1.1" 404 134 "-" "User-Agent: Mozilla/5.0 (Windows; U; Windows NT 5.1; en-US; rv:1.8.1.19) Gecko/20081204 SeaMonkey/1.1.14"
167.17.206.168 - - [09/Sep/2021:14:54:43 +0000] "GET /applets HTTP/1.1" 404 134 "-" "User-Agent: Mozilla/5.0 (Windows; U; Windows NT 5.1; en-GB; rv:1.8.1.1) Gecko/20061204 Firefox/2.0.0.1"
159.28.175.103 - - [09/Sep/2021:14:54:43 +0000] "GET /appliance HTTP/1.1" 404 134 "-" "User-Agent: Opera/9.27 (Windows NT 5.1; U; en)"
181.229.27.51 - - [09/Sep/2021:14:54:43 +0000] "GET /appliation HTTP/1.1" 404 134 "-" "User-Agent: Mozilla/2.0 (compatible; MSIE 3.02; Update a; Windows NT)"
130.113.110.23 - - [09/Sep/2021:14:54:43 +0000] "GET /application HTTP/1.1" 404 134 "-" "User-Agent: Mozilla/5.0 (SymbianOS/9.2; U; Series60/3.1 NokiaE90-1/210.34.75 Profile/MIDP-2.0 Configuration/CLDC-1.1 ) AppleWebKit/413 (KHTML, like Gecko) Safari/413"
239.12.96.101 - - [09/Sep/2021:14:54:43 +0000] "GET /application.wadl HTTP/1.1" 404 134 "-" "User-Agent: Mozilla/5.0 (iPhone; U; CPU iPhone OS 2_2 like Mac OS X; en-us) AppleWebKit/525.18.1 (KHTML, like Gecko) Version/3.1.1 Mobile/5G77 Safari/525.20"
239.12.96.101 - - [09/Sep/2021:14:54:43 +0000] "GET /applications HTTP/1.1" 404 134 "-" "User-Agent: Mozilla/5.0 (iPhone; U; CPU iPhone OS 2_2 like Mac OS X; en-us) AppleWebKit/525.18.1 (KHTML, like Gecko) Version/3.1.1 Mobile/5G77 Safari/525.20"
14.73.88.95 - - [09/Sep/2021:14:54:43 +0000] "GET /files/67c6a1e7ce56d3d6fa748ab6d9af3fd7.zip HTTP/1.1" 200 0 "http://btvn.kid.cyberjutsu-lab.tech/" "Mozilla/5.0 (Windows NT 10.0; Win64; x64) AppleWebKit/537.36 (KHTML, like Gecko) Chrome/92.0.4515.159 Safari/537.36"
8.61.75.32 - - [09/Sep/2021:14:54:43 +0000] "GET /apply HTTP/1.1" 404 134 "-" "User-Agent: Wget/1.8.2"
154.76.37.160 - - [09/Sep/2021:14:54:43 +0000] "GET /apps HTTP/1.1" 404 134 "-" "User-Agent: Mozilla/4.0 (compatible; MSIE 4.01; Windows NT)"
47.119.73.149 - - [09/Sep/2021:14:54:43 +0000] "GET /apr HTTP/1.1" 404 134 "-" "User-Agent: Mozilla/5.0 (Linux; U; Android 1.5; en-gb; HTC Magic Build/CRB17) AppleWebKit/528.5+ (KHTML, like Gecko) Version/3.1.2 Mobile Safari/525.20.1"
181.229.27.51 - - [09/Sep/2021:14:54:43 +0000] "GET /ar HTTP/1.1" 404 134 "-" "User-Agent: Mozilla/2.0 (compatible; MSIE 3.02; Update a; Windows NT)"
154.76.37.160 - - [09/Sep/2021:14:54:43 +0000] "GET /arbeit HTTP/1.1" 404 134 "-" "User-Agent: Mozilla/4.0 (compatible; MSIE 4.01; Windows NT)"
58.112.203.144 - - [09/Sep/2021:14:54:43 +0000] "GET /arcade HTTP/1.1" 404 134 "-" "User-Agent: Mozilla/5.0 (Windows; U; Windows NT 5.1; en-US; rv:1.8.1.19) Gecko/20081204 SeaMonkey/1.1.14"
47.119.73.149 - - [09/Sep/2021:14:54:43 +0000] "GET /arch HTTP/1.1" 404 134 "-" "User-Agent: Mozilla/5.0 (Linux; U; Android 1.5; en-gb; HTC Magic Build/CRB17) AppleWebKit/528.5+ (KHTML, like Gecko) Version/3.1.2 Mobile Safari/525.20.1"
205.176.141.182 - - [09/Sep/2021:14:54:43 +0000] "GET /architect HTTP/1.1" 404 134 "-" "User-Agent: Mozilla/4.79 [en] (WinNT; U)"
239.12.96.101 - - [09/Sep/2021:14:54:43 +0000] "GET /architecture HTTP/1.1" 404 134 "-" "User-Agent: Mozilla/5.0 (iPhone; U; CPU iPhone OS 2_2 like Mac OS X; en-us) AppleWebKit/525.18.1 (KHTML, like Gecko) Version/3.1.1 Mobile/5G77 Safari/525.20"
55.10.168.18 - - [09/Sep/2021:14:54:43 +0000] "GET /archiv HTTP/1.1" 404 134 "-" "User-Agent: Mozilla/5.0 (Windows; U; Windows NT 5.1; en-US) AppleWebKit/525.19 (KHTML, like Gecko) Chrome/1.0.154.48 Safari/525.19"
245.81.128.64 - - [09/Sep/2021:14:54:43 +0000] "GET /archive HTTP/1.1" 404 134 "-" "User-Agent: Mozilla/5.0 (PLAYSTATION 3; 1.00)"
58.112.203.144 - - [09/Sep/2021:14:54:43 +0000] "GET /archives HTTP/1.1" 404 134 "-" "User-Agent: Mozilla/5.0 (Windows; U; Windows NT 5.1; en-US; rv:1.8.1.19) Gecko/20081204 SeaMonkey/1.1.14"
8.29.74.216 - - [09/Sep/2021:14:54:43 +0000] "GET /archivos HTTP/1.1" 404 134 "-" "User-Agent: Mozilla/5.0 (Windows; U; Windows NT 5.1; en-US) AppleWebKit/525.19 (KHTML, like Gecko) Chrome/0.4.154.25 Safari/525.19"
252.11.223.20 - - [09/Sep/2021:14:54:43 +0000] "GET /arquivos HTTP/1.1" 404 134 "-" "User-Agent: Mozilla/4.0 (compatible; MSIE 8.0; Windows NT 5.1; Trident/4.0; .NET CLR 2.0.50727; .NET CLR 3.0.4506.2152; .NET CLR 3.5.30729; .NET CLR 1.0.3705; .NET CLR 1.1.4322)"
8.29.74.216 - - [09/Sep/2021:14:54:43 +0000] "GET /array HTTP/1.1" 404 134 "-" "User-Agent: Mozilla/5.0 (Windows; U; Windows NT 5.1; en-US) AppleWebKit/525.19 (KHTML, like Gecko) Chrome/0.4.154.25 Safari/525.19"
14.73.88.95 - - [09/Sep/2021:14:54:43 +0000] "GET /files/642e92efb79421734881b53e1e1b18b6.zip HTTP/1.1" 200 0 "http://btvn.kid.cyberjutsu-lab.tech/" "Mozilla/5.0 (Windows NT 10.0; Win64; x64) AppleWebKit/537.36 (KHTML, like Gecko) Chrome/92.0.4515.159 Safari/537.36"
55.10.168.18 - - [09/Sep/2021:14:54:43 +0000] "GET /arrow HTTP/1.1" 404 134 "-" "User-Agent: Mozilla/5.0 (Windows; U; Windows NT 5.1; en-US) AppleWebKit/525.19 (KHTML, like Gecko) Chrome/1.0.154.48 Safari/525.19"
245.81.128.64 - - [09/Sep/2021:14:54:43 +0000] "GET /ars HTTP/1.1" 404 134 "-" "User-Agent: Mozilla/5.0 (PLAYSTATION 3; 1.00)"
205.176.141.182 - - [09/Sep/2021:14:54:43 +0000] "GET /art HTTP/1.1" 404 134 "-" "User-Agent: Mozilla/4.79 [en] (WinNT; U)"
209.21.218.113 - - [09/Sep/2021:14:54:43 +0000] "GET /article HTTP/1.1" 404 134 "-" "User-Agent: Mozilla/5.0 (Windows; U; WinNT4.0; en-US; rv:0.9.2) Gecko/20010726 Netscape6/6.1"
55.10.168.18 - - [09/Sep/2021:14:54:43 +0000] "GET /articles HTTP/1.1" 404 134 "-" "User-Agent: Mozilla/5.0 (Windows; U; Windows NT 5.1; en-US) AppleWebKit/525.19 (KHTML, like Gecko) Chrome/1.0.154.48 Safari/525.19"
190.133.162.187 - - [09/Sep/2021:14:54:43 +0000] "GET /artikel HTTP/1.1" 404 134 "-" "User-Agent: Mozilla/5.0 (Windows; U; Windows NT 5.1; en-GB; rv:1.9.0.4) Gecko/2008102920 Firefox/3.0.4"
252.11.223.20 - - [09/Sep/2021:14:54:43 +0000] "GET /artists HTTP/1.1" 404 134 "-" "User-Agent: Mozilla/4.0 (compatible; MSIE 8.0; Windows NT 5.1; Trident/4.0; .NET CLR 2.0.50727; .NET CLR 3.0.4506.2152; .NET CLR 3.5.30729; .NET CLR 1.0.3705; .NET CLR 1.1.4322)"
7.90.30.132 - - [09/Sep/2021:14:54:43 +0000] "GET /arts HTTP/1.1" 404 134 "-" "User-Agent: Mozilla/4.0 (compatible; MSIE 5.5; Windows NT 4.0)"
159.28.175.103 - - [09/Sep/2021:14:54:43 +0000] "GET /artwork HTTP/1.1" 404 134 "-" "User-Agent: Opera/9.27 (Windows NT 5.1; U; en)"
84.255.200.120 - - [09/Sep/2021:14:54:43 +0000] "GET /as HTTP/1.1" 404 134 "-" "User-Agent: Mozilla/4.0 (compatible; MSIE 7.0; Windows NT 5.1; .NET CLR 1.1.4322; .NET CLR 2.0.50727; .NET CLR 3.0.04506.30; .NET CLR 3.0.04506.648; .NET CLR 3.5.21022)"
8.61.75.32 - - [09/Sep/2021:14:54:43 +0000] "GET /ascii HTTP/1.1" 404 134 "-" "User-Agent: Wget/1.8.2"
58.112.203.144 - - [09/Sep/2021:14:54:43 +0000] "GET /asdf HTTP/1.1" 404 134 "-" "User-Agent: Mozilla/5.0 (Windows; U; Windows NT 5.1; en-US; rv:1.8.1.19) Gecko/20081204 SeaMonkey/1.1.14"
239.12.96.101 - - [09/Sep/2021:14:54:43 +0000] "GET /ashley HTTP/1.1" 404 134 "-" "User-Agent: Mozilla/5.0 (iPhone; U; CPU iPhone OS 2_2 like Mac OS X; en-us) AppleWebKit/525.18.1 (KHTML, like Gecko) Version/3.1.1 Mobile/5G77 Safari/525.20"
84.255.200.120 - - [09/Sep/2021:14:54:43 +0000] "GET /asia HTTP/1.1" 404 134 "-" "User-Agent: Mozilla/4.0 (compatible; MSIE 7.0; Windows NT 5.1; .NET CLR 1.1.4322; .NET CLR 2.0.50727; .NET CLR 3.0.04506.30; .NET CLR 3.0.04506.648; .NET CLR 3.5.21022)"
84.255.200.120 - - [09/Sep/2021:14:54:43 +0000] "GET /ask HTTP/1.1" 404 134 "-" "User-Agent: Mozilla/4.0 (compatible; MSIE 7.0; Windows NT 5.1; .NET CLR 1.1.4322; .NET CLR 2.0.50727; .NET CLR 3.0.04506.30; .NET CLR 3.0.04506.648; .NET CLR 3.5.21022)"
209.21.218.113 - - [09/Sep/2021:14:54:43 +0000] "GET /ask_a_question HTTP/1.1" 404 134 "-" "User-Agent: Mozilla/5.0 (Windows; U; WinNT4.0; en-US; rv:0.9.2) Gecko/20010726 Netscape6/6.1"
58.112.203.144 - - [09/Sep/2021:14:54:43 +0000] "GET /askapache HTTP/1.1" 404 134 "-" "User-Agent: Mozilla/5.0 (Windows; U; Windows NT 5.1; en-US; rv:1.8.1.19) Gecko/20081204 SeaMonkey/1.1.14"
14.73.88.95 - - [09/Sep/2021:14:54:43 +0000] "GET /files/f457c545a9ded88f18ecee47145a72c0.zip HTTP/1.1" 200 0 "http://btvn.kid.cyberjutsu-lab.tech/" "Mozilla/5.0 (Windows NT 10.0; Win64; x64) AppleWebKit/537.36 (KHTML, like Gecko) Chrome/92.0.4515.159 Safari/537.36"
7.90.30.132 - - [09/Sep/2021:14:54:43 +0000] "GET /asmx HTTP/1.1" 404 134 "-" "User-Agent: Mozilla/4.0 (compatible; MSIE 5.5; Windows NT 4.0)"
252.11.223.20 - - [09/Sep/2021:14:54:43 +0000] "GET /asp HTTP/1.1" 404 134 "-" "User-Agent: Mozilla/4.0 (compatible; MSIE 8.0; Windows NT 5.1; Trident/4.0; .NET CLR 2.0.50727; .NET CLR 3.0.4506.2152; .NET CLR 3.5.30729; .NET CLR 1.0.3705; .NET CLR 1.1.4322)"
47.119.73.149 - - [09/Sep/2021:14:54:43 +0000] "GET /aspadmin HTTP/1.1" 404 134 "-" "User-Agent: Mozilla/5.0 (Linux; U; Android 1.5; en-gb; HTC Magic Build/CRB17) AppleWebKit/528.5+ (KHTML, like Gecko) Version/3.1.2 Mobile Safari/525.20.1"
154.76.37.160 - - [09/Sep/2021:14:54:43 +0000] "GET /aspdnsfcommon HTTP/1.1" 404 134 "-" "User-Agent: Mozilla/4.0 (compatible; MSIE 4.01; Windows NT)"
190.133.162.187 - - [09/Sep/2021:14:54:43 +0000] "GET /aspdnsfencrypt HTTP/1.1" 404 134 "-" "User-Agent: Mozilla/5.0 (Windows; U; Windows NT 5.1; en-GB; rv:1.9.0.4) Gecko/2008102920 Firefox/3.0.4"
239.12.96.101 - - [09/Sep/2021:14:54:43 +0000] "GET /aspdnsfgateways HTTP/1.1" 404 134 "-" "User-Agent: Mozilla/5.0 (iPhone; U; CPU iPhone OS 2_2 like Mac OS X; en-us) AppleWebKit/525.18.1 (KHTML, like Gecko) Version/3.1.1 Mobile/5G77 Safari/525.20"
84.255.200.120 - - [09/Sep/2021:14:54:43 +0000] "GET /aspdnsfpatterns HTTP/1.1" 404 134 "-" "User-Agent: Mozilla/4.0 (compatible; MSIE 7.0; Windows NT 5.1; .NET CLR 1.1.4322; .NET CLR 2.0.50727; .NET CLR 3.0.04506.30; .NET CLR 3.0.04506.648; .NET CLR 3.5.21022)"
133.108.139.226 - - [09/Sep/2021:14:54:43 +0000] "GET /aspnet_client HTTP/1.1" 404 134 "-" "User-Agent: Mozilla/4.0 (compatible; MSIE 7.0; Windows NT 5.1; (R1 1.6))"
205.176.141.182 - - [09/Sep/2021:14:54:43 +0000] "GET /asps HTTP/1.1" 404 134 "-" "User-Agent: Mozilla/4.79 [en] (WinNT; U)"
14.73.88.95 - - [09/Sep/2021:14:54:43 +0000] "GET /files/c0c7c76d30bd3dcaefc96f40275bdc0a.zip HTTP/1.1" 200 0 "http://btvn.kid.cyberjutsu-lab.tech/" "Mozilla/5.0 (Windows NT 10.0; Win64; x64) AppleWebKit/537.36 (KHTML, like Gecko) Chrome/92.0.4515.159 Safari/537.36"
